Archive member included to satisfy reference by file (symbol)

D:\FPGA\SC_Module\lib\release\libLitronucLicense.a(license_interface.o)
                              ./src/channel/channel_engine.o (LitronucLicInfo::LitronucLicInfo())
D:\FPGA\SC_Module\lib\release\libLitronucLicense.a(litronuc_des.o)
                              D:\FPGA\SC_Module\lib\release\libLitronucLicense.a(license_interface.o) (LitronucDES::~LitronucDES())
c:\ide\xilinx\sdk\2019.1\gnu\aarch32\nt\gcc-arm-linux-gnueabi\bin\../arm-linux-gnueabihf/libc/usr/lib/libc_nonshared.a(elf-init.oS)
                              c:/ide/xilinx/sdk/2019.1/gnu/aarch32/nt/gcc-arm-linux-gnueabi/bin/../arm-linux-gnueabihf/libc/usr/lib/crt1.o (__libc_csu_init)

Discarded input sections

 .note.GNU-stack
                0x0000000000000000        0x0 c:/ide/xilinx/sdk/2019.1/gnu/aarch32/nt/gcc-arm-linux-gnueabi/bin/../arm-linux-gnueabihf/libc/usr/lib/crt1.o
 .note.GNU-stack
                0x0000000000000000        0x0 c:/ide/xilinx/sdk/2019.1/gnu/aarch32/nt/gcc-arm-linux-gnueabi/bin/../arm-linux-gnueabihf/libc/usr/lib/crti.o
 .note.GNU-stack
                0x0000000000000000        0x0 c:/ide/xilinx/sdk/2019.1/gnu/aarch32/nt/gcc-arm-linux-gnueabi/bin/../lib/gcc/arm-linux-gnueabihf/8.2.0/crtbegin.o
 .note.GNU-stack
                0x0000000000000000        0x0 ./src/tool_compensate/tool_comp_data.o
 .group         0x0000000000000000       0x2c ./src/tool_compensate/tool_compensate.o
 .group         0x0000000000000000        0x8 ./src/tool_compensate/tool_compensate.o
 .group         0x0000000000000000        0xc ./src/tool_compensate/tool_compensate.o
 .group         0x0000000000000000        0xc ./src/tool_compensate/tool_compensate.o
 .note.GNU-stack
                0x0000000000000000        0x0 ./src/tool_compensate/tool_compensate.o
 .note.GNU-stack
                0x0000000000000000        0x0 ./src/pmc/pmc_axis_ctrl.o
 .note.GNU-stack
                0x0000000000000000        0x0 ./src/pmc/pmc_register.o
 .group         0x0000000000000000       0x2c ./src/parameter/parm_manager.o
 .group         0x0000000000000000       0x2c ./src/parameter/parm_manager.o
 .group         0x0000000000000000       0x2c ./src/parameter/parm_manager.o
 .group         0x0000000000000000       0x2c ./src/parameter/parm_manager.o
 .group         0x0000000000000000       0x2c ./src/parameter/parm_manager.o
 .group         0x0000000000000000       0x18 ./src/parameter/parm_manager.o
 .group         0x0000000000000000       0x18 ./src/parameter/parm_manager.o
 .group         0x0000000000000000       0x18 ./src/parameter/parm_manager.o
 .group         0x0000000000000000       0x18 ./src/parameter/parm_manager.o
 .group         0x0000000000000000       0x14 ./src/parameter/parm_manager.o
 .group         0x0000000000000000       0x14 ./src/parameter/parm_manager.o
 .group         0x0000000000000000       0x18 ./src/parameter/parm_manager.o
 .group         0x0000000000000000        0x8 ./src/parameter/parm_manager.o
 .group         0x0000000000000000        0xc ./src/parameter/parm_manager.o
 .group         0x0000000000000000        0x8 ./src/parameter/parm_manager.o
 .group         0x0000000000000000        0xc ./src/parameter/parm_manager.o
 .group         0x0000000000000000        0x8 ./src/parameter/parm_manager.o
 .group         0x0000000000000000        0xc ./src/parameter/parm_manager.o
 .group         0x0000000000000000        0x8 ./src/parameter/parm_manager.o
 .group         0x0000000000000000        0xc ./src/parameter/parm_manager.o
 .group         0x0000000000000000        0x8 ./src/parameter/parm_manager.o
 .group         0x0000000000000000        0xc ./src/parameter/parm_manager.o
 .group         0x0000000000000000        0xc ./src/parameter/parm_manager.o
 .group         0x0000000000000000        0xc ./src/parameter/parm_manager.o
 .group         0x0000000000000000        0xc ./src/parameter/parm_manager.o
 .group         0x0000000000000000        0xc ./src/parameter/parm_manager.o
 .group         0x0000000000000000        0xc ./src/parameter/parm_manager.o
 .note.GNU-stack
                0x0000000000000000        0x0 ./src/parameter/parm_manager.o
 .group         0x0000000000000000       0x14 ./src/compiler/compile_message.o
 .group         0x0000000000000000       0x28 ./src/compiler/compile_message.o
 .group         0x0000000000000000       0x28 ./src/compiler/compile_message.o
 .group         0x0000000000000000       0x28 ./src/compiler/compile_message.o
 .group         0x0000000000000000       0x28 ./src/compiler/compile_message.o
 .group         0x0000000000000000       0x28 ./src/compiler/compile_message.o
 .group         0x0000000000000000       0x28 ./src/compiler/compile_message.o
 .group         0x0000000000000000       0x28 ./src/compiler/compile_message.o
 .group         0x0000000000000000       0x28 ./src/compiler/compile_message.o
 .group         0x0000000000000000       0x28 ./src/compiler/compile_message.o
[...]
Memory Configuration

Name             Origin             Length             Attributes
*default*        0x0000000000000000 0xffffffffffffffff

Linker script and memory map

LOAD c:/ide/xilinx/sdk/2019.1/gnu/aarch32/nt/gcc-arm-linux-gnueabi/bin/../arm-linux-gnueabihf/libc/usr/lib/crt1.o
LOAD c:/ide/xilinx/sdk/2019.1/gnu/aarch32/nt/gcc-arm-linux-gnueabi/bin/../arm-linux-gnueabihf/libc/usr/lib/crti.o
LOAD c:/ide/xilinx/sdk/2019.1/gnu/aarch32/nt/gcc-arm-linux-gnueabi/bin/../lib/gcc/arm-linux-gnueabihf/8.2.0/crtbegin.o
LOAD ./src/tool_compensate/tool_comp_data.o
LOAD ./src/tool_compensate/tool_compensate.o
LOAD ./src/pmc/pmc_axis_ctrl.o
LOAD ./src/pmc/pmc_register.o
LOAD ./src/parameter/parm_manager.o
LOAD ./src/compiler/compile_message.o
LOAD ./src/compiler/compiler.o
LOAD ./src/compiler/compiler_data.o
LOAD ./src/compiler/lexer.o
LOAD ./src/compiler/parser.o
LOAD ./src/communication/ad_communication.o
LOAD ./src/communication/hmi_communication.o
LOAD ./src/communication/mc_communication.o
LOAD ./src/communication/mi_communication.o
LOAD ./src/channel/channel_control.o
LOAD ./src/channel/channel_engine.o
LOAD ./src/channel/channel_mode_group.o
LOAD ./src/alarm_processor/alarm_processor.o
LOAD ./src/Algorithm/coord_processor.o
LOAD ./src/geometry_data.o
LOAD ./src/global_structure.o
LOAD ./src/global_var_func.o
LOAD ./src/inifile.o
LOAD ./src/main.o
LOAD ./src/trace.o
LOAD ./src/variable.o
LOAD c:/ide/xilinx/sdk/2019.1/gnu/aarch32/nt/gcc-arm-linux-gnueabi/bin/../arm-linux-gnueabihf/libc/usr/lib/libpthread.so
LOAD D:\FPGA\SC_Module\lib\release\libLitronucLicense.a
LOAD c:/ide/xilinx/sdk/2019.1/gnu/aarch32/nt/gcc-arm-linux-gnueabi/bin/../lib/gcc/arm-linux-gnueabihf/8.2.0/../../../../arm-linux-gnueabihf/lib/libstdc++.so
LOAD c:/ide/xilinx/sdk/2019.1/gnu/aarch32/nt/gcc-arm-linux-gnueabi/bin/../arm-linux-gnueabihf/libc/usr/lib/libm.so
LOAD c:/ide/xilinx/sdk/2019.1/gnu/aarch32/nt/gcc-arm-linux-gnueabi/bin/../lib/gcc/arm-linux-gnueabihf/8.2.0/../../../../arm-linux-gnueabihf/lib/libgcc_s.so
START GROUP
LOAD c:/ide/xilinx/sdk/2019.1/gnu/aarch32/nt/gcc-arm-linux-gnueabi/bin/../lib/gcc/arm-linux-gnueabihf/8.2.0/../../../../arm-linux-gnueabihf/lib\libgcc_s.so.1
LOAD c:/ide/xilinx/sdk/2019.1/gnu/aarch32/nt/gcc-arm-linux-gnueabi/bin/../lib/gcc/arm-linux-gnueabihf/8.2.0\libgcc.a
END GROUP
LOAD c:/ide/xilinx/sdk/2019.1/gnu/aarch32/nt/gcc-arm-linux-gnueabi/bin/../lib/gcc/arm-linux-gnueabihf/8.2.0\libgcc.a
LOAD c:/ide/xilinx/sdk/2019.1/gnu/aarch32/nt/gcc-arm-linux-gnueabi/bin/../arm-linux-gnueabihf/libc/usr/lib/libc.so
START GROUP
LOAD c:\ide\xilinx\sdk\2019.1\gnu\aarch32\nt\gcc-arm-linux-gnueabi\bin\../arm-linux-gnueabihf/libc/lib/libc.so.6
LOAD c:\ide\xilinx\sdk\2019.1\gnu\aarch32\nt\gcc-arm-linux-gnueabi\bin\../arm-linux-gnueabihf/libc/usr/lib/libc_nonshared.a
LOAD c:\ide\xilinx\sdk\2019.1\gnu\aarch32\nt\gcc-arm-linux-gnueabi\bin\../arm-linux-gnueabihf/libc/lib/ld-linux-armhf.so.3
END GROUP
LOAD c:/ide/xilinx/sdk/2019.1/gnu/aarch32/nt/gcc-arm-linux-gnueabi/bin/../lib/gcc/arm-linux-gnueabihf/8.2.0/../../../../arm-linux-gnueabihf/lib/libgcc_s.so
START GROUP
LOAD c:/ide/xilinx/sdk/2019.1/gnu/aarch32/nt/gcc-arm-linux-gnueabi/bin/../lib/gcc/arm-linux-gnueabihf/8.2.0/../../../../arm-linux-gnueabihf/lib\libgcc_s.so.1
LOAD c:/ide/xilinx/sdk/2019.1/gnu/aarch32/nt/gcc-arm-linux-gnueabi/bin/../lib/gcc/arm-linux-gnueabihf/8.2.0\libgcc.a
END GROUP
LOAD c:/ide/xilinx/sdk/2019.1/gnu/aarch32/nt/gcc-arm-linux-gnueabi/bin/../lib/gcc/arm-linux-gnueabihf/8.2.0\libgcc.a
LOAD c:/ide/xilinx/sdk/2019.1/gnu/aarch32/nt/gcc-arm-linux-gnueabi/bin/../lib/gcc/arm-linux-gnueabihf/8.2.0/crtend.o
LOAD c:/ide/xilinx/sdk/2019.1/gnu/aarch32/nt/gcc-arm-linux-gnueabi/bin/../arm-linux-gnueabihf/libc/usr/lib/crtn.o
                [!provide]                        PROVIDE (__executable_start = SEGMENT_START ("text-segment", 0x10000))
                0x0000000000010154                . = (SEGMENT_START ("text-segment", 0x10000) + SIZEOF_HEADERS)

.interp         0x0000000000010154       0x19
 *(.interp)
 .interp        0x0000000000010154       0x19 c:/ide/xilinx/sdk/2019.1/gnu/aarch32/nt/gcc-arm-linux-gnueabi/bin/../arm-linux-gnueabihf/libc/usr/lib/crt1.o

.note.ABI-tag   0x0000000000010170       0x20
 .note.ABI-tag  0x0000000000010170       0x20 c:/ide/xilinx/sdk/2019.1/gnu/aarch32/nt/gcc-arm-linux-gnueabi/bin/../arm-linux-gnueabihf/libc/usr/lib/crt1.o

.note.gnu.build-id
                0x0000000000010190       0x24
 *(.note.gnu.build-id)
 .note.gnu.build-id
                0x0000000000010190       0x24 linker stubs

.hash
 *(.hash)

.gnu.hash       0x00000000000101b4      0x61c
 *(.gnu.hash)
 .gnu.hash      0x00000000000101b4      0x61c c:/ide/xilinx/sdk/2019.1/gnu/aarch32/nt/gcc-arm-linux-gnueabi/bin/../arm-linux-gnueabihf/libc/usr/lib/crt1.o

.dynsym         0x00000000000107d0      0xc80
 *(.dynsym)
 .dynsym        0x00000000000107d0      0xc80 c:/ide/xilinx/sdk/2019.1/gnu/aarch32/nt/gcc-arm-linux-gnueabi/bin/../arm-linux-gnueabihf/libc/usr/lib/crt1.o

.dynstr         0x0000000000011450      0xf88
 *(.dynstr)
 .dynstr        0x0000000000011450      0xf88 c:/ide/xilinx/sdk/2019.1/gnu/aarch32/nt/gcc-arm-linux-gnueabi/bin/../arm-linux-gnueabihf/libc/usr/lib/crt1.o

.gnu.version    0x00000000000123d8      0x190
 *(.gnu.version)
 .gnu.version   0x00000000000123d8      0x190 c:/ide/xilinx/sdk/2019.1/gnu/aarch32/nt/gcc-arm-linux-gnueabi/bin/../arm-linux-gnueabihf/libc/usr/lib/crt1.o

.gnu.version_d  0x0000000000012568        0x0
 *(.gnu.version_d)
 .gnu.version_d
                0x0000000000012568        0x0 c:/ide/xilinx/sdk/2019.1/gnu/aarch32/nt/gcc-arm-linux-gnueabi/bin/../arm-linux-gnueabihf/libc/usr/lib/crt1.o

.gnu.version_r  0x0000000000012568      0x120
 *(.gnu.version_r)
 .gnu.version_r
                0x0000000000012568      0x120 c:/ide/xilinx/sdk/2019.1/gnu/aarch32/nt/gcc-arm-linux-gnueabi/bin/../arm-linux-gnueabihf/libc/usr/lib/crt1.o

.rel.dyn        0x0000000000012688       0x60
 *(.rel.init)
 *(.rel.text .rel.text.* .rel.gnu.linkonce.t.*)
 *(.rel.fini)
 *(.rel.rodata .rel.rodata.* .rel.gnu.linkonce.r.*)
 *(.rel.data.rel.ro .rel.data.rel.ro.* .rel.gnu.linkonce.d.rel.ro.*)
 .rel.data.rel.ro
                0x0000000000012688       0x48 c:/ide/xilinx/sdk/2019.1/gnu/aarch32/nt/gcc-arm-linux-gnueabi/bin/../arm-linux-gnueabihf/libc/usr/lib/crt1.o
 *(.rel.data .rel.data.* .rel.gnu.linkonce.d.*)
 *(.rel.tdata .rel.tdata.* .rel.gnu.linkonce.td.*)
 *(.rel.tbss .rel.tbss.* .rel.gnu.linkonce.tb.*)
 *(.rel.ctors)
 *(.rel.dtors)
 *(.rel.got)
 .rel.got       0x00000000000126d0       0x10 c:/ide/xilinx/sdk/2019.1/gnu/aarch32/nt/gcc-arm-linux-gnueabi/bin/../arm-linux-gnueabihf/libc/usr/lib/crt1.o
 *(.rel.bss .rel.bss.* .rel.gnu.linkonce.b.*)
 .rel.bss       0x00000000000126e0        0x8 c:/ide/xilinx/sdk/2019.1/gnu/aarch32/nt/gcc-arm-linux-gnueabi/bin/../arm-linux-gnueabihf/libc/usr/lib/crt1.o
                [!provide]                        PROVIDE (__rel_iplt_start = .)
 *(.rel.iplt)
 .rel.iplt      0x00000000000126e8        0x0 c:/ide/xilinx/sdk/2019.1/gnu/aarch32/nt/gcc-arm-linux-gnueabi/bin/../arm-linux-gnueabihf/libc/usr/lib/crt1.o
                [!provide]                        PROVIDE (__rel_iplt_end = .)

.rela.dyn       0x00000000000126e8        0x0
 *(.rela.init)
 *(.rela.text .rela.text.* .rela.gnu.linkonce.t.*)
 *(.rela.fini)
 *(.rela.rodata .rela.rodata.* .rela.gnu.linkonce.r.*)
 *(.rela.data .rela.data.* .rela.gnu.linkonce.d.*)
 *(.rela.tdata .rela.tdata.* .rela.gnu.linkonce.td.*)
 *(.rela.tbss .rela.tbss.* .rela.gnu.linkonce.tb.*)
 *(.rela.ctors)
 *(.rela.dtors)
 *(.rela.got)
 *(.rela.bss .rela.bss.* .rela.gnu.linkonce.b.*)
                [!provide]                        PROVIDE (__rela_iplt_start = .)
 *(.rela.iplt)
                [!provide]                        PROVIDE (__rela_iplt_end = .)

.rel.plt        0x00000000000126e8      0x598
 *(.rel.plt)
 .rel.plt       0x00000000000126e8      0x598 c:/ide/xilinx/sdk/2019.1/gnu/aarch32/nt/gcc-arm-linux-gnueabi/bin/../arm-linux-gnueabihf/libc/usr/lib/crt1.o

.rela.plt
 *(.rela.plt)

.init           0x0000000000012c80        0xc
 *(SORT_NONE(.init))
 .init          0x0000000000012c80        0x8 c:/ide/xilinx/sdk/2019.1/gnu/aarch32/nt/gcc-arm-linux-gnueabi/bin/../arm-linux-gnueabihf/libc/usr/lib/crti.o
                0x0000000000012c80                _init
 .init          0x0000000000012c88        0x4 c:/ide/xilinx/sdk/2019.1/gnu/aarch32/nt/gcc-arm-linux-gnueabi/bin/../arm-linux-gnueabihf/libc/usr/lib/crtn.o

.plt            0x0000000000012c8c      0x878
 *(.plt)
 .plt           0x0000000000012c8c      0x878 c:/ide/xilinx/sdk/2019.1/gnu/aarch32/nt/gcc-arm-linux-gnueabi/bin/../arm-linux-gnueabihf/libc/usr/lib/crt1.o
                0x0000000000012ca0                signal@@GLIBC_2.4
                0x0000000000012cac                atan@@GLIBC_2.4
                0x0000000000012cb8                operator new(unsigned int)@@GLIBCXX_3.4
                0x0000000000012cc4                pthread_mutex_lock@@GLIBC_2.4
                0x0000000000012cd0                localtime_r@@GLIBC_2.4
                0x0000000000012cdc                pthread_mutex_init@@GLIBC_2.4
                0x0000000000012ce8                __aeabi_uldivmod@@GCC_3.5
                0x0000000000012cf4                fsync@@GLIBC_2.4
                0x0000000000012d00                sync@@GLIBC_2.4
                0x0000000000012d0c                sqrt@@GLIBC_2.4
                0x0000000000012d18                getpid@@GLIBC_2.4
                0x0000000000012d24                __aeabi_atexit@@CXXABI_ARM_1.3.3
                0x0000000000012d30                isalpha@@GLIBC_2.4
                0x0000000000012d3c                log@@GLIBC_2.4
                0x0000000000012d48                gettimeofday@@GLIBC_2.4
                0x0000000000012d54                recvfrom@@GLIBC_2.4
                0x0000000000012d60                std::basic_filebuf<char, std::char_traits<char> >::close()@@GLIBCXX_3.4
                0x0000000000012d6c                std::__basic_file<char>::is_open() const@@GLIBCXX_3.4
                0x0000000000012d78                strcasecmp@@GLIBC_2.4
                0x0000000000012d84                std::basic_ifstream<char, std::char_traits<char> >::~basic_ifstream()@@GLIBCXX_3.4
                0x0000000000012d90                strtol@@GLIBC_2.4
                0x0000000000012d9c                std::__cxx11::basic_string<char, std::char_traits<char>, std::allocator<char> >::compare(char const*) const@@GLIBCXX_3.4.21
                0x0000000000012da8                free@@GLIBC_2.4
                0x0000000000012db4                __getdelim@@GLIBC_2.4
                0x0000000000012dc0                std::ios_base::ios_base()@@GLIBCXX_3.4
                0x0000000000012dcc                readdir@@GLIBC_2.4
                0x0000000000012dd8                fseek@@GLIBC_2.4
                0x0000000000012de4                std::ios_base::~ios_base()@@GLIBCXX_3.4
                0x0000000000012df0                std::__throw_bad_alloc()@@GLIBCXX_3.4
                0x0000000000012dfc                strncmp@@GLIBC_2.4
                0x0000000000012e08                statfs@@GLIBC_2.4
                0x0000000000012e14                pthread_exit@@GLIBC_2.4
                0x0000000000012e20                std::__cxx11::basic_string<char, std::char_traits<char>, std::allocator<char> >::_M_replace(unsigned int, unsigned int, char const*, unsigned int)@@GLIBCXX_3.4.21
                0x0000000000012e2c                __cxa_begin_catch@@CXXABI_1.3
                0x0000000000012e38                pthread_join@@GLIBC_2.4
                0x0000000000012e44                std::__cxx11::basic_string<char, std::char_traits<char>, std::allocator<char> >::reserve(unsigned int)@@GLIBCXX_3.4.21
                0x0000000000012e50                closedir@@GLIBC_2.4
                0x0000000000012e5c                printf@@GLIBC_2.4
                0x0000000000012e68                strerror@@GLIBC_2.4
                0x0000000000012e74                pthread_attr_setschedpolicy@@GLIBC_2.4
                0x0000000000012e80                stpcpy@@GLIBC_2.4
                0x0000000000012e8c                std::__throw_length_error(char const*)@@GLIBCXX_3.4
                0x0000000000012e98                std::__cxx11::basic_string<char, std::char_traits<char>, std::allocator<char> >::_M_assign(std::__cxx11::basic_string<char, std::char_traits<char>, std::allocator<char> > const&)@@GLIBCXX_3.4.21
                0x0000000000012ea4                feof@@GLIBC_2.4
                0x0000000000012eb0                puts@@GLIBC_2.4
                0x0000000000012ebc                perror@@GLIBC_2.4
                0x0000000000012ec8                asin@@GLIBC_2.4
                0x0000000000012ed4                strtoll@@GLIBC_2.4
                0x0000000000012ee0                syscall@@GLIBC_2.4
                0x0000000000012eec                sendto@@GLIBC_2.4
                0x0000000000012ef8                cos@@GLIBC_2.4
                0x0000000000012f04                exp@@GLIBC_2.4
                0x0000000000012f10                memset@@GLIBC_2.4
                0x0000000000012f1c                std::__cxx11::basic_string<char, std::char_traits<char>, std::allocator<char> >::copy(char*, unsigned int, unsigned int) const@@GLIBCXX_3.4.21
                0x0000000000012f28                opendir@@GLIBC_2.4
                0x0000000000012f34                operator delete(void*, unsigned int)@@CXXABI_1.3.9
                0x0000000000012f40                std::__throw_logic_error(char const*)@@GLIBCXX_3.4
                0x0000000000012f4c                recv@@GLIBC_2.4
                0x0000000000012f58                remove@@GLIBC_2.4
                0x0000000000012f64                listen@@GLIBC_2.4
                0x0000000000012f70                snprintf@@GLIBC_2.4
                0x0000000000012f7c                close@@GLIBC_2.4
                0x0000000000012f88                gmtime@@GLIBC_2.4
                0x0000000000012f94                fopen@@GLIBC_2.4
                0x0000000000012fa0                operator new[](unsigned int)@@GLIBCXX_3.4
                0x0000000000012fac                read@@GLIBC_2.4
                0x0000000000012fb8                abort@@GLIBC_2.4
                0x0000000000012fc4                pow@@GLIBC_2.4
                0x0000000000012fd0                memmove@@GLIBC_2.4
                0x0000000000012fdc                __aeabi_d2lz@@GCC_3.5
                0x0000000000012fe8                fcntl@@GLIBC_2.28
                0x0000000000012ff4                ctime@@GLIBC_2.4
                0x0000000000013000                std::basic_filebuf<char, std::char_traits<char> >::open(char const*, std::_Ios_Openmode)@@GLIBCXX_3.4
                0x000000000001300c                ioctl@@GLIBC_2.4
                0x0000000000013018                localtime@@GLIBC_2.4
                0x0000000000013024                system@@GLIBC_2.4
                0x0000000000013030                inet_ntoa@@GLIBC_2.4
                0x000000000001303c                strcpy@@GLIBC_2.4
                0x0000000000013048                mmap@@GLIBC_2.4
                0x0000000000013054                operator delete(void*)@@GLIBCXX_3.4
                0x0000000000013060                __assert_fail@@GLIBC_2.4
                0x000000000001306c                std::__cxx11::basic_string<char, std::char_traits<char>, std::allocator<char> >::_M_append(char const*, unsigned int)@@GLIBCXX_3.4.21
                0x0000000000013078                ceil@@GLIBC_2.4
                0x0000000000013084                std::__cxx11::basic_string<char, std::char_traits<char>, std::allocator<char> >::find(char, unsigned int) const@@GLIBCXX_3.4.21
                0x0000000000013090                strtod@@GLIBC_2.4
                0x000000000001309c                open@@GLIBC_2.4
                0x00000000000130a8                bind@@GLIBC_2.4
                0x00000000000130b4                std::basic_filebuf<char, std::char_traits<char> >::basic_filebuf()@@GLIBCXX_3.4
                0x00000000000130c0                chmod@@GLIBC_2.4
                0x00000000000130cc                pthread_setcancelstate@@GLIBC_2.4
                0x00000000000130d8                strcat@@GLIBC_2.4
                0x00000000000130e4                pthread_mutex_destroy@@GLIBC_2.4
                0x00000000000130f0                pthread_setcanceltype@@GLIBC_2.4
                0x00000000000130fc                strcasestr@@GLIBC_2.4
                0x0000000000013108                getpagesize@@GLIBC_2.4
                0x0000000000013114                fread@@GLIBC_2.4
                0x0000000000013120                fileno@@GLIBC_2.4
                0x000000000001312c                __aeabi_d2ulz@@GCC_3.5
                0x0000000000013138                __cxa_end_cleanup@@CXXABI_1.3
                0x0000000000013144                socket@@GLIBC_2.4
                0x0000000000013150                std::ctype<char>::_M_widen_init() const@@GLIBCXX_3.4.11
                0x000000000001315c                access@@GLIBC_2.4
                0x0000000000013168                __aeabi_ldivmod@@GCC_3.5
                0x0000000000013174                mkdir@@GLIBC_2.4
                0x0000000000013180                atan2@@GLIBC_2.4
                0x000000000001318c                sem_init@@GLIBC_2.4
                0x0000000000013198                std::__throw_bad_cast()@@GLIBCXX_3.4
                0x00000000000131a4                operator delete[](void*)@@GLIBCXX_3.4
                0x00000000000131b0                operator delete[](void*, unsigned int)@@CXXABI_1.3.9
                0x00000000000131bc                std::basic_ostream<char, std::char_traits<char> >& std::__ostream_insert<char, std::char_traits<char> >(std::basic_ostream<char, std::char_traits<char> >&, char const*, int)@@GLIBCXX_3.4.9
                0x00000000000131c8                pthread_attr_destroy@@GLIBC_2.4
                0x00000000000131d4                setsockopt@@GLIBC_2.4
                0x00000000000131e0                pthread_cancel@@GLIBC_2.4
                0x00000000000131ec                lseek@@GLIBC_2.4
                0x00000000000131f8                __aeabi_idivmod@@GCC_3.5
                0x0000000000013204                std::basic_ios<char, std::char_traits<char> >::init(std::basic_streambuf<char, std::char_traits<char> >*)@@GLIBCXX_3.4
                0x0000000000013210                pthread_attr_setstacksize@@GLIBC_2.4
                0x000000000001321c                sigaction@@GLIBC_2.4
                0x0000000000013228                pthread_attr_init@@GLIBC_2.4
                0x0000000000013234                ftell@@GLIBC_2.4
                0x0000000000013240                std::locale::~locale()@@GLIBCXX_3.4
                0x000000000001324c                __aeabi_uidiv@@GCC_3.5
                0x0000000000013258                __fxstat@@GLIBC_2.4
                0x0000000000013264                sem_post@@GLIBC_2.4
                0x0000000000013270                isspace@@GLIBC_2.4
                0x000000000001327c                __cxa_rethrow@@CXXABI_1.3
                0x0000000000013288                fwrite@@GLIBC_2.4
                0x0000000000013294                std::basic_ofstream<char, std::char_traits<char> >::~basic_ofstream()@@GLIBCXX_3.4
                0x00000000000132a0                sincos@@GLIBC_2.4
                0x00000000000132ac                memcpy@@GLIBC_2.4
                0x00000000000132b8                tan@@GLIBC_2.4
                0x00000000000132c4                std::__throw_out_of_range_fmt(char const*, ...)@@GLIBCXX_3.4.20
                0x00000000000132d0                strlen@@GLIBC_2.4
                0x00000000000132dc                std::ios_base::Init::Init()@@GLIBCXX_3.4
                0x00000000000132e8                munmap@@GLIBC_2.4
                0x00000000000132f4                accept@@GLIBC_2.4
                0x0000000000013300                usleep@@GLIBC_2.4
                0x000000000001330c                std::basic_filebuf<char, std::char_traits<char> >::~basic_filebuf()@@GLIBCXX_3.4
                0x0000000000013318                fclose@@GLIBC_2.4
                0x0000000000013324                write@@GLIBC_2.4
                0x0000000000013330                sprintf@@GLIBC_2.4
                0x000000000001333c                __aeabi_ul2d@@GCC_3.5
                0x0000000000013348                __xstat@@GLIBC_2.4
                0x0000000000013354                __cxa_end_catch@@CXXABI_1.3
                0x0000000000013360                __gxx_personality_v0@@CXXABI_1.3
                0x000000000001336c                pthread_create@@GLIBC_2.4
                0x0000000000013378                __aeabi_l2d@@GCC_3.5
                0x0000000000013384                strcmp@@GLIBC_2.4
                0x0000000000013390                toupper@@GLIBC_2.4
                0x000000000001339c                std::basic_ios<char, std::char_traits<char> >::clear(std::_Ios_Iostate)@@GLIBCXX_3.4
                0x00000000000133a8                std::__cxx11::basic_string<char, std::char_traits<char>, std::allocator<char> >::find(char const*, unsigned int, unsigned int) const@@GLIBCXX_3.4.21
                0x00000000000133b4                time@@GLIBC_2.4
                0x00000000000133c0                std::__cxx11::basic_string<char, std::char_traits<char>, std::allocator<char> >::_M_create(unsigned int&, unsigned int)@@GLIBCXX_3.4.21
                0x00000000000133cc                __errno_location@@GLIBC_2.4
                0x00000000000133d8                send@@GLIBC_2.4
                0x00000000000133e4                sscanf@@GLIBC_2.4
                0x00000000000133f0                strncpy@@GLIBC_2.4
                0x00000000000133fc                towupper@@GLIBC_2.4
                0x0000000000013408                fflush@@GLIBC_2.4
                0x0000000000013414                pthread_attr_setschedparam@@GLIBC_2.4
                0x0000000000013420                memcmp@@GLIBC_2.4
                0x000000000001342c                sigemptyset@@GLIBC_2.4
                0x0000000000013438                strrchr@@GLIBC_2.4
                0x0000000000013444                std::basic_istream<char, std::char_traits<char> >& std::getline<char, std::char_traits<char>, std::allocator<char> >(std::basic_istream<char, std::char_traits<char> >&, std::__cxx11::basic_string<char, std::char_traits<char>, std::allocator<char> >&, char)@@GLIBCXX_3.4.21
                0x0000000000013450                pthread_attr_setinheritsched@@GLIBC_2.4
                0x000000000001345c                std::__basic_file<char>::~__basic_file()@@GLIBCXX_3.4
                0x0000000000013468                sin@@GLIBC_2.4
                0x0000000000013474                __libc_start_main@@GLIBC_2.4
                0x0000000000013480                islower@@GLIBC_2.4
                0x0000000000013498                rename@@GLIBC_2.4
                0x00000000000134a4                __cxa_pure_virtual@@CXXABI_1.3
                0x00000000000134b0                acos@@GLIBC_2.4
                0x00000000000134bc                sem_wait@@GLIBC_2.4
                0x00000000000134c8                strchr@@GLIBC_2.4
                0x00000000000134d4                pthread_mutex_unlock@@GLIBC_2.4
                0x00000000000134e0                vsnprintf@@GLIBC_2.4
                0x00000000000134ec                std::ios_base::Init::~Init()@@GLIBCXX_3.4
                0x00000000000134f8                floor@@GLIBC_2.4

.iplt           0x0000000000013504        0x0
 *(.iplt)
 .iplt          0x0000000000013504        0x0 c:/ide/xilinx/sdk/2019.1/gnu/aarch32/nt/gcc-arm-linux-gnueabi/bin/../arm-linux-gnueabihf/libc/usr/lib/crt1.o

.text           0x0000000000013508    0x89fdc
 *(.text.unlikely .text.*_unlikely .text.unlikely.*)
 *(.text.exit .text.exit.*)
 *(.text.startup .text.startup.*)
 .text.startup  0x0000000000013508       0x30 ./src/tool_compensate/tool_comp_data.o
 .text.startup  0x0000000000013538       0x30 ./src/tool_compensate/tool_compensate.o
 .text.startup  0x0000000000013568       0x30 ./src/pmc/pmc_axis_ctrl.o
 .text.startup  0x0000000000013598       0x30 ./src/pmc/pmc_register.o
 .text.startup  0x00000000000135c8       0x30 ./src/parameter/parm_manager.o
 .text.startup  0x00000000000135f8       0x30 ./src/compiler/compile_message.o
 .text.startup  0x0000000000013628       0x30 ./src/compiler/compiler.o
 .text.startup  0x0000000000013658       0x30 ./src/compiler/compiler_data.o
 .text.startup  0x0000000000013688       0x30 ./src/compiler/lexer.o
 .text.startup  0x00000000000136b8       0x30 ./src/compiler/parser.o
 .text.startup  0x00000000000136e8       0x30 ./src/communication/ad_communication.o
 .text.startup  0x0000000000013718       0x30 ./src/communication/hmi_communication.o
 .text.startup  0x0000000000013748       0x30 ./src/communication/mc_communication.o
 .text.startup  0x0000000000013778       0x30 ./src/communication/mi_communication.o
 .text.startup  0x00000000000137a8       0x30 ./src/channel/channel_control.o
 .text.startup  0x00000000000137d8       0x30 ./src/channel/channel_engine.o
 .text.startup  0x0000000000013808       0x30 ./src/channel/channel_mode_group.o
 .text.startup  0x0000000000013838       0x30 ./src/alarm_processor/alarm_processor.o
 .text.startup  0x0000000000013868       0x30 ./src/Algorithm/coord_processor.o
 .text.startup  0x0000000000013898       0x30 ./src/geometry_data.o
 .text.startup  0x00000000000138c8       0x30 ./src/global_structure.o
 .text.startup  0x00000000000138f8       0x30 ./src/global_var_func.o
 .text.startup  0x0000000000013928       0x30 ./src/inifile.o
 .text.startup  0x0000000000013958      0x158 ./src/main.o
                0x0000000000013958                main
 .text.startup  0x0000000000013ab0       0x30 ./src/trace.o
 .text.startup  0x0000000000013ae0       0x30 ./src/variable.o
 .text.startup  0x0000000000013b10       0x3c D:\FPGA\SC_Module\lib\release\libLitronucLicense.a(license_interface.o)
 .text.startup  0x0000000000013b4c       0x30 D:\FPGA\SC_Module\lib\release\libLitronucLicense.a(litronuc_des.o)
 *(.text.hot .text.hot.*)
 *(.text .stub .text.* .gnu.linkonce.t.*)
 .text          0x0000000000013b7c       0x3c c:/ide/xilinx/sdk/2019.1/gnu/aarch32/nt/gcc-arm-linux-gnueabi/bin/../arm-linux-gnueabihf/libc/usr/lib/crt1.o
                0x0000000000013b7c                _start
 .text          0x0000000000013bb8       0x24 c:/ide/xilinx/sdk/2019.1/gnu/aarch32/nt/gcc-arm-linux-gnueabi/bin/../arm-linux-gnueabihf/libc/usr/lib/crti.o
 .text          0x0000000000013bdc       0x90 c:/ide/xilinx/sdk/2019.1/gnu/aarch32/nt/gcc-arm-linux-gnueabi/bin/../lib/gcc/arm-linux-gnueabihf/8.2.0/crtbegin.o
 .text          0x0000000000013c6c       0x28 ./src/tool_compensate/tool_comp_data.o
                0x0000000000013c6c                DataLine::GetLength()
                0x0000000000013c90                DataLine::Offset(ToolOffset const&)
 .text          0x0000000000013c94      0x374 ./src/tool_compensate/tool_compensate.o
                0x0000000000013d00                ToolCompensate::~ToolCompensate()
                0x0000000000013d00                ToolCompensate::~ToolCompensate()
                0x0000000000013d20                ToolCompensate::~ToolCompensate()
                0x0000000000013e2c                ToolCompensate::ToolCompensate()
                0x0000000000013e2c                ToolCompensate::ToolCompensate()
                0x0000000000013ee0                ToolCompensate::SetChannelIndex(unsigned char)
                0x0000000000013f04                ToolCompensate::StateMachine()
                0x0000000000013f64                ToolCompensate::Compensate()
                0x0000000000013fdc                ToolCompensate::ProcessData(ListNode<RecordMsg*>*)
 .text._ZN10ListBufferIP9RecordMsgED2Ev
                0x0000000000014008       0x44 ./src/tool_compensate/tool_compensate.o
                0x0000000000014008                ListBuffer<RecordMsg*>::~ListBuffer()
                0x0000000000014008                ListBuffer<RecordMsg*>::~ListBuffer()
 .text._ZN10ListBufferIP9RecordMsgED0Ev
                0x000000000001404c       0x20 ./src/tool_compensate/tool_compensate.o
                0x000000000001404c                ListBuffer<RecordMsg*>::~ListBuffer()
 *fill*         0x000000000001406c        0x4 
 .text          0x0000000000014070     0x1058 ./src/pmc/pmc_axis_ctrl.o
                0x0000000000014070                PmcAxisCtrl::~PmcAxisCtrl()
                0x0000000000014070                PmcAxisCtrl::~PmcAxisCtrl()
                0x0000000000014074                PmcAxisCtrl::~PmcAxisCtrl()
                0x00000000000145a0                PmcAxisCtrl::PmcAxisCtrl()
                0x00000000000145a0                PmcAxisCtrl::PmcAxisCtrl()
                0x00000000000145dc                PmcAxisCtrl::SetGroupIndex(unsigned char)
                0x00000000000146a4                PmcAxisCtrl::Active(bool)
                0x000000000001476c                PmcAxisCtrl::GetRecvBufIndex()
                0x000000000001479c                PmcAxisCtrl::SetBuffState(bool)
                0x0000000000014868                PmcAxisCtrl::SetStepStop(bool)
                0x0000000000014890                PmcAxisCtrl::Reset()
                0x0000000000014b88                PmcAxisCtrl::Pause(bool)
                0x0000000000014c28                PmcAxisCtrl::WriteCmd(PmcAxisCtrlCmd&)
                0x0000000000014e90                PmcAxisCtrl::ExecCmdOver(bool)
                0x00000000000150b8                PmcAxisCtrl::ExecuteCmd()
 .text          0x00000000000150c8     0x1744 ./src/pmc/pmc_register.o
                0x00000000000150c8                PmcRegister::~PmcRegister()
                0x00000000000150c8                PmcRegister::~PmcRegister()
                0x00000000000150f8                PmcRegister::~PmcRegister()
                0x0000000000015134                PmcRegister::InitRegFile()
                0x0000000000015348                PmcRegister::Initialize()
                0x00000000000159bc                PmcRegister::PmcRegister()
                0x00000000000159bc                PmcRegister::PmcRegister()
                0x00000000000159dc                PmcRegister::GetRegPtr8(PmcRegSection)
                0x0000000000015ac4                PmcRegister::SetRegValue(PmcRegSection, unsigned short, unsigned char)
                0x0000000000015ccc                PmcRegister::SetRegValue(PmcRegSection, unsigned short, unsigned short)
                0x0000000000015dcc                PmcRegister::SetRegBitValue(PmcRegSection, unsigned short, unsigned char, unsigned char, unsigned int)
                0x0000000000015ee4                PmcRegister::GetRegValue(PmcRegSection, unsigned short, unsigned char&)
                0x000000000001613c                PmcRegister::GetRegValue(PmcRegSection, unsigned short, unsigned short&)
                0x0000000000016208                PmcRegister::GetRegValue(PmcRegSection, unsigned short, int&)
                0x0000000000016234                PmcRegister::GetRegValueMulti(PmcRegSection, unsigned short, unsigned short, unsigned char*)
                0x0000000000016530                PmcRegister::GetRegValueMulti(PmcRegSection, unsigned short, unsigned short, unsigned short*)
                0x0000000000016610                PmcRegister::SaveRegData()
 *fill*         0x000000000001680c        0x4 
 .text          0x0000000000016810    0x260d8 ./src/parameter/parm_manager.o
                0x0000000000016b3c                ParmManager::ParmManager()
                0x0000000000016b3c                ParmManager::ParmManager()
                0x0000000000016e78                ParmManager::~ParmManager()
                0x0000000000016e78                ParmManager::~ParmManager()
                0x00000000000175e0                ParmManager::GetInstance()
                0x000000000001762c                ParmManager::ActiveFiveAxisParam(unsigned short, unsigned int, ParamValue&)
                0x0000000000017a50                ParmManager::SaveParm(ParmType)
                0x0000000000017c68                ParmManager::SaveAllParm()
                0x0000000000017cb8                ParmManager::GetChannelConfig(int)
                0x0000000000017ce4                ParmManager::GetChnProcessParam(int)
                0x0000000000017d10                ParmManager::ActiveCoordParam(unsigned char)
                0x0000000000017e4c                ParmManager::ActiveToolOffsetParam(unsigned char)
                0x0000000000017f44                ParmManager::ActiveChnProcParam(unsigned char, unsigned int, ParamValue&, unsigned char)
                0x00000000000182d8                ParmManager::ActiveAxisProcParam(unsigned char, unsigned int, ParamValue&, unsigned char)
                0x00000000000184b4                ParmManager::ActiveSystemParam(unsigned int, ParamValue&)
                0x00000000000187c0                ParmManager::ActiveChnParam(unsigned char, unsigned int, ParamValue&, unsigned char)
                0x0000000000019830                ParmManager::ActiveAxisParam(unsigned char, unsigned int, ParamValue&, unsigned char)
                0x000000000001afc0                ParmManager::ActiveParam(ParamUpdate*)
                0x000000000001b094                ParmManager::ActiveProcParam(ProcParamUpdate*)
                0x000000000001b1ac                ParmManager::GetPmcAxisCount()
                0x000000000001b20c                ParmManager::ActiveParam(ParamUpdate*, unsigned char)
                0x000000000001b29c                ParmManager::ActiveProcParam(ProcParamUpdate*, unsigned char)
                0x000000000001b2f8                ParmManager::ActiveResetParam()
                0x000000000001b394                ParmManager::ActiveNewStartParam()
                0x000000000001b45c                ParmManager::UpdateChnParam(unsigned char, unsigned int, ParamValue&)
                0x000000000001d208                ParmManager::UpdateAxisParam(unsigned char, unsigned int, ParamValue&)
                0x00000000000211bc                ParmManager::UpdateExCoordConfig(unsigned short, unsigned char, HmiCoordConfig&, bool)
                0x00000000000213b8                ParmManager::UpdateCoordConfig(unsigned short, unsigned char, HmiCoordConfig&, bool)
                0x00000000000215cc                ParmManager::UpdatePcData(unsigned char, bool, unsigned short, unsigned short, double*)
                0x0000000000021808                ParmManager::GetCurProcParamIndex(unsigned char)
                0x0000000000021928                ParmManager::GetCurWorkPiece(unsigned char)
                0x0000000000021a44                ParmManager::GetCurTool(unsigned char)
                0x0000000000021b5c                ParmManager::SetCurProcParamIndex(unsigned char, unsigned char)
                0x0000000000021c7c                ParmManager::SetCurTool(unsigned char, unsigned char)
                0x0000000000021d94                ParmManager::SetCurWorkPiece(unsigned char, unsigned int)
                0x0000000000021eb4                ParmManager::UpdateToolMeasure(unsigned short, unsigned char, double const&)
                0x0000000000021ff4                ParmManager::UpdateToolWear(unsigned short, unsigned char, double const&)
                0x0000000000022128                ParmManager::UpdateToolRadiusWear(unsigned short, unsigned char, double const&)
                0x000000000002225c                ParmManager::UpdateToolRadiusGeo(unsigned short, unsigned char, double const&)
                0x0000000000022390                ParmManager::UpdateAxisRef(unsigned char, long long)
                0x00000000000224e8                ParmManager::GetCurNcFile(unsigned char, char*)
                0x00000000000226a8                ParmManager::SetCurNcFile(unsigned char, char*)
                0x0000000000022810                ParmManager::UpdateToolPotConfig(unsigned short, bool)
                0x0000000000022c20                ParmManager::UpdateToolPotConfig(unsigned short, SCToolPotConfig&)
                0x000000000002302c                ParmManager::UpdateToolOffsetConfig(unsigned short, unsigned char, HmiToolOffsetConfig&, bool)
                0x00000000000235c0                ParmManager::UpdateIoRemapInfo(IoRemapInfo&)
                0x0000000000024010                ParmManager::ReadAxisProcParam()
                0x0000000000024fd4                ParmManager::ReadToolConfig()
                0x00000000000260c4                ParmManager::UpdateAxisProcParam(unsigned char, unsigned char, unsigned int, ParamValue&)
                0x0000000000026690                ParmManager::ReadChnStateScene()
                0x0000000000026b30                ParmManager::ReadChnProcParam()
                0x0000000000028a5c                ParmManager::ReadIoRemapConfig()
                0x00000000000291a4                ParmManager::ChangeChnProcParamIndex(unsigned char, unsigned char)
                0x000000000002a560                ParmManager::ReadSysConfig()
                0x000000000002bcb8                ParmManager::UpdateSystemParam(unsigned int, ParamValue&)
                0x000000000002cb30                ParmManager::UpdateChnProcParam(unsigned char, unsigned char, unsigned int, ParamValue&)
                0x000000000002d660                ParmManager::UpdateProcParam(ProcParamUpdate*, unsigned char)
                0x000000000002d724                ParmManager::ReadExCoordConfig()
                0x000000000002dd20                ParmManager::ReadFiveAxisConfig()
                0x000000000002fa20                ParmManager::ReadPcData()
                0x0000000000030350                ParmManager::ReadCoordConfig()
                0x0000000000030878                ParmManager::UpdateFiveAxisParam(unsigned short, unsigned int, ParamValue&)
                0x0000000000031764                ParmManager::UpdateParameter(ParamUpdate*, unsigned char)
                0x00000000000318c8                ParmManager::ReadChnConfig()
                0x0000000000035bcc                ParmManager::ReadAxisConfig()
                0x000000000003c69c                ParmManager::ReadParm(ParmType)
                0x000000000003c884                ParmManager::InitParm()
 .text._ZN10ListBufferI11IoRemapInfoED2Ev
                0x000000000003c8e8       0x44 ./src/parameter/parm_manager.o
                0x000000000003c8e8                ListBuffer<IoRemapInfo>::~ListBuffer()
                0x000000000003c8e8                ListBuffer<IoRemapInfo>::~ListBuffer()
 .text._ZN10ListBufferI11IoRemapInfoED0Ev
                0x000000000003c92c       0x20 ./src/parameter/parm_manager.o
                0x000000000003c92c                ListBuffer<IoRemapInfo>::~ListBuffer()
 .text._ZN10ListBufferI15ProcParamUpdateED2Ev
                0x000000000003c94c       0x44 ./src/parameter/parm_manager.o
                0x000000000003c94c                ListBuffer<ProcParamUpdate>::~ListBuffer()
                0x000000000003c94c                ListBuffer<ProcParamUpdate>::~ListBuffer()
 .text._ZN10ListBufferI15ProcParamUpdateED0Ev
                0x000000000003c990       0x20 ./src/parameter/parm_manager.o
                0x000000000003c990                ListBuffer<ProcParamUpdate>::~ListBuffer()
 .text._ZN10ListBufferI11CoordUpdateED2Ev
                0x000000000003c9b0       0x88 ./src/parameter/parm_manager.o
                0x000000000003c9b0                ListBuffer<CoordUpdate>::~ListBuffer()
                0x000000000003c9b0                ListBuffer<CoordUpdate>::~ListBuffer()
 .text._ZN10ListBufferI11CoordUpdateED0Ev
                0x000000000003ca38       0x20 ./src/parameter/parm_manager.o
                0x000000000003ca38                ListBuffer<CoordUpdate>::~ListBuffer()
 .text._ZN10ListBufferI16ToolOffsetUpdateED2Ev
                0x000000000003ca58       0x88 ./src/parameter/parm_manager.o
                0x000000000003ca58                ListBuffer<ToolOffsetUpdate>::~ListBuffer()
                0x000000000003ca58                ListBuffer<ToolOffsetUpdate>::~ListBuffer()
 .text._ZN10ListBufferI16ToolOffsetUpdateED0Ev
                0x000000000003cae0       0x20 ./src/parameter/parm_manager.o
                0x000000000003cae0                ListBuffer<ToolOffsetUpdate>::~ListBuffer()
 .text._ZN10ListBufferI11ParamUpdateED2Ev
                0x000000000003cb00       0x88 ./src/parameter/parm_manager.o
                0x000000000003cb00                ListBuffer<ParamUpdate>::~ListBuffer()
                0x000000000003cb00                ListBuffer<ParamUpdate>::~ListBuffer()
 .text._ZN10ListBufferI11ParamUpdateED0Ev
                0x000000000003cb88       0x20 ./src/parameter/parm_manager.o
                0x000000000003cb88                ListBuffer<ParamUpdate>::~ListBuffer()
 .text._ZN10ListBufferI11IoRemapInfoE6AppendERKS0_
                0x000000000003cba8       0xe0 ./src/parameter/parm_manager.o
                0x000000000003cba8                ListBuffer<IoRemapInfo>::Append(IoRemapInfo const&)
 .text._ZN10ListBufferI11CoordUpdateE6AppendERKS0_
                0x000000000003cc88       0xb4 ./src/parameter/parm_manager.o
                0x000000000003cc88                ListBuffer<CoordUpdate>::Append(CoordUpdate const&)
 .text._ZN10ListBufferI11ParamUpdateE6AppendERKS0_
                0x000000000003cd3c       0xd0 ./src/parameter/parm_manager.o
                0x000000000003cd3c                ListBuffer<ParamUpdate>::Append(ParamUpdate const&)
 .text._ZN10ListBufferI15ProcParamUpdateE6AppendERKS0_
                0x000000000003ce0c       0xe0 ./src/parameter/parm_manager.o
                0x000000000003ce0c                ListBuffer<ProcParamUpdate>::Append(ProcParamUpdate const&)
 .text._ZN10ListBufferI11ParamUpdateE10RemoveNodeEP8ListNodeIS0_E
                0x000000000003ceec       0x94 ./src/parameter/parm_manager.o
                0x000000000003ceec                ListBuffer<ParamUpdate>::RemoveNode(ListNode<ParamUpdate>*)
 .text._ZN10ListBufferI15ProcParamUpdateE10RemoveNodeEP8ListNodeIS0_E
                0x000000000003cf80       0x94 ./src/parameter/parm_manager.o
                0x000000000003cf80                ListBuffer<ProcParamUpdate>::RemoveNode(ListNode<ProcParamUpdate>*)
 .text._ZNSt7__cxx1112basic_stringIcSt11char_traitsIcESaIcEE12_M_constructIPKcEEvT_S8_St20forward_iterator_tag
                0x000000000003d014       0xb0 ./src/parameter/parm_manager.o
                0x000000000003d014                void std::__cxx11::basic_string<char, std::char_traits<char>, std::allocator<char> >::_M_construct<char const*>(char const*, char const*, std::forward_iterator_tag)
 *fill*         0x000000000003d0c4        0x4 
 .text          0x000000000003d0c8     0x5548 ./src/compiler/compile_message.o
                0x000000000003d0c8                CompensateMsg::Execute()
                0x000000000003d0c8                TimeWaitMsg::Execute()
                0x000000000003d0c8                SpindleCheckMsg::Execute()
                0x000000000003d0c8                PolarIntpMsg::Execute()
                0x000000000003d0c8                AutoToolMeasureMsg::Execute()
                0x000000000003d0c8                SubProgReturnMsg::Execute()
                0x000000000003d0c8                LoopMsg::Execute()
                0x000000000003d0c8                ClearCirclePosMsg::Execute()
                0x000000000003d0c8                SpeedMsg::Execute()
                0x000000000003d0c8                SpeedCtrlMsg::ChangeUint()
                0x000000000003d0c8                AuxMsg::Execute()
                0x000000000003d0c8                CoordMsg::Execute()
                0x000000000003d0c8                ArcMsg::Execute()
                0x000000000003d0c8                TorqueCtrlMsg::Execute()
                0x000000000003d0c8                SkipMsg::Execute()
                0x000000000003d0c8                FeedMsg::Execute()
                0x000000000003d0c8                SpeedCtrlMsg::Execute()
                0x000000000003d0c8                SubProgCallMsg::Execute()
                0x000000000003d0c8                RestartOverMsg::Execute()
                0x000000000003d0c8                ToolMsg::Execute()
                0x000000000003d0c8                MacroProgCallMsg::Execute()
                0x000000000003d0c8                ErrorMsg::Execute()
                0x000000000003d0c8                MacroCmdMsg::Execute()
                0x000000000003d0c8                RapidMsg::Execute()
                0x000000000003d0c8                ModeMsg::Execute()
                0x000000000003d0c8                LineMsg::Execute()
                0x000000000003d0c8                RefReturnMsg::Execute()
                0x000000000003d0c8                MoveMsg::Execute()
                0x000000000003d0cc                CompensateMsg::SetData(void*)
                0x000000000003d0cc                SkipMsg::GetData(void*)
                0x000000000003d0cc                RestartOverMsg::GetData(void*)
                0x000000000003d0cc                TorqueCtrlMsg::SetData(void*)
                0x000000000003d0cc                SkipMsg::SetData(void*)
                0x000000000003d0cc                SpeedMsg::GetData(void*)
                0x000000000003d0cc                TorqueCtrlMsg::GetData(void*)
                0x000000000003d0cc                RefReturnMsg::GetData(void*)
                0x000000000003d0cc                AutoToolMeasureMsg::GetData(void*)
                0x000000000003d0cc                RestartOverMsg::SetData(void*)
                0x000000000003d0cc                PolarIntpMsg::SetData(void*)
                0x000000000003d0cc                MacroCmdMsg::GetData(void*)
                0x000000000003d0cc                MoveMsg::GetData(void*)
                0x000000000003d0cc                PolarIntpMsg::GetData(void*)
                0x000000000003d0cc                LoopMsg::GetData(void*)
                0x000000000003d0cc                SpindleCheckMsg::GetData(void*)
                0x000000000003d0cc                SpeedCtrlMsg::SetData(void*)
                0x000000000003d0cc                MacroProgCallMsg::SetData(void*)
                0x000000000003d0cc                SpindleCheckMsg::SetData(void*)
                0x000000000003d0cc                SubProgCallMsg::GetData(void*)
                0x000000000003d0cc                CoordMsg::SetData(void*)
                0x000000000003d0cc                TimeWaitMsg::SetData(void*)
                0x000000000003d0cc                SpeedCtrlMsg::GetData(void*)
                0x000000000003d0cc                SubProgCallMsg::SetData(void*)
                0x000000000003d0cc                AutoToolMeasureMsg::SetData(void*)
                0x000000000003d0cc                ToolMsg::GetData(void*)
                0x000000000003d0cc                FeedMsg::SetData(void*)
                0x000000000003d0cc                CompensateMsg::GetData(void*)
                0x000000000003d0cc                MacroCmdMsg::SetData(void*)
                0x000000000003d0cc                TimeWaitMsg::GetData(void*)
                0x000000000003d0cc                RapidMsg::SetData(void*)
                0x000000000003d0cc                AuxMsg::GetData(void*)
                0x000000000003d0cc                LoopMsg::SetData(void*)
                0x000000000003d0cc                ErrorMsg::GetData(void*)
                0x000000000003d0cc                ClearCirclePosMsg::SetData(void*)
                0x000000000003d0cc                CoordMsg::GetData(void*)
                0x000000000003d0cc                SubProgReturnMsg::SetData(void*)
                0x000000000003d0cc                ToolMsg::SetData(void*)
                0x000000000003d0cc                ArcMsg::GetData(void*)
                0x000000000003d0cc                LineMsg::GetData(void*)
                0x000000000003d0cc                FeedMsg::GetData(void*)
                0x000000000003d0cc                ModeMsg::SetData(void*)
                0x000000000003d0cc                SubProgReturnMsg::GetData(void*)
                0x000000000003d0cc                LineMsg::SetData(void*)
                0x000000000003d0cc                ModeMsg::GetData(void*)
                0x000000000003d0cc                RapidMsg::GetData(void*)
                0x000000000003d0cc                RefReturnMsg::SetData(void*)
                0x000000000003d0cc                MoveMsg::SetData(void*)
                0x000000000003d0cc                MacroProgCallMsg::GetData(void*)
                0x000000000003d0cc                ArcMsg::SetData(void*)
                0x000000000003d0cc                ClearCirclePosMsg::GetData(void*)
                0x000000000003d0cc                ErrorMsg::SetData(void*)
                0x000000000003d0cc                AuxMsg::SetData(void*)
                0x000000000003d0cc                SpeedMsg::SetData(void*)
                0x000000000003d0d0                ErrorMsg::GetOutputData(GCodeFrame*, unsigned int, bool)
                0x000000000003d0d0                AuxMsg::GetOutputData(GCodeFrame*, unsigned int, bool)
                0x000000000003d0d0                TorqueCtrlMsg::GetOutputData(GCodeFrame*, unsigned int, bool)
                0x000000000003d0d0                ModeMsg::GetOutputData(GCodeFrame*, unsigned int, bool)
                0x000000000003d0d0                SubProgReturnMsg::GetOutputData(GCodeFrame*, unsigned int, bool)
                0x000000000003d0d0                MacroProgCallMsg::GetOutputData(GCodeFrame*, unsigned int, bool)
                0x000000000003d0d0                MoveMsg::GetOutputData(GCodeFrame*, unsigned int, bool)
                0x000000000003d0d0                RestartOverMsg::GetOutputData(GCodeFrame*, unsigned int, bool)
                0x000000000003d0d0                SpeedMsg::GetOutputData(GCodeFrame*, unsigned int, bool)
                0x000000000003d0d0                LoopMsg::GetOutputData(GCodeFrame*, unsigned int, bool)
                0x000000000003d0d0                RefReturnMsg::GetOutputData(GCodeFrame*, unsigned int, bool)
                0x000000000003d0d0                FeedMsg::GetOutputData(GCodeFrame*, unsigned int, bool)
                0x000000000003d0d0                TimeWaitMsg::GetOutputData(GCodeFrame*, unsigned int, bool)
                0x000000000003d0d0                SubProgCallMsg::GetOutputData(GCodeFrame*, unsigned int, bool)
                0x000000000003d0d0                ClearCirclePosMsg::GetOutputData(GCodeFrame*, unsigned int, bool)
                0x000000000003d0d0                ToolMsg::GetOutputData(GCodeFrame*, unsigned int, bool)
                0x000000000003d0d0                SpeedCtrlMsg::GetOutputData(GCodeFrame*, unsigned int, bool)
                0x000000000003d0d8                CoordMsg::GetSimulateData(CompilerSimData&)
                0x000000000003d108                RefReturnMsg::GetSimulateData(CompilerSimData&)
                0x000000000003d138                CompensateMsg::GetSimulateData(CompilerSimData&)
                0x000000000003d178                RapidMsg::~RapidMsg()
                0x000000000003d178                RapidMsg::~RapidMsg()
                0x000000000003d17c                RapidMsg::GetSimulateData(CompilerSimData&)
                0x000000000003d1ac                LineMsg::~LineMsg()
                0x000000000003d1ac                LineMsg::~LineMsg()
                0x000000000003d1b0                LineMsg::GetSimulateData(CompilerSimData&)
                0x000000000003d1e0                MacroCmdMsg::GetOutputData(GCodeFrame*, unsigned int, bool)
                0x000000000003d1e0                PolarIntpMsg::GetOutputData(GCodeFrame*, unsigned int, bool)
                0x000000000003d1e0                SpindleCheckMsg::GetOutputData(GCodeFrame*, unsigned int, bool)
                0x000000000003d1e8                RapidMsg::~RapidMsg()
                0x000000000003d200                LineMsg::~LineMsg()
                0x000000000003d218                ErrorMsg::PrintString()
                0x000000000003d244                RestartOverMsg::PrintString()
                0x000000000003d254                ModeMsg::PrintString()
                0x000000000003d280                MoveMsg::PrintString()
                0x000000000003d2b0                CoordMsg::PrintString()
                0x000000000003d2dc                LoopMsg::PrintString()
                0x000000000003d308                FeedMsg::PrintString()
                0x000000000003d33c                SpeedMsg::PrintString()
                0x000000000003d368                ToolMsg::PrintString()
                0x000000000003d394                TimeWaitMsg::PrintString()
                0x000000000003d3c0                RefReturnMsg::PrintString()
                0x000000000003d3d0                SkipMsg::PrintString()
                0x000000000003d3e0                AutoToolMeasureMsg::PrintString()
                0x000000000003d3f0                AuxMsg::PrintString()
                0x000000000003d41c                SubProgCallMsg::PrintString()
                0x000000000003d454                MacroProgCallMsg::PrintString()
                0x000000000003d484                SubProgReturnMsg::PrintString()
                0x000000000003d494                CompensateMsg::PrintString()
                0x000000000003d4d8                RapidMsg::PrintString()
                0x000000000003d514                LineMsg::PrintString()
                0x000000000003d550                ArcMsg::PrintString()
                0x000000000003d594                SpindleCheckMsg::PrintString()
                0x000000000003d5a4                MacroCmdMsg::PrintString()
                0x000000000003d5b4                PolarIntpMsg::PrintString()
                0x000000000003d5c4                ClearCirclePosMsg::PrintString()
                0x000000000003d5f0                SpeedCtrlMsg::PrintString()
                0x000000000003d64c                TorqueCtrlMsg::PrintString()
                0x000000000003d6a8                RapidMsg::GetOutputData(GCodeFrame*, unsigned int, bool)
                0x000000000003d808                LineMsg::GetOutputData(GCodeFrame*, unsigned int, bool)
                0x000000000003d990                ArcMsg::GetOutputData(GCodeFrame*, unsigned int, bool)
                0x000000000003dc10                ArcMsg::GetSimulateData(CompilerSimData&)
                0x000000000003dce0                MacroProgCallMsg::~MacroProgCallMsg()
                0x000000000003dce0                MacroProgCallMsg::~MacroProgCallMsg()
                0x000000000003dd0c                MacroProgCallMsg::~MacroProgCallMsg()
                0x000000000003dd44                SpeedCtrlMsg::~SpeedCtrlMsg()
                0x000000000003dd44                SpeedCtrlMsg::~SpeedCtrlMsg()
                0x000000000003dd70                SpeedCtrlMsg::~SpeedCtrlMsg()
                0x000000000003dda8                TorqueCtrlMsg::~TorqueCtrlMsg()
                0x000000000003dda8                TorqueCtrlMsg::~TorqueCtrlMsg()
                0x000000000003ddd4                TorqueCtrlMsg::~TorqueCtrlMsg()
                0x000000000003de0c                CoordMsg::GetOutputData(GCodeFrame*, unsigned int, bool)
                0x000000000003df80                CompensateMsg::GetOutputData(GCodeFrame*, unsigned int, bool)
                0x000000000003e120                RecordMsg::RecordMsg()
                0x000000000003e120                RecordMsg::RecordMsg()
                0x000000000003e14c                RecordMsg::~RecordMsg()
                0x000000000003e14c                RecordMsg::~RecordMsg()
                0x000000000003e150                RecordMsg::~RecordMsg()
                0x000000000003e168                RecordMsg::SetFlag(RecordFlag, bool)
                0x000000000003e188                RecordMsg::operator=(RecordMsg const&)
                0x000000000003e1ac                operator==(RecordMsg const&, RecordMsg&)
                0x000000000003e1fc                ErrorMsg::ErrorMsg(int)
                0x000000000003e1fc                ErrorMsg::ErrorMsg(int)
                0x000000000003e238                ErrorMsg::ErrorMsg()
                0x000000000003e238                ErrorMsg::ErrorMsg()
                0x000000000003e274                ErrorMsg::operator=(ErrorMsg const&)
                0x000000000003e2ac                operator==(ErrorMsg const&, ErrorMsg&)
                0x000000000003e320                RestartOverMsg::RestartOverMsg()
                0x000000000003e320                RestartOverMsg::RestartOverMsg()
                0x000000000003e354                RestartOverMsg::operator=(RestartOverMsg const&)
                0x000000000003e378                operator==(RestartOverMsg const&, RestartOverMsg&)
                0x000000000003e3c8                ModeMsg::ModeMsg(int)
                0x000000000003e3c8                ModeMsg::ModeMsg(int)
                0x000000000003e400                ModeMsg::operator=(ModeMsg const&)
                0x000000000003e438                operator==(ModeMsg const&, ModeMsg&)
                0x000000000003e4ac                MoveMsg::MoveMsg(int)
                0x000000000003e4ac                MoveMsg::MoveMsg(int)
                0x000000000003e4e8                MoveMsg::operator=(MoveMsg const&)
                0x000000000003e528                operator==(MoveMsg const&, MoveMsg&)
                0x000000000003e5ac                CoordMsg::CoordMsg(DPointChn const&, DPointChn const&, int, unsigned int)
                0x000000000003e5ac                CoordMsg::CoordMsg(DPointChn const&, DPointChn const&, int, unsigned int)
                0x000000000003e668                CoordMsg::operator=(CoordMsg const&)
                0x000000000003e6b8                operator==(CoordMsg const&, CoordMsg&)
                0x000000000003e744                LoopMsg::LoopMsg(int, double*, unsigned char, unsigned int)
                0x000000000003e744                LoopMsg::LoopMsg(int, double*, unsigned char, unsigned int)
                0x000000000003e78c                LoopMsg::GetMacroProgIndex()
                0x000000000003e88c                LoopMsg::GetMacroProgName(char*, bool)
                0x000000000003ed4c                LoopMsg::GetParameter(unsigned int&, unsigned char&)
                0x000000000003ed64                LoopMsg::SetLastProgFile(char*)
                0x000000000003ed90                LoopMsg::GetLastProgFile(char*)
                0x000000000003eda4                LoopMsg::operator=(LoopMsg const&)
                0x000000000003ee48                operator==(LoopMsg const&, LoopMsg&)
                0x000000000003ef34                FeedMsg::FeedMsg(double, double)
                0x000000000003ef34                FeedMsg::FeedMsg(double, double)
                0x000000000003ef70                FeedMsg::operator=(FeedMsg const&)
                0x000000000003efa8                operator==(FeedMsg const&, FeedMsg&)
                0x000000000003f024                SpeedMsg::SpeedMsg(double)
                0x000000000003f024                SpeedMsg::SpeedMsg(double)
                0x000000000003f05c                SpeedMsg::operator=(SpeedMsg const&)
                0x000000000003f08c                operator==(SpeedMsg const&, SpeedMsg&)
                0x000000000003f0f4                ToolMsg::ToolMsg(int*, unsigned char)
                0x000000000003f0f4                ToolMsg::ToolMsg(int*, unsigned char)
                0x000000000003f19c                ToolMsg::IsFirstExec()
                0x000000000003f1ec                ToolMsg::GetSubProgName(char*, bool)
                0x000000000003f5dc                ToolMsg::operator=(ToolMsg const&)
                0x000000000003f658                operator==(ToolMsg const&, ToolMsg&)
                0x000000000003f714                TimeWaitMsg::TimeWaitMsg(unsigned int)
                0x000000000003f714                TimeWaitMsg::TimeWaitMsg(unsigned int)
                0x000000000003f758                TimeWaitMsg::operator=(TimeWaitMsg const&)
                0x000000000003f788                operator==(TimeWaitMsg const&, TimeWaitMsg&)
                0x000000000003f7ec                RefReturnMsg::RefReturnMsg(int, unsigned int, DPointChn&)
                0x000000000003f7ec                RefReturnMsg::RefReturnMsg(int, unsigned int, DPointChn&)
                0x000000000003f868                RefReturnMsg::operator=(RefReturnMsg const&)
                0x000000000003f8b0                operator==(RefReturnMsg const&, RefReturnMsg&)
                0x000000000003f91c                SkipMsg::operator=(SkipMsg const&)
                0x000000000003f980                operator==(SkipMsg const&, SkipMsg&)
                0x000000000003fa34                AutoToolMeasureMsg::AutoToolMeasureMsg(DPointChn const&, unsigned int, int, int)
                0x000000000003fa34                AutoToolMeasureMsg::AutoToolMeasureMsg(DPointChn const&, unsigned int, int, int)
                0x000000000003fac8                AutoToolMeasureMsg::GetMacroProgName(char*, bool)
                0x000000000003fcd8                AutoToolMeasureMsg::operator=(AutoToolMeasureMsg const&)
                0x000000000003fd28                operator==(AutoToolMeasureMsg const&, AutoToolMeasureMsg&)
                0x000000000003fdc4                AuxMsg::AuxMsg(int)
                0x000000000003fdc4                AuxMsg::AuxMsg(int)
                0x000000000003fe40                AuxMsg::AuxMsg(int*, unsigned char)
                0x000000000003fe40                AuxMsg::AuxMsg(int*, unsigned char)
                0x000000000003feec                AuxMsg::IsFirstExec()
                0x000000000003ff3c                AuxMsg::operator=(AuxMsg const&)
                0x000000000003ffc8                operator==(AuxMsg const&, AuxMsg&)
                0x0000000000040074                SubProgCallMsg::SubProgCallMsg(int, int)
                0x0000000000040074                SubProgCallMsg::SubProgCallMsg(int, int)
                0x00000000000400cc                SubProgCallMsg::SetLastProgFile(char*)
                0x00000000000400f8                SubProgCallMsg::GetLastProgFile(char*)
                0x000000000004010c                SubProgCallMsg::GetSubProgName(char*, bool)
                0x00000000000404fc                SubProgCallMsg::operator=(SubProgCallMsg const&)
                0x0000000000040564                operator==(SubProgCallMsg const&, SubProgCallMsg&)
                0x00000000000405f8                MacroProgCallMsg::MacroProgCallMsg(int, int, double*, unsigned char, unsigned int)
                0x00000000000405f8                MacroProgCallMsg::MacroProgCallMsg(int, int, double*, unsigned char, unsigned int)
                0x0000000000040650                MacroProgCallMsg::GetParameter(unsigned int&, unsigned char&)
                0x0000000000040668                MacroProgCallMsg::SetLastProgFile(char*)
                0x0000000000040694                MacroProgCallMsg::GetLastProgFile(char*)
                0x00000000000406a8                MacroProgCallMsg::GetMacroProgName(char*, bool)
                0x0000000000040a98                MacroProgCallMsg::operator=(MacroProgCallMsg const&)
                0x0000000000040b4c                operator==(MacroProgCallMsg const&, MacroProgCallMsg&)
                0x0000000000040c58                SubProgReturnMsg::SubProgReturnMsg(char*, bool)
                0x0000000000040c58                SubProgReturnMsg::SubProgReturnMsg(char*, bool)
                0x0000000000040ca8                SubProgReturnMsg::operator=(SubProgReturnMsg const&)
                0x0000000000040cf8                operator==(SubProgReturnMsg const&, SubProgReturnMsg&)
                0x0000000000040d68                CompensateMsg::operator=(CompensateMsg const&)
                0x0000000000040dcc                operator==(CompensateMsg const&, CompensateMsg&)
                0x0000000000040e6c                RapidMsg::RapidMsg(DPointChn const&, DPointChn const&, unsigned int)
                0x0000000000040e6c                RapidMsg::RapidMsg(DPointChn const&, DPointChn const&, unsigned int)
                0x0000000000040f28                RapidMsg::SetPmcAxisData(unsigned char)
                0x0000000000040f40                RapidMsg::RefreshTargetPos(DPointChn&)
                0x0000000000040f98                RapidMsg::operator=(RapidMsg const&)
                0x0000000000040ffc                operator==(RapidMsg const&, RapidMsg&)
                0x000000000004108c                LineMsg::LineMsg(DPointChn const&, DPointChn const&, double, unsigned int)
                0x000000000004108c                LineMsg::LineMsg(DPointChn const&, DPointChn const&, double, unsigned int)
                0x000000000004115c                SkipMsg::SkipMsg(DPointChn const&, DPointChn const&, double, unsigned int)
                0x000000000004115c                SkipMsg::SkipMsg(DPointChn const&, DPointChn const&, double, unsigned int)
                0x0000000000041198                CompensateMsg::CompensateMsg(int, unsigned short, DPointChn const&, DPointChn const&, unsigned int, double, unsigned char)
                0x0000000000041198                CompensateMsg::CompensateMsg(int, unsigned short, DPointChn const&, DPointChn const&, unsigned int, double, unsigned char)
                0x0000000000041200                LineMsg::SetPmcAxisData(unsigned char)
                0x0000000000041230                LineMsg::RefreshTargetPos(DPointChn&)
                0x00000000000412d4                LineMsg::operator=(LineMsg const&)
                0x0000000000041338                operator==(LineMsg const&, LineMsg&)
                0x00000000000413c8                ArcMsg::ArcMsg(int, DPointChn const&, DPointChn const&, DPointChn const&, double const&, double, unsigned int, signed char, signed char, signed char)
                0x00000000000413c8                ArcMsg::ArcMsg(int, DPointChn const&, DPointChn const&, DPointChn const&, double const&, double, unsigned int, signed char, signed char, signed char)
                0x00000000000414d0                ArcMsg::CalArcCenter(DPointChn const&, DPointChn const&, double const&, signed char, unsigned short, DPointChn&)
                0x00000000000416b0                ArcMsg::RefreshTargetPos(DPointChn&)
                0x000000000004179c                ArcMsg::operator=(ArcMsg const&)
                0x000000000004181c                operator==(ArcMsg const&, ArcMsg&)
                0x0000000000041900                SpindleCheckMsg::SpindleCheckMsg(int, int, int, int, int)
                0x0000000000041900                SpindleCheckMsg::SpindleCheckMsg(int, int, int, int, int)
                0x0000000000041950                SpindleCheckMsg::operator=(SpindleCheckMsg const&)
                0x0000000000041998                operator==(SpindleCheckMsg const&, SpindleCheckMsg&)
                0x0000000000041a3c                MacroCmdMsg::operator=(MacroCmdMsg&)
                0x0000000000041aa8                operator==(MacroCmdMsg&, MacroCmdMsg&)
                0x0000000000041b2c                PolarIntpMsg::PolarIntpMsg(int, int, int, int, int, int, int, int, int)
                0x0000000000041b2c                PolarIntpMsg::PolarIntpMsg(int, int, int, int, int, int, int, int, int)
                0x0000000000041ba4                PolarIntpMsg::operator=(PolarIntpMsg const&)
                0x0000000000041c0c                operator==(PolarIntpMsg const&, PolarIntpMsg&)
                0x0000000000041cf0                ClearCirclePosMsg::ClearCirclePosMsg(int, unsigned int, int)
                0x0000000000041cf0                ClearCirclePosMsg::ClearCirclePosMsg(int, unsigned int, int)
                0x0000000000041d3c                ClearCirclePosMsg::operator=(ClearCirclePosMsg const&)
                0x0000000000041d7c                operator==(ClearCirclePosMsg const&, ClearCirclePosMsg&)
                0x0000000000041e00                SpeedCtrlMsg::SpeedCtrlMsg(int, double*, unsigned char, unsigned int)
                0x0000000000041e00                SpeedCtrlMsg::SpeedCtrlMsg(int, double*, unsigned char, unsigned int)
                0x0000000000041ed8                SpeedCtrlMsg::GetTargetValue(unsigned char&, unsigned int&)
                0x0000000000041ef0                SpeedCtrlMsg::operator=(SpeedCtrlMsg const&)
                0x0000000000041f80                operator==(SpeedCtrlMsg const&, SpeedCtrlMsg&)
                0x0000000000042048                TorqueCtrlMsg::TorqueCtrlMsg(int, double*, unsigned char, unsigned int, unsigned int)
                0x0000000000042048                TorqueCtrlMsg::TorqueCtrlMsg(int, double*, unsigned char, unsigned int, unsigned int)
                0x0000000000042130                TorqueCtrlMsg::GetTargetValue(unsigned char&, unsigned int&)
                0x0000000000042148                TorqueCtrlMsg::operator=(TorqueCtrlMsg const&)
                0x00000000000421dc                operator==(TorqueCtrlMsg const&, TorqueCtrlMsg&)
                0x00000000000422b8                MacroCmdMsg::MacroCmdMsg(LexerMacroCmd*)
                0x00000000000422b8                MacroCmdMsg::MacroCmdMsg(LexerMacroCmd*)
 .text._ZN9RecordMsg15GetSimulateDataER15CompilerSimData
                0x0000000000042610        0x8 ./src/compiler/compile_message.o
                0x0000000000042610                RecordMsg::GetSimulateData(CompilerSimData&)
 .text._ZN7SkipMsgD2Ev
                0x0000000000042618        0x4 ./src/compiler/compile_message.o
                0x0000000000042618                SkipMsg::~SkipMsg()
                0x0000000000042618                SkipMsg::~SkipMsg()
 .text._ZN7ModeMsgD2Ev
                0x000000000004261c        0x4 ./src/compiler/compile_message.o
                0x000000000004261c                ModeMsg::~ModeMsg()
                0x000000000004261c                ModeMsg::~ModeMsg()
 .text._ZN18AutoToolMeasureMsgD2Ev
                0x0000000000042620        0x4 ./src/compiler/compile_message.o
                0x0000000000042620                AutoToolMeasureMsg::~AutoToolMeasureMsg()
                0x0000000000042620                AutoToolMeasureMsg::~AutoToolMeasureMsg()
 .text._ZN6AuxMsgD2Ev
                0x0000000000042624        0x4 ./src/compiler/compile_message.o
                0x0000000000042624                AuxMsg::~AuxMsg()
                0x0000000000042624                AuxMsg::~AuxMsg()
 .text._ZN7MoveMsgD2Ev
                0x0000000000042628        0x4 ./src/compiler/compile_message.o
                0x0000000000042628                MoveMsg::~MoveMsg()
                0x0000000000042628                MoveMsg::~MoveMsg()
 .text._ZN17ClearCirclePosMsgD2Ev
                0x000000000004262c        0x4 ./src/compiler/compile_message.o
                0x000000000004262c                ClearCirclePosMsg::~ClearCirclePosMsg()
                0x000000000004262c                ClearCirclePosMsg::~ClearCirclePosMsg()
 .text._ZN12PolarIntpMsgD2Ev
                0x0000000000042630        0x4 ./src/compiler/compile_message.o
                0x0000000000042630                PolarIntpMsg::~PolarIntpMsg()
                0x0000000000042630                PolarIntpMsg::~PolarIntpMsg()
 .text._ZN15SpindleCheckMsgD2Ev
                0x0000000000042634        0x4 ./src/compiler/compile_message.o
                0x0000000000042634                SpindleCheckMsg::~SpindleCheckMsg()
                0x0000000000042634                SpindleCheckMsg::~SpindleCheckMsg()
 .text._ZN6ArcMsgD2Ev
                0x0000000000042638        0x4 ./src/compiler/compile_message.o
                0x0000000000042638                ArcMsg::~ArcMsg()
                0x0000000000042638                ArcMsg::~ArcMsg()
 .text._ZN13CompensateMsgD2Ev
                0x000000000004263c        0x4 ./src/compiler/compile_message.o
                0x000000000004263c                CompensateMsg::~CompensateMsg()
                0x000000000004263c                CompensateMsg::~CompensateMsg()
 .text._ZN7LoopMsgD2Ev
                0x0000000000042640        0x4 ./src/compiler/compile_message.o
                0x0000000000042640                LoopMsg::~LoopMsg()
                0x0000000000042640                LoopMsg::~LoopMsg()
 .text._ZN16SubProgReturnMsgD2Ev
                0x0000000000042644        0x4 ./src/compiler/compile_message.o
                0x0000000000042644                SubProgReturnMsg::~SubProgReturnMsg()
                0x0000000000042644                SubProgReturnMsg::~SubProgReturnMsg()
 .text._ZN14SubProgCallMsgD2Ev
                0x0000000000042648        0x4 ./src/compiler/compile_message.o
                0x0000000000042648                SubProgCallMsg::~SubProgCallMsg()
                0x0000000000042648                SubProgCallMsg::~SubProgCallMsg()
 .text._ZN12RefReturnMsgD2Ev
                0x000000000004264c        0x4 ./src/compiler/compile_message.o
                0x000000000004264c                RefReturnMsg::~RefReturnMsg()
                0x000000000004264c                RefReturnMsg::~RefReturnMsg()
 .text._ZN11TimeWaitMsgD2Ev
                0x0000000000042650        0x4 ./src/compiler/compile_message.o
                0x0000000000042650                TimeWaitMsg::~TimeWaitMsg()
                0x0000000000042650                TimeWaitMsg::~TimeWaitMsg()
 .text._ZN7ToolMsgD2Ev
                0x0000000000042654        0x4 ./src/compiler/compile_message.o
                0x0000000000042654                ToolMsg::~ToolMsg()
                0x0000000000042654                ToolMsg::~ToolMsg()
 .text._ZN8SpeedMsgD2Ev
                0x0000000000042658        0x4 ./src/compiler/compile_message.o
                0x0000000000042658                SpeedMsg::~SpeedMsg()
                0x0000000000042658                SpeedMsg::~SpeedMsg()
 .text._ZN7FeedMsgD2Ev
                0x000000000004265c        0x4 ./src/compiler/compile_message.o
                0x000000000004265c                FeedMsg::~FeedMsg()
                0x000000000004265c                FeedMsg::~FeedMsg()
 .text._ZN8CoordMsgD2Ev
                0x0000000000042660        0x4 ./src/compiler/compile_message.o
                0x0000000000042660                CoordMsg::~CoordMsg()
                0x0000000000042660                CoordMsg::~CoordMsg()
 .text._ZN14RestartOverMsgD2Ev
                0x0000000000042664        0x4 ./src/compiler/compile_message.o
                0x0000000000042664                RestartOverMsg::~RestartOverMsg()
                0x0000000000042664                RestartOverMsg::~RestartOverMsg()
 .text._ZN8ErrorMsgD2Ev
                0x0000000000042668        0x4 ./src/compiler/compile_message.o
                0x0000000000042668                ErrorMsg::~ErrorMsg()
                0x0000000000042668                ErrorMsg::~ErrorMsg()
 .text._ZN7ModeMsgD0Ev
                0x000000000004266c       0x18 ./src/compiler/compile_message.o
                0x000000000004266c                ModeMsg::~ModeMsg()
 .text._ZN7MoveMsgD0Ev
                0x0000000000042684       0x18 ./src/compiler/compile_message.o
                0x0000000000042684                MoveMsg::~MoveMsg()
 .text._ZN13CompensateMsgD0Ev
                0x000000000004269c       0x18 ./src/compiler/compile_message.o
                0x000000000004269c                CompensateMsg::~CompensateMsg()
 .text._ZN7SkipMsgD0Ev
                0x00000000000426b4       0x18 ./src/compiler/compile_message.o
                0x00000000000426b4                SkipMsg::~SkipMsg()
 .text._ZN6ArcMsgD0Ev
                0x00000000000426cc       0x18 ./src/compiler/compile_message.o
                0x00000000000426cc                ArcMsg::~ArcMsg()
 .text._ZN17ClearCirclePosMsgD0Ev
                0x00000000000426e4       0x18 ./src/compiler/compile_message.o
                0x00000000000426e4                ClearCirclePosMsg::~ClearCirclePosMsg()
 .text._ZN12PolarIntpMsgD0Ev
                0x00000000000426fc       0x18 ./src/compiler/compile_message.o
                0x00000000000426fc                PolarIntpMsg::~PolarIntpMsg()
 .text._ZN15SpindleCheckMsgD0Ev
                0x0000000000042714       0x18 ./src/compiler/compile_message.o
                0x0000000000042714                SpindleCheckMsg::~SpindleCheckMsg()
 .text._ZN18AutoToolMeasureMsgD0Ev
                0x000000000004272c       0x18 ./src/compiler/compile_message.o
                0x000000000004272c                AutoToolMeasureMsg::~AutoToolMeasureMsg()
 .text._ZN7LoopMsgD0Ev
                0x0000000000042744       0x18 ./src/compiler/compile_message.o
                0x0000000000042744                LoopMsg::~LoopMsg()
 .text._ZN12RefReturnMsgD0Ev
                0x000000000004275c       0x18 ./src/compiler/compile_message.o
                0x000000000004275c                RefReturnMsg::~RefReturnMsg()
 .text._ZN11TimeWaitMsgD0Ev
                0x0000000000042774       0x18 ./src/compiler/compile_message.o
                0x0000000000042774                TimeWaitMsg::~TimeWaitMsg()
 .text._ZN8CoordMsgD0Ev
                0x000000000004278c       0x18 ./src/compiler/compile_message.o
                0x000000000004278c                CoordMsg::~CoordMsg()
 .text._ZN6AuxMsgD0Ev
                0x00000000000427a4       0x18 ./src/compiler/compile_message.o
                0x00000000000427a4                AuxMsg::~AuxMsg()
 .text._ZN16SubProgReturnMsgD0Ev
                0x00000000000427bc       0x18 ./src/compiler/compile_message.o
                0x00000000000427bc                SubProgReturnMsg::~SubProgReturnMsg()
 .text._ZN14SubProgCallMsgD0Ev
                0x00000000000427d4       0x18 ./src/compiler/compile_message.o
                0x00000000000427d4                SubProgCallMsg::~SubProgCallMsg()
 .text._ZN7ToolMsgD0Ev
                0x00000000000427ec       0x18 ./src/compiler/compile_message.o
                0x00000000000427ec                ToolMsg::~ToolMsg()
 .text._ZN8SpeedMsgD0Ev
                0x0000000000042804       0x18 ./src/compiler/compile_message.o
                0x0000000000042804                SpeedMsg::~SpeedMsg()
 .text._ZN7FeedMsgD0Ev
                0x000000000004281c       0x18 ./src/compiler/compile_message.o
                0x000000000004281c                FeedMsg::~FeedMsg()
 .text._ZN14RestartOverMsgD0Ev
                0x0000000000042834       0x18 ./src/compiler/compile_message.o
                0x0000000000042834                RestartOverMsg::~RestartOverMsg()
 .text._ZN8ErrorMsgD0Ev
                0x000000000004284c       0x18 ./src/compiler/compile_message.o
                0x000000000004284c                ErrorMsg::~ErrorMsg()
 .text._ZNSt11_Deque_baseI8MacroRecSaIS0_EED2Ev
                0x0000000000042864       0x48 ./src/compiler/compile_message.o
                0x0000000000042864                std::_Deque_base<MacroRec, std::allocator<MacroRec> >::~_Deque_base()
                0x0000000000042864                std::_Deque_base<MacroRec, std::allocator<MacroRec> >::~_Deque_base()
 .text._ZN11MacroCmdMsgD2Ev
                0x00000000000428ac       0x28 ./src/compiler/compile_message.o
                0x00000000000428ac                MacroCmdMsg::~MacroCmdMsg()
                0x00000000000428ac                MacroCmdMsg::~MacroCmdMsg()
 .text._ZN11MacroCmdMsgD0Ev
                0x00000000000428d4       0x34 ./src/compiler/compile_message.o
                0x00000000000428d4                MacroCmdMsg::~MacroCmdMsg()
 .text          0x0000000000042908     0x9354 ./src/compiler/compiler.o
                0x0000000000043a38                Compiler::SetCurPos(DPoint const&)
                0x0000000000043abc                Compiler::SetCurPos(DPointChn const&)
                0x0000000000043ad0                Compiler::SetCurGMode()
                0x0000000000043b1c                Compiler::GetPreScanLine(char*, unsigned long long&, AsFileMapInfo&)
                0x0000000000043e3c                Compiler::PreScanLine2(char*, unsigned long long, unsigned long long, bool&, CompilerScene*)
                0x0000000000044078                Compiler::CompileOver()
                0x0000000000044240                Compiler::RecycleCompile()
                0x00000000000442cc                Compiler::ResetState()
                0x0000000000044358                Compiler::DoIdle()
                0x000000000004435c                Compiler::IsNewLineChar(char*)
                0x0000000000044378                Compiler::GetCurNcFile(char*)
                0x0000000000044390                Compiler::GetLineData()
                0x00000000000443b4                Compiler::RunModeMsg(RecordMsg*)
                0x000000000004449c                Compiler::RunFeedMsg(RecordMsg*)
                0x00000000000444b4                Compiler::RunSpeedMsg(RecordMsg*)
                0x00000000000444cc                Compiler::RunPolarIntpMsg(RecordMsg*)
                0x0000000000044510                Compiler::RunTimeWaitMsg(RecordMsg*)
                0x0000000000044528                Compiler::RunRefReturnMsg(RecordMsg*)
                0x00000000000445c0                Compiler::RunSkipMsg(RecordMsg*)
                0x00000000000446ac                Compiler::RunSpeedCtrlMsg(RecordMsg*)
                0x00000000000446c4                Compiler::RunTorqueCtrlMsg(RecordMsg*)
                0x00000000000446fc                Compiler::RunClearCirclePosMsg(RecordMsg*)
                0x0000000000044714                Compiler::RunToolMsg(RecordMsg*)
                0x0000000000044728                Compiler::RunErrorMsg(RecordMsg*)
                0x0000000000044778                Compiler::GetHeadInfo()
                0x0000000000044780                Compiler::DoLexer()
                0x00000000000447bc                Compiler::ProcessMain()
                0x0000000000044860                Compiler::CheckHead()
                0x00000000000448a0                Compiler::CompileHead()
                0x00000000000448bc                Compiler::DoParser()
                0x00000000000448dc                Compiler::GetMacroSubProgPath(int, int, bool, char*)
                0x0000000000044a6c                Compiler::FindSubProgram(int)
                0x0000000000044ab4                Compiler::FindJumpLabel(int, unsigned long long&, unsigned long long&)
                0x0000000000044b30                Compiler::JumpToLoopHead(LoopOffset&)
                0x0000000000044b88                Compiler::UnmapCurNcFile()
                0x0000000000044b90                Compiler::RemapCurNcFile()
                0x0000000000044b98                Compiler::SetAxisNameEx(bool)
                0x0000000000044bac                Compiler::SetRestartPara(unsigned long long, unsigned char)
                0x0000000000044bc0                Compiler::RefreshBlockMovePos(DPointChn&)
                0x0000000000044d18                Compiler::MapAxisNameToParamIdx(unsigned char)
                0x0000000000044d30                Compiler::SaveLoopParam(LoopMsg*)
                0x0000000000044d3c                Compiler::ResetLoopParam()
                0x0000000000044d6c                Compiler::FindPreStartSpdCmd(unsigned long long, unsigned long long, SpindleStartOffset&)
                0x0000000000044e18                Compiler::ProcessFiveAxisRotPos(DPoint&, DPoint&, unsigned int)
                0x0000000000044f50                Compiler::ProcessFiveAxisRotPos(DPointChn&, DPointChn&, unsigned int)
                0x0000000000045088                Compiler::RunCoordMsg(RecordMsg*)
                0x00000000000451cc                Compiler::RunRapidMsg(RecordMsg*)
                0x00000000000452c8                Compiler::RunLineMsg(RecordMsg*)
                0x0000000000045428                Compiler::RunArcMsg(RecordMsg*)
                0x0000000000045530                Compiler::RunCompensateMsg(RecordMsg*)
                0x0000000000045740                Compiler::CheckJumpGoto(unsigned long long, unsigned long long)
                0x0000000000045a24                Compiler::JumpToLoopEnd(LoopOffset&)
                0x0000000000045c60                Compiler::OpenFile(char const*, bool)
                0x00000000000461b8                Compiler::PreScanLine1(char*, unsigned long long, unsigned long long, bool&, DataStack<LoopOffset>&, CompilerScene*)
                0x00000000000472f0                Compiler::PreScan()
                0x0000000000047858                Compiler::PreScanThread(void*)
                0x00000000000478e0                Compiler::CreateErrorMsg(ErrorType, unsigned long long)
                0x000000000004793c                Compiler::JumpLine(int, unsigned long long, MacroCmdMsg*)
                0x00000000000479f4                Compiler::ProcessHead()
                0x0000000000047a5c                Compiler::CompileLine()
                0x0000000000047a80                Compiler::RunMacroMsg(RecordMsg*)
                0x0000000000048724                Compiler::OpenFileInScene(char const*)
                0x0000000000048d1c                Compiler::InitCompiler()
                0x00000000000490cc                Compiler::SaveScene()
                0x00000000000497cc                Compiler::RunSubProgCallMsg(RecordMsg*)
                0x0000000000049a84                Compiler::RunMacroProgCallMsg(RecordMsg*)
                0x0000000000049ab4                Compiler::RunAutoToolMeasureMsg(RecordMsg*)
                0x0000000000049c88                Compiler::RunLoopMsg(RecordMsg*)
                0x0000000000049f7c                Compiler::CallMarcoProgWithNoPara(int)
                0x000000000004a0d4                Compiler::ReloadScene(bool)
                0x000000000004a6c4                Compiler::SetMode(CompilerWorkMode)
                0x000000000004a7ac                Compiler::Reset()
                0x000000000004ad00                Compiler::ReturnFromSubProg()
                0x000000000004b00c                Compiler::RunAuxMsg(RecordMsg*)
                0x000000000004b118                Compiler::RunMessage()
                0x000000000004b538                Compiler::Compiler(ChannelControl*)
                0x000000000004b538                Compiler::Compiler(ChannelControl*)
                0x000000000004b920                Compiler::~Compiler()
                0x000000000004b920                Compiler::~Compiler()
                0x000000000004bc3c                Compiler::~Compiler()
 .text._ZN10ListBufferI11LabelOffsetED2Ev
                0x000000000004bc5c       0x44 ./src/compiler/compiler.o
                0x000000000004bc5c                ListBuffer<LabelOffset>::~ListBuffer()
                0x000000000004bc5c                ListBuffer<LabelOffset>::~ListBuffer()
 .text._ZN10ListBufferI11LabelOffsetED0Ev
                0x000000000004bca0       0x20 ./src/compiler/compiler.o
                0x000000000004bca0                ListBuffer<LabelOffset>::~ListBuffer()
 .text._ZN10ListBufferI13SubProgOffsetED2Ev
                0x000000000004bcc0       0x44 ./src/compiler/compiler.o
                0x000000000004bcc0                ListBuffer<SubProgOffset>::~ListBuffer()
                0x000000000004bcc0                ListBuffer<SubProgOffset>::~ListBuffer()
 .text._ZN10ListBufferI13SubProgOffsetED0Ev
                0x000000000004bd04       0x20 ./src/compiler/compiler.o
                0x000000000004bd04                ListBuffer<SubProgOffset>::~ListBuffer()
 .text._ZN10ListBufferI7LoopRecED2Ev
                0x000000000004bd24       0x44 ./src/compiler/compiler.o
                0x000000000004bd24                ListBuffer<LoopRec>::~ListBuffer()
                0x000000000004bd24                ListBuffer<LoopRec>::~ListBuffer()
 .text._ZN10ListBufferI7LoopRecED0Ev
                0x000000000004bd68       0x20 ./src/compiler/compiler.o
                0x000000000004bd68                ListBuffer<LoopRec>::~ListBuffer()
 .text._ZN10ListBufferI12IfElseOffsetED2Ev
                0x000000000004bd88       0x44 ./src/compiler/compiler.o
                0x000000000004bd88                ListBuffer<IfElseOffset>::~ListBuffer()
                0x000000000004bd88                ListBuffer<IfElseOffset>::~ListBuffer()
 .text._ZN10ListBufferI12IfElseOffsetED0Ev
                0x000000000004bdcc       0x20 ./src/compiler/compiler.o
                0x000000000004bdcc                ListBuffer<IfElseOffset>::~ListBuffer()
 .text._ZN10ListBufferI18SpindleStartOffsetED2Ev
                0x000000000004bdec       0x44 ./src/compiler/compiler.o
                0x000000000004bdec                ListBuffer<SpindleStartOffset>::~ListBuffer()
                0x000000000004bdec                ListBuffer<SpindleStartOffset>::~ListBuffer()
 .text._ZN10ListBufferI18SpindleStartOffsetED0Ev
                0x000000000004be30       0x20 ./src/compiler/compiler.o
                0x000000000004be30                ListBuffer<SpindleStartOffset>::~ListBuffer()
 .text._ZNSt6vectorI10ListBufferI12IfElseOffsetESaIS2_EED2Ev
                0x000000000004be50       0x4c ./src/compiler/compiler.o
                0x000000000004be50                std::vector<ListBuffer<IfElseOffset>, std::allocator<ListBuffer<IfElseOffset> > >::~vector()
                0x000000000004be50                std::vector<ListBuffer<IfElseOffset>, std::allocator<ListBuffer<IfElseOffset> > >::~vector()
 .text._ZN9DataStackIP8ListNodeI12IfElseOffsetEE4pushERS3_
                0x000000000004be9c       0x9c ./src/compiler/compiler.o
                0x000000000004be9c                DataStack<ListNode<IfElseOffset>*>::push(ListNode<IfElseOffset>*&)
 .text._ZN10ListBufferI13SubProgOffsetE6AppendERKS0_
                0x000000000004bf38       0xd0 ./src/compiler/compiler.o
                0x000000000004bf38                ListBuffer<SubProgOffset>::Append(SubProgOffset const&)
 .text._ZN10ListBufferI13SubProgOffsetEaSERKS1_
                0x000000000004c008       0x5c ./src/compiler/compiler.o
                0x000000000004c008                ListBuffer<SubProgOffset>::operator=(ListBuffer<SubProgOffset> const&)
 .text._ZN9DataStackI10LoopOffsetE4pushERS0_
                0x000000000004c064       0xb8 ./src/compiler/compiler.o
                0x000000000004c064                DataStack<LoopOffset>::push(LoopOffset&)
 .text._ZN10ListBufferI7LoopRecE6AppendERKS0_
                0x000000000004c11c       0xd0 ./src/compiler/compiler.o
                0x000000000004c11c                ListBuffer<LoopRec>::Append(LoopRec const&)
 .text._ZN10ListBufferI7LoopRecEaSERKS1_
                0x000000000004c1ec       0x5c ./src/compiler/compiler.o
                0x000000000004c1ec                ListBuffer<LoopRec>::operator=(ListBuffer<LoopRec> const&)
 .text._ZN9DataStackIiE4pushERi
                0x000000000004c248       0x9c ./src/compiler/compiler.o
                0x000000000004c248                DataStack<int>::push(int&)
 .text._ZN10ListBufferI12IfElseOffsetE6AppendERKS0_
                0x000000000004c2e4       0xd0 ./src/compiler/compiler.o
                0x000000000004c2e4                ListBuffer<IfElseOffset>::Append(IfElseOffset const&)
 .text._ZN10ListBufferI12IfElseOffsetEC2ERKS1_
                0x000000000004c3b4       0x68 ./src/compiler/compiler.o
                0x000000000004c3b4                ListBuffer<IfElseOffset>::ListBuffer(ListBuffer<IfElseOffset> const&)
                0x000000000004c3b4                ListBuffer<IfElseOffset>::ListBuffer(ListBuffer<IfElseOffset> const&)
 .text._ZN9DataStackIiE3popEv
                0x000000000004c41c       0x50 ./src/compiler/compiler.o
                0x000000000004c41c                DataStack<int>::pop()
 .text._ZN9DataStackIiED2Ev
                0x000000000004c46c       0x3c ./src/compiler/compiler.o
                0x000000000004c46c                DataStack<int>::~DataStack()
                0x000000000004c46c                DataStack<int>::~DataStack()
 .text._ZN9DataStackIiED0Ev
                0x000000000004c4a8       0x48 ./src/compiler/compiler.o
                0x000000000004c4a8                DataStack<int>::~DataStack()
 .text._ZN9DataStackIiE3popERi
                0x000000000004c4f0       0x6c ./src/compiler/compiler.o
                0x000000000004c4f0                DataStack<int>::pop(int&)
 .text._ZN10ListBufferI18SpindleStartOffsetE6AppendERKS0_
                0x000000000004c55c       0xd0 ./src/compiler/compiler.o
                0x000000000004c55c                ListBuffer<SpindleStartOffset>::Append(SpindleStartOffset const&)
 .text._ZN10ListBufferI18SpindleStartOffsetEaSERKS1_
                0x000000000004c62c       0x5c ./src/compiler/compiler.o
                0x000000000004c62c                ListBuffer<SpindleStartOffset>::operator=(ListBuffer<SpindleStartOffset> const&)
 .text._ZN9DataStackIbE4pushERb
                0x000000000004c688       0xa0 ./src/compiler/compiler.o
                0x000000000004c688                DataStack<bool>::push(bool&)
 .text._ZN9DataStackIbE3popEv
                0x000000000004c728       0x50 ./src/compiler/compiler.o
                0x000000000004c728                DataStack<bool>::pop()
 .text._ZN9DataStackIbED2Ev
                0x000000000004c778       0x3c ./src/compiler/compiler.o
                0x000000000004c778                DataStack<bool>::~DataStack()
                0x000000000004c778                DataStack<bool>::~DataStack()
 .text._ZN9DataStackIbED0Ev
                0x000000000004c7b4       0x48 ./src/compiler/compiler.o
                0x000000000004c7b4                DataStack<bool>::~DataStack()
 .text._ZN9DataStackI10LoopOffsetE3popEv
                0x000000000004c7fc       0x50 ./src/compiler/compiler.o
                0x000000000004c7fc                DataStack<LoopOffset>::pop()
 .text._ZN9DataStackI10LoopOffsetED2Ev