Archive member included to satisfy reference by file (symbol)

D:\FPGA\10MA_SC_Module_MultiChn\lib\release\libLitronucLicense.a(license_interface.o)
                              ./src/channel/channel_engine.o (LitronucLicInfo::LitronucLicInfo())
D:\FPGA\10MA_SC_Module_MultiChn\lib\release\libLitronucLicense.a(litronuc_des.o)
                              D:\FPGA\10MA_SC_Module_MultiChn\lib\release\libLitronucLicense.a(license_interface.o) (LitronucDES::~LitronucDES())
c:\ide\xilinx\sdk\2019.1\gnu\aarch32\nt\gcc-arm-linux-gnueabi\bin\../arm-linux-gnueabihf/libc/usr/lib/libc_nonshared.a(elf-init.oS)
                              c:/ide/xilinx/sdk/2019.1/gnu/aarch32/nt/gcc-arm-linux-gnueabi/bin/../arm-linux-gnueabihf/libc/usr/lib/crt1.o (__libc_csu_init)

Discarded input sections

 .note.GNU-stack
                0x0000000000000000        0x0 c:/ide/xilinx/sdk/2019.1/gnu/aarch32/nt/gcc-arm-linux-gnueabi/bin/../arm-linux-gnueabihf/libc/usr/lib/crt1.o
 .note.GNU-stack
                0x0000000000000000        0x0 c:/ide/xilinx/sdk/2019.1/gnu/aarch32/nt/gcc-arm-linux-gnueabi/bin/../arm-linux-gnueabihf/libc/usr/lib/crti.o
 .note.GNU-stack
                0x0000000000000000        0x0 c:/ide/xilinx/sdk/2019.1/gnu/aarch32/nt/gcc-arm-linux-gnueabi/bin/../lib/gcc/arm-linux-gnueabihf/8.2.0/crtbegin.o
 .note.GNU-stack
                0x0000000000000000        0x0 ./src/tool_compensate/tool_comp_data.o
 .group         0x0000000000000000       0x2c ./src/tool_compensate/tool_compensate.o
 .group         0x0000000000000000        0x8 ./src/tool_compensate/tool_compensate.o
 .group         0x0000000000000000        0xc ./src/tool_compensate/tool_compensate.o
 .group         0x0000000000000000        0xc ./src/tool_compensate/tool_compensate.o
 .note.GNU-stack
                0x0000000000000000        0x0 ./src/tool_compensate/tool_compensate.o
 .note.GNU-stack
                0x0000000000000000        0x0 ./src/pmc/pmc_axis_ctrl.o
 .note.GNU-stack
                0x0000000000000000        0x0 ./src/pmc/pmc_register.o
 .group         0x0000000000000000       0x2c ./src/parameter/parm_manager.o
 .group         0x0000000000000000       0x2c ./src/parameter/parm_manager.o
 .group         0x0000000000000000       0x2c ./src/parameter/parm_manager.o
 .group         0x0000000000000000       0x2c ./src/parameter/parm_manager.o
 .group         0x0000000000000000       0x2c ./src/parameter/parm_manager.o
 .group         0x0000000000000000       0x18 ./src/parameter/parm_manager.o
 .group         0x0000000000000000       0x18 ./src/parameter/parm_manager.o
 .group         0x0000000000000000       0x18 ./src/parameter/parm_manager.o
 .group         0x0000000000000000       0x18 ./src/parameter/parm_manager.o
 .group         0x0000000000000000       0x14 ./src/parameter/parm_manager.o
 .group         0x0000000000000000       0x14 ./src/parameter/parm_manager.o
 .group         0x0000000000000000       0x18 ./src/parameter/parm_manager.o
 .group         0x0000000000000000        0x8 ./src/parameter/parm_manager.o
 .group         0x0000000000000000        0xc ./src/parameter/parm_manager.o
 .group         0x0000000000000000        0x8 ./src/parameter/parm_manager.o
 .group         0x0000000000000000        0xc ./src/parameter/parm_manager.o
 .group         0x0000000000000000        0x8 ./src/parameter/parm_manager.o
 .group         0x0000000000000000        0xc ./src/parameter/parm_manager.o
 .group         0x0000000000000000        0x8 ./src/parameter/parm_manager.o
 .group         0x0000000000000000        0xc ./src/parameter/parm_manager.o
 .group         0x0000000000000000        0x8 ./src/parameter/parm_manager.o
 .group         0x0000000000000000        0xc ./src/parameter/parm_manager.o
 .group         0x0000000000000000        0xc ./src/parameter/parm_manager.o
 .group         0x0000000000000000        0xc ./src/parameter/parm_manager.o
 .group         0x0000000000000000        0xc ./src/parameter/parm_manager.o
 .group         0x0000000000000000        0xc ./src/parameter/parm_manager.o
 .group         0x0000000000000000        0xc ./src/parameter/parm_manager.o
 .note.GNU-stack
                0x0000000000000000        0x0 ./src/parameter/parm_manager.o
 .group         0x0000000000000000       0x14 ./src/compiler/compile_message.o
 .group         0x0000000000000000       0x28 ./src/compiler/compile_message.o
 .group         0x0000000000000000       0x28 ./src/compiler/compile_message.o
 .group         0x0000000000000000       0x28 ./src/compiler/compile_message.o
 .group         0x0000000000000000       0x28 ./src/compiler/compile_message.o
 .group         0x0000000000000000       0x28 ./src/compiler/compile_message.o
 .group         0x0000000000000000       0x28 ./src/compiler/compile_message.o
 .group         0x0000000000000000       0x28 ./src/compiler/compile_message.o
 .group         0x0000000000000000       0x28 ./src/compiler/compile_message.o
 .group         0x0000000000000000       0x28 ./src/compiler/compile_message.o
[...]
Memory Configuration

Name             Origin             Length             Attributes
*default*        0x0000000000000000 0xffffffffffffffff

Linker script and memory map

LOAD c:/ide/xilinx/sdk/2019.1/gnu/aarch32/nt/gcc-arm-linux-gnueabi/bin/../arm-linux-gnueabihf/libc/usr/lib/crt1.o
LOAD c:/ide/xilinx/sdk/2019.1/gnu/aarch32/nt/gcc-arm-linux-gnueabi/bin/../arm-linux-gnueabihf/libc/usr/lib/crti.o
LOAD c:/ide/xilinx/sdk/2019.1/gnu/aarch32/nt/gcc-arm-linux-gnueabi/bin/../lib/gcc/arm-linux-gnueabihf/8.2.0/crtbegin.o
LOAD ./src/tool_compensate/tool_comp_data.o
LOAD ./src/tool_compensate/tool_compensate.o
LOAD ./src/pmc/pmc_axis_ctrl.o
LOAD ./src/pmc/pmc_register.o
LOAD ./src/parameter/parm_manager.o
LOAD ./src/compiler/compile_message.o
LOAD ./src/compiler/compiler.o
LOAD ./src/compiler/compiler_data.o
LOAD ./src/compiler/lexer.o
LOAD ./src/compiler/parser.o
LOAD ./src/communication/ad_communication.o
LOAD ./src/communication/hmi_communication.o
LOAD ./src/communication/mc_communication.o
LOAD ./src/communication/mi_communication.o
LOAD ./src/channel/channel_control.o
LOAD ./src/channel/channel_engine.o
LOAD ./src/channel/channel_mode_group.o
LOAD ./src/alarm_processor/alarm_processor.o
LOAD ./src/Algorithm/coord_processor.o
LOAD ./src/geometry_data.o
LOAD ./src/global_structure.o
LOAD ./src/global_var_func.o
LOAD ./src/inifile.o
LOAD ./src/main.o
LOAD ./src/trace.o
LOAD ./src/variable.o
LOAD c:/ide/xilinx/sdk/2019.1/gnu/aarch32/nt/gcc-arm-linux-gnueabi/bin/../arm-linux-gnueabihf/libc/usr/lib/libpthread.so
LOAD D:\FPGA\10MA_SC_Module_MultiChn\lib\release\libLitronucLicense.a
LOAD c:/ide/xilinx/sdk/2019.1/gnu/aarch32/nt/gcc-arm-linux-gnueabi/bin/../lib/gcc/arm-linux-gnueabihf/8.2.0/../../../../arm-linux-gnueabihf/lib/libstdc++.so
LOAD c:/ide/xilinx/sdk/2019.1/gnu/aarch32/nt/gcc-arm-linux-gnueabi/bin/../arm-linux-gnueabihf/libc/usr/lib/libm.so
LOAD c:/ide/xilinx/sdk/2019.1/gnu/aarch32/nt/gcc-arm-linux-gnueabi/bin/../lib/gcc/arm-linux-gnueabihf/8.2.0/../../../../arm-linux-gnueabihf/lib/libgcc_s.so
START GROUP
LOAD c:/ide/xilinx/sdk/2019.1/gnu/aarch32/nt/gcc-arm-linux-gnueabi/bin/../lib/gcc/arm-linux-gnueabihf/8.2.0/../../../../arm-linux-gnueabihf/lib\libgcc_s.so.1
LOAD c:/ide/xilinx/sdk/2019.1/gnu/aarch32/nt/gcc-arm-linux-gnueabi/bin/../lib/gcc/arm-linux-gnueabihf/8.2.0\libgcc.a
END GROUP
LOAD c:/ide/xilinx/sdk/2019.1/gnu/aarch32/nt/gcc-arm-linux-gnueabi/bin/../lib/gcc/arm-linux-gnueabihf/8.2.0\libgcc.a
LOAD c:/ide/xilinx/sdk/2019.1/gnu/aarch32/nt/gcc-arm-linux-gnueabi/bin/../arm-linux-gnueabihf/libc/usr/lib/libc.so
START GROUP
LOAD c:\ide\xilinx\sdk\2019.1\gnu\aarch32\nt\gcc-arm-linux-gnueabi\bin\../arm-linux-gnueabihf/libc/lib/libc.so.6
LOAD c:\ide\xilinx\sdk\2019.1\gnu\aarch32\nt\gcc-arm-linux-gnueabi\bin\../arm-linux-gnueabihf/libc/usr/lib/libc_nonshared.a
LOAD c:\ide\xilinx\sdk\2019.1\gnu\aarch32\nt\gcc-arm-linux-gnueabi\bin\../arm-linux-gnueabihf/libc/lib/ld-linux-armhf.so.3
END GROUP
LOAD c:/ide/xilinx/sdk/2019.1/gnu/aarch32/nt/gcc-arm-linux-gnueabi/bin/../lib/gcc/arm-linux-gnueabihf/8.2.0/../../../../arm-linux-gnueabihf/lib/libgcc_s.so
START GROUP
LOAD c:/ide/xilinx/sdk/2019.1/gnu/aarch32/nt/gcc-arm-linux-gnueabi/bin/../lib/gcc/arm-linux-gnueabihf/8.2.0/../../../../arm-linux-gnueabihf/lib\libgcc_s.so.1
LOAD c:/ide/xilinx/sdk/2019.1/gnu/aarch32/nt/gcc-arm-linux-gnueabi/bin/../lib/gcc/arm-linux-gnueabihf/8.2.0\libgcc.a
END GROUP
LOAD c:/ide/xilinx/sdk/2019.1/gnu/aarch32/nt/gcc-arm-linux-gnueabi/bin/../lib/gcc/arm-linux-gnueabihf/8.2.0\libgcc.a
LOAD c:/ide/xilinx/sdk/2019.1/gnu/aarch32/nt/gcc-arm-linux-gnueabi/bin/../lib/gcc/arm-linux-gnueabihf/8.2.0/crtend.o
LOAD c:/ide/xilinx/sdk/2019.1/gnu/aarch32/nt/gcc-arm-linux-gnueabi/bin/../arm-linux-gnueabihf/libc/usr/lib/crtn.o
                [!provide]                        PROVIDE (__executable_start = SEGMENT_START ("text-segment", 0x10000))
                0x0000000000010154                . = (SEGMENT_START ("text-segment", 0x10000) + SIZEOF_HEADERS)

.interp         0x0000000000010154       0x19
 *(.interp)
 .interp        0x0000000000010154       0x19 c:/ide/xilinx/sdk/2019.1/gnu/aarch32/nt/gcc-arm-linux-gnueabi/bin/../arm-linux-gnueabihf/libc/usr/lib/crt1.o

.note.ABI-tag   0x0000000000010170       0x20
 .note.ABI-tag  0x0000000000010170       0x20 c:/ide/xilinx/sdk/2019.1/gnu/aarch32/nt/gcc-arm-linux-gnueabi/bin/../arm-linux-gnueabihf/libc/usr/lib/crt1.o

.note.gnu.build-id
                0x0000000000010190       0x24
 *(.note.gnu.build-id)
 .note.gnu.build-id
                0x0000000000010190       0x24 linker stubs

.hash
 *(.hash)

.gnu.hash       0x00000000000101b4      0x61c
 *(.gnu.hash)
 .gnu.hash      0x00000000000101b4      0x61c c:/ide/xilinx/sdk/2019.1/gnu/aarch32/nt/gcc-arm-linux-gnueabi/bin/../arm-linux-gnueabihf/libc/usr/lib/crt1.o

.dynsym         0x00000000000107d0      0xc80
 *(.dynsym)
 .dynsym        0x00000000000107d0      0xc80 c:/ide/xilinx/sdk/2019.1/gnu/aarch32/nt/gcc-arm-linux-gnueabi/bin/../arm-linux-gnueabihf/libc/usr/lib/crt1.o

.dynstr         0x0000000000011450      0xf88
 *(.dynstr)
 .dynstr        0x0000000000011450      0xf88 c:/ide/xilinx/sdk/2019.1/gnu/aarch32/nt/gcc-arm-linux-gnueabi/bin/../arm-linux-gnueabihf/libc/usr/lib/crt1.o

.gnu.version    0x00000000000123d8      0x190
 *(.gnu.version)
 .gnu.version   0x00000000000123d8      0x190 c:/ide/xilinx/sdk/2019.1/gnu/aarch32/nt/gcc-arm-linux-gnueabi/bin/../arm-linux-gnueabihf/libc/usr/lib/crt1.o

.gnu.version_d  0x0000000000012568        0x0
 *(.gnu.version_d)
 .gnu.version_d
                0x0000000000012568        0x0 c:/ide/xilinx/sdk/2019.1/gnu/aarch32/nt/gcc-arm-linux-gnueabi/bin/../arm-linux-gnueabihf/libc/usr/lib/crt1.o

.gnu.version_r  0x0000000000012568      0x120
 *(.gnu.version_r)
 .gnu.version_r
                0x0000000000012568      0x120 c:/ide/xilinx/sdk/2019.1/gnu/aarch32/nt/gcc-arm-linux-gnueabi/bin/../arm-linux-gnueabihf/libc/usr/lib/crt1.o

.rel.dyn        0x0000000000012688       0x60
 *(.rel.init)
 *(.rel.text .rel.text.* .rel.gnu.linkonce.t.*)
 *(.rel.fini)
 *(.rel.rodata .rel.rodata.* .rel.gnu.linkonce.r.*)
 *(.rel.data.rel.ro .rel.data.rel.ro.* .rel.gnu.linkonce.d.rel.ro.*)
 .rel.data.rel.ro
                0x0000000000012688       0x48 c:/ide/xilinx/sdk/2019.1/gnu/aarch32/nt/gcc-arm-linux-gnueabi/bin/../arm-linux-gnueabihf/libc/usr/lib/crt1.o
 *(.rel.data .rel.data.* .rel.gnu.linkonce.d.*)
 *(.rel.tdata .rel.tdata.* .rel.gnu.linkonce.td.*)
 *(.rel.tbss .rel.tbss.* .rel.gnu.linkonce.tb.*)
 *(.rel.ctors)
 *(.rel.dtors)
 *(.rel.got)
 .rel.got       0x00000000000126d0       0x10 c:/ide/xilinx/sdk/2019.1/gnu/aarch32/nt/gcc-arm-linux-gnueabi/bin/../arm-linux-gnueabihf/libc/usr/lib/crt1.o
 *(.rel.bss .rel.bss.* .rel.gnu.linkonce.b.*)
 .rel.bss       0x00000000000126e0        0x8 c:/ide/xilinx/sdk/2019.1/gnu/aarch32/nt/gcc-arm-linux-gnueabi/bin/../arm-linux-gnueabihf/libc/usr/lib/crt1.o
                [!provide]                        PROVIDE (__rel_iplt_start = .)
 *(.rel.iplt)
 .rel.iplt      0x00000000000126e8        0x0 c:/ide/xilinx/sdk/2019.1/gnu/aarch32/nt/gcc-arm-linux-gnueabi/bin/../arm-linux-gnueabihf/libc/usr/lib/crt1.o
                [!provide]                        PROVIDE (__rel_iplt_end = .)

.rela.dyn       0x00000000000126e8        0x0
 *(.rela.init)
 *(.rela.text .rela.text.* .rela.gnu.linkonce.t.*)
 *(.rela.fini)
 *(.rela.rodata .rela.rodata.* .rela.gnu.linkonce.r.*)
 *(.rela.data .rela.data.* .rela.gnu.linkonce.d.*)
 *(.rela.tdata .rela.tdata.* .rela.gnu.linkonce.td.*)
 *(.rela.tbss .rela.tbss.* .rela.gnu.linkonce.tb.*)
 *(.rela.ctors)
 *(.rela.dtors)
 *(.rela.got)
 *(.rela.bss .rela.bss.* .rela.gnu.linkonce.b.*)
                [!provide]                        PROVIDE (__rela_iplt_start = .)
 *(.rela.iplt)
                [!provide]                        PROVIDE (__rela_iplt_end = .)

.rel.plt        0x00000000000126e8      0x598
 *(.rel.plt)
 .rel.plt       0x00000000000126e8      0x598 c:/ide/xilinx/sdk/2019.1/gnu/aarch32/nt/gcc-arm-linux-gnueabi/bin/../arm-linux-gnueabihf/libc/usr/lib/crt1.o

.rela.plt
 *(.rela.plt)

.init           0x0000000000012c80        0xc
 *(SORT_NONE(.init))
 .init          0x0000000000012c80        0x8 c:/ide/xilinx/sdk/2019.1/gnu/aarch32/nt/gcc-arm-linux-gnueabi/bin/../arm-linux-gnueabihf/libc/usr/lib/crti.o
                0x0000000000012c80                _init
 .init          0x0000000000012c88        0x4 c:/ide/xilinx/sdk/2019.1/gnu/aarch32/nt/gcc-arm-linux-gnueabi/bin/../arm-linux-gnueabihf/libc/usr/lib/crtn.o

.plt            0x0000000000012c8c      0x878
 *(.plt)
 .plt           0x0000000000012c8c      0x878 c:/ide/xilinx/sdk/2019.1/gnu/aarch32/nt/gcc-arm-linux-gnueabi/bin/../arm-linux-gnueabihf/libc/usr/lib/crt1.o
                0x0000000000012ca0                signal@@GLIBC_2.4
                0x0000000000012cac                atan@@GLIBC_2.4
                0x0000000000012cb8                operator new(unsigned int)@@GLIBCXX_3.4
                0x0000000000012cc4                pthread_mutex_lock@@GLIBC_2.4
                0x0000000000012cd0                localtime_r@@GLIBC_2.4
                0x0000000000012cdc                pthread_mutex_init@@GLIBC_2.4
                0x0000000000012ce8                __aeabi_uldivmod@@GCC_3.5
                0x0000000000012cf4                fsync@@GLIBC_2.4
                0x0000000000012d00                sync@@GLIBC_2.4
                0x0000000000012d0c                sqrt@@GLIBC_2.4
                0x0000000000012d18                getpid@@GLIBC_2.4
                0x0000000000012d24                __aeabi_atexit@@CXXABI_ARM_1.3.3
                0x0000000000012d30                isalpha@@GLIBC_2.4
                0x0000000000012d3c                log@@GLIBC_2.4
                0x0000000000012d48                gettimeofday@@GLIBC_2.4
                0x0000000000012d54                recvfrom@@GLIBC_2.4
                0x0000000000012d60                std::basic_filebuf<char, std::char_traits<char> >::close()@@GLIBCXX_3.4
                0x0000000000012d6c                std::__basic_file<char>::is_open() const@@GLIBCXX_3.4
                0x0000000000012d78                strcasecmp@@GLIBC_2.4
                0x0000000000012d84                std::basic_ifstream<char, std::char_traits<char> >::~basic_ifstream()@@GLIBCXX_3.4
                0x0000000000012d90                strtol@@GLIBC_2.4
                0x0000000000012d9c                std::__cxx11::basic_string<char, std::char_traits<char>, std::allocator<char> >::compare(char const*) const@@GLIBCXX_3.4.21
                0x0000000000012da8                free@@GLIBC_2.4
                0x0000000000012db4                __getdelim@@GLIBC_2.4
                0x0000000000012dc0                std::ios_base::ios_base()@@GLIBCXX_3.4
                0x0000000000012dcc                readdir@@GLIBC_2.4
                0x0000000000012dd8                fseek@@GLIBC_2.4
                0x0000000000012de4                std::ios_base::~ios_base()@@GLIBCXX_3.4
                0x0000000000012df0                std::__throw_bad_alloc()@@GLIBCXX_3.4
                0x0000000000012dfc                strncmp@@GLIBC_2.4
                0x0000000000012e08                statfs@@GLIBC_2.4
                0x0000000000012e14                pthread_exit@@GLIBC_2.4
                0x0000000000012e20                std::__cxx11::basic_string<char, std::char_traits<char>, std::allocator<char> >::_M_replace(unsigned int, unsigned int, char const*, unsigned int)@@GLIBCXX_3.4.21
                0x0000000000012e2c                __cxa_begin_catch@@CXXABI_1.3
                0x0000000000012e38                pthread_join@@GLIBC_2.4
                0x0000000000012e44                std::__cxx11::basic_string<char, std::char_traits<char>, std::allocator<char> >::reserve(unsigned int)@@GLIBCXX_3.4.21
                0x0000000000012e50                closedir@@GLIBC_2.4
                0x0000000000012e5c                printf@@GLIBC_2.4
                0x0000000000012e68                strerror@@GLIBC_2.4
                0x0000000000012e74                pthread_attr_setschedpolicy@@GLIBC_2.4
                0x0000000000012e80                stpcpy@@GLIBC_2.4
                0x0000000000012e8c                std::__throw_length_error(char const*)@@GLIBCXX_3.4
                0x0000000000012e98                std::__cxx11::basic_string<char, std::char_traits<char>, std::allocator<char> >::_M_assign(std::__cxx11::basic_string<char, std::char_traits<char>, std::allocator<char> > const&)@@GLIBCXX_3.4.21
                0x0000000000012ea4                feof@@GLIBC_2.4
                0x0000000000012eb0                puts@@GLIBC_2.4
                0x0000000000012ebc                perror@@GLIBC_2.4
                0x0000000000012ec8                asin@@GLIBC_2.4
                0x0000000000012ed4                strtoll@@GLIBC_2.4
                0x0000000000012ee0                syscall@@GLIBC_2.4
                0x0000000000012eec                sendto@@GLIBC_2.4
                0x0000000000012ef8                cos@@GLIBC_2.4
                0x0000000000012f04                exp@@GLIBC_2.4
                0x0000000000012f10                memset@@GLIBC_2.4
                0x0000000000012f1c                std::__cxx11::basic_string<char, std::char_traits<char>, std::allocator<char> >::copy(char*, unsigned int, unsigned int) const@@GLIBCXX_3.4.21
                0x0000000000012f28                opendir@@GLIBC_2.4
                0x0000000000012f34                operator delete(void*, unsigned int)@@CXXABI_1.3.9
                0x0000000000012f40                std::__throw_logic_error(char const*)@@GLIBCXX_3.4
                0x0000000000012f4c                recv@@GLIBC_2.4
                0x0000000000012f58                remove@@GLIBC_2.4
                0x0000000000012f64                listen@@GLIBC_2.4
                0x0000000000012f70                snprintf@@GLIBC_2.4
                0x0000000000012f7c                close@@GLIBC_2.4
                0x0000000000012f88                gmtime@@GLIBC_2.4
                0x0000000000012f94                fopen@@GLIBC_2.4
                0x0000000000012fa0                operator new[](unsigned int)@@GLIBCXX_3.4
                0x0000000000012fac                read@@GLIBC_2.4
                0x0000000000012fb8                abort@@GLIBC_2.4
                0x0000000000012fc4                pow@@GLIBC_2.4
                0x0000000000012fd0                memmove@@GLIBC_2.4
                0x0000000000012fdc                __aeabi_d2lz@@GCC_3.5
                0x0000000000012fe8                fcntl@@GLIBC_2.28
                0x0000000000012ff4                ctime@@GLIBC_2.4
                0x0000000000013000                std::basic_filebuf<char, std::char_traits<char> >::open(char const*, std::_Ios_Openmode)@@GLIBCXX_3.4
                0x000000000001300c                ioctl@@GLIBC_2.4
                0x0000000000013018                localtime@@GLIBC_2.4
                0x0000000000013024                system@@GLIBC_2.4
                0x0000000000013030                inet_ntoa@@GLIBC_2.4
                0x000000000001303c                strcpy@@GLIBC_2.4
                0x0000000000013048                mmap@@GLIBC_2.4
                0x0000000000013054                operator delete(void*)@@GLIBCXX_3.4
                0x0000000000013060                __assert_fail@@GLIBC_2.4
                0x000000000001306c                std::__cxx11::basic_string<char, std::char_traits<char>, std::allocator<char> >::_M_append(char const*, unsigned int)@@GLIBCXX_3.4.21
                0x0000000000013078                ceil@@GLIBC_2.4
                0x0000000000013084                std::__cxx11::basic_string<char, std::char_traits<char>, std::allocator<char> >::find(char, unsigned int) const@@GLIBCXX_3.4.21
                0x0000000000013090                strtod@@GLIBC_2.4
                0x000000000001309c                open@@GLIBC_2.4
                0x00000000000130a8                bind@@GLIBC_2.4
                0x00000000000130b4                std::basic_filebuf<char, std::char_traits<char> >::basic_filebuf()@@GLIBCXX_3.4
                0x00000000000130c0                chmod@@GLIBC_2.4
                0x00000000000130cc                pthread_setcancelstate@@GLIBC_2.4
                0x00000000000130d8                strcat@@GLIBC_2.4
                0x00000000000130e4                pthread_mutex_destroy@@GLIBC_2.4
                0x00000000000130f0                pthread_setcanceltype@@GLIBC_2.4
                0x00000000000130fc                strcasestr@@GLIBC_2.4
                0x0000000000013108                getpagesize@@GLIBC_2.4
                0x0000000000013114                fread@@GLIBC_2.4
                0x0000000000013120                fileno@@GLIBC_2.4
                0x000000000001312c                __aeabi_d2ulz@@GCC_3.5
                0x0000000000013138                __cxa_end_cleanup@@CXXABI_1.3
                0x0000000000013144                socket@@GLIBC_2.4
                0x0000000000013150                std::ctype<char>::_M_widen_init() const@@GLIBCXX_3.4.11
                0x000000000001315c                access@@GLIBC_2.4
                0x0000000000013168                __aeabi_ldivmod@@GCC_3.5
                0x0000000000013174                mkdir@@GLIBC_2.4
                0x0000000000013180                atan2@@GLIBC_2.4
                0x000000000001318c                sem_init@@GLIBC_2.4
                0x0000000000013198                std::__throw_bad_cast()@@GLIBCXX_3.4
                0x00000000000131a4                operator delete[](void*)@@GLIBCXX_3.4
                0x00000000000131b0                operator delete[](void*, unsigned int)@@CXXABI_1.3.9
                0x00000000000131bc                std::basic_ostream<char, std::char_traits<char> >& std::__ostream_insert<char, std::char_traits<char> >(std::basic_ostream<char, std::char_traits<char> >&, char const*, int)@@GLIBCXX_3.4.9
                0x00000000000131c8                pthread_attr_destroy@@GLIBC_2.4
                0x00000000000131d4                setsockopt@@GLIBC_2.4
                0x00000000000131e0                pthread_cancel@@GLIBC_2.4
                0x00000000000131ec                lseek@@GLIBC_2.4
                0x00000000000131f8                __aeabi_idivmod@@GCC_3.5
                0x0000000000013204                std::basic_ios<char, std::char_traits<char> >::init(std::basic_streambuf<char, std::char_traits<char> >*)@@GLIBCXX_3.4
                0x0000000000013210                pthread_attr_setstacksize@@GLIBC_2.4
                0x000000000001321c                sigaction@@GLIBC_2.4
                0x0000000000013228                pthread_attr_init@@GLIBC_2.4
                0x0000000000013234                ftell@@GLIBC_2.4
                0x0000000000013240                std::locale::~locale()@@GLIBCXX_3.4
                0x000000000001324c                __aeabi_uidiv@@GCC_3.5
                0x0000000000013258                __fxstat@@GLIBC_2.4
                0x0000000000013264                sem_post@@GLIBC_2.4
                0x0000000000013270                isspace@@GLIBC_2.4
                0x000000000001327c                __cxa_rethrow@@CXXABI_1.3
                0x0000000000013288                fwrite@@GLIBC_2.4
                0x0000000000013294                std::basic_ofstream<char, std::char_traits<char> >::~basic_ofstream()@@GLIBCXX_3.4
                0x00000000000132a0                sincos@@GLIBC_2.4
                0x00000000000132ac                memcpy@@GLIBC_2.4
                0x00000000000132b8                tan@@GLIBC_2.4
                0x00000000000132c4                std::__throw_out_of_range_fmt(char const*, ...)@@GLIBCXX_3.4.20
                0x00000000000132d0                strlen@@GLIBC_2.4
                0x00000000000132dc                std::ios_base::Init::Init()@@GLIBCXX_3.4
                0x00000000000132e8                munmap@@GLIBC_2.4
                0x00000000000132f4                accept@@GLIBC_2.4
                0x0000000000013300                usleep@@GLIBC_2.4
                0x000000000001330c                std::basic_filebuf<char, std::char_traits<char> >::~basic_filebuf()@@GLIBCXX_3.4
                0x0000000000013318                fclose@@GLIBC_2.4
                0x0000000000013324                write@@GLIBC_2.4
                0x0000000000013330                sprintf@@GLIBC_2.4
                0x000000000001333c                __aeabi_ul2d@@GCC_3.5
                0x0000000000013348                __xstat@@GLIBC_2.4
                0x0000000000013354                __cxa_end_catch@@CXXABI_1.3
                0x0000000000013360                __gxx_personality_v0@@CXXABI_1.3
                0x000000000001336c                pthread_create@@GLIBC_2.4
                0x0000000000013378                __aeabi_l2d@@GCC_3.5
                0x0000000000013384                strcmp@@GLIBC_2.4
                0x0000000000013390                toupper@@GLIBC_2.4
                0x000000000001339c                std::basic_ios<char, std::char_traits<char> >::clear(std::_Ios_Iostate)@@GLIBCXX_3.4
                0x00000000000133a8                std::__cxx11::basic_string<char, std::char_traits<char>, std::allocator<char> >::find(char const*, unsigned int, unsigned int) const@@GLIBCXX_3.4.21
                0x00000000000133b4                time@@GLIBC_2.4
                0x00000000000133c0                std::__cxx11::basic_string<char, std::char_traits<char>, std::allocator<char> >::_M_create(unsigned int&, unsigned int)@@GLIBCXX_3.4.21
                0x00000000000133cc                __errno_location@@GLIBC_2.4
                0x00000000000133d8                send@@GLIBC_2.4
                0x00000000000133e4                sscanf@@GLIBC_2.4
                0x00000000000133f0                strncpy@@GLIBC_2.4
                0x00000000000133fc                towupper@@GLIBC_2.4
                0x0000000000013408                fflush@@GLIBC_2.4
                0x0000000000013414                pthread_attr_setschedparam@@GLIBC_2.4
                0x0000000000013420                memcmp@@GLIBC_2.4
                0x000000000001342c                sigemptyset@@GLIBC_2.4
                0x0000000000013438                strrchr@@GLIBC_2.4
                0x0000000000013444                std::basic_istream<char, std::char_traits<char> >& std::getline<char, std::char_traits<char>, std::allocator<char> >(std::basic_istream<char, std::char_traits<char> >&, std::__cxx11::basic_string<char, std::char_traits<char>, std::allocator<char> >&, char)@@GLIBCXX_3.4.21
                0x0000000000013450                pthread_attr_setinheritsched@@GLIBC_2.4
                0x000000000001345c                std::__basic_file<char>::~__basic_file()@@GLIBCXX_3.4
                0x0000000000013468                sin@@GLIBC_2.4
                0x0000000000013474                __libc_start_main@@GLIBC_2.4
                0x0000000000013480                islower@@GLIBC_2.4
                0x0000000000013498                rename@@GLIBC_2.4
                0x00000000000134a4                __cxa_pure_virtual@@CXXABI_1.3
                0x00000000000134b0                acos@@GLIBC_2.4
                0x00000000000134bc                sem_wait@@GLIBC_2.4
                0x00000000000134c8                strchr@@GLIBC_2.4
                0x00000000000134d4                pthread_mutex_unlock@@GLIBC_2.4
                0x00000000000134e0                vsnprintf@@GLIBC_2.4
                0x00000000000134ec                std::ios_base::Init::~Init()@@GLIBCXX_3.4
                0x00000000000134f8                floor@@GLIBC_2.4

.iplt           0x0000000000013504        0x0
 *(.iplt)
 .iplt          0x0000000000013504        0x0 c:/ide/xilinx/sdk/2019.1/gnu/aarch32/nt/gcc-arm-linux-gnueabi/bin/../arm-linux-gnueabihf/libc/usr/lib/crt1.o

.text           0x0000000000013508    0x877b8
 *(.text.unlikely .text.*_unlikely .text.unlikely.*)
 *(.text.exit .text.exit.*)
 *(.text.startup .text.startup.*)
 .text.startup  0x0000000000013508       0x30 ./src/tool_compensate/tool_comp_data.o
 .text.startup  0x0000000000013538       0x30 ./src/tool_compensate/tool_compensate.o
 .text.startup  0x0000000000013568       0x30 ./src/pmc/pmc_axis_ctrl.o
 .text.startup  0x0000000000013598       0x30 ./src/pmc/pmc_register.o
 .text.startup  0x00000000000135c8       0x30 ./src/parameter/parm_manager.o
 .text.startup  0x00000000000135f8       0x30 ./src/compiler/compile_message.o
 .text.startup  0x0000000000013628       0x30 ./src/compiler/compiler.o
 .text.startup  0x0000000000013658       0x30 ./src/compiler/compiler_data.o
 .text.startup  0x0000000000013688       0x30 ./src/compiler/lexer.o
 .text.startup  0x00000000000136b8       0x30 ./src/compiler/parser.o
 .text.startup  0x00000000000136e8       0x30 ./src/communication/ad_communication.o
 .text.startup  0x0000000000013718       0x30 ./src/communication/hmi_communication.o
 .text.startup  0x0000000000013748       0x30 ./src/communication/mc_communication.o
 .text.startup  0x0000000000013778       0x30 ./src/communication/mi_communication.o
 .text.startup  0x00000000000137a8       0x30 ./src/channel/channel_control.o
 .text.startup  0x00000000000137d8       0x30 ./src/channel/channel_engine.o
 .text.startup  0x0000000000013808       0x30 ./src/channel/channel_mode_group.o
 .text.startup  0x0000000000013838       0x30 ./src/alarm_processor/alarm_processor.o
 .text.startup  0x0000000000013868       0x30 ./src/Algorithm/coord_processor.o
 .text.startup  0x0000000000013898       0x30 ./src/geometry_data.o
 .text.startup  0x00000000000138c8       0x30 ./src/global_structure.o
 .text.startup  0x00000000000138f8       0x30 ./src/global_var_func.o
 .text.startup  0x0000000000013928       0x30 ./src/inifile.o
 .text.startup  0x0000000000013958      0x158 ./src/main.o
                0x0000000000013958                main
 .text.startup  0x0000000000013ab0       0x30 ./src/trace.o
 .text.startup  0x0000000000013ae0       0x30 ./src/variable.o
 .text.startup  0x0000000000013b10       0x3c D:\FPGA\10MA_SC_Module_MultiChn\lib\release\libLitronucLicense.a(license_interface.o)
 .text.startup  0x0000000000013b4c       0x30 D:\FPGA\10MA_SC_Module_MultiChn\lib\release\libLitronucLicense.a(litronuc_des.o)
 *(.text.hot .text.hot.*)
 *(.text .stub .text.* .gnu.linkonce.t.*)
 .text          0x0000000000013b7c       0x3c c:/ide/xilinx/sdk/2019.1/gnu/aarch32/nt/gcc-arm-linux-gnueabi/bin/../arm-linux-gnueabihf/libc/usr/lib/crt1.o
                0x0000000000013b7c                _start
 .text          0x0000000000013bb8       0x24 c:/ide/xilinx/sdk/2019.1/gnu/aarch32/nt/gcc-arm-linux-gnueabi/bin/../arm-linux-gnueabihf/libc/usr/lib/crti.o
 .text          0x0000000000013bdc       0x90 c:/ide/xilinx/sdk/2019.1/gnu/aarch32/nt/gcc-arm-linux-gnueabi/bin/../lib/gcc/arm-linux-gnueabihf/8.2.0/crtbegin.o
 .text          0x0000000000013c6c       0x28 ./src/tool_compensate/tool_comp_data.o
                0x0000000000013c6c                DataLine::GetLength()
                0x0000000000013c90                DataLine::Offset(ToolOffset const&)
 .text          0x0000000000013c94      0x374 ./src/tool_compensate/tool_compensate.o
                0x0000000000013d00                ToolCompensate::~ToolCompensate()
                0x0000000000013d00                ToolCompensate::~ToolCompensate()
                0x0000000000013d20                ToolCompensate::~ToolCompensate()
                0x0000000000013e2c                ToolCompensate::ToolCompensate()
                0x0000000000013e2c                ToolCompensate::ToolCompensate()
                0x0000000000013ee0                ToolCompensate::SetChannelIndex(unsigned char)
                0x0000000000013f04                ToolCompensate::StateMachine()
                0x0000000000013f64                ToolCompensate::Compensate()
                0x0000000000013fdc                ToolCompensate::ProcessData(ListNode<RecordMsg*>*)
 .text._ZN10ListBufferIP9RecordMsgED2Ev
                0x0000000000014008       0x44 ./src/tool_compensate/tool_compensate.o
                0x0000000000014008                ListBuffer<RecordMsg*>::~ListBuffer()
                0x0000000000014008                ListBuffer<RecordMsg*>::~ListBuffer()
 .text._ZN10ListBufferIP9RecordMsgED0Ev
                0x000000000001404c       0x20 ./src/tool_compensate/tool_compensate.o
                0x000000000001404c                ListBuffer<RecordMsg*>::~ListBuffer()
 *fill*         0x000000000001406c        0x4 
 .text          0x0000000000014070     0x1058 ./src/pmc/pmc_axis_ctrl.o
                0x0000000000014070                PmcAxisCtrl::~PmcAxisCtrl()
                0x0000000000014070                PmcAxisCtrl::~PmcAxisCtrl()
                0x0000000000014074                PmcAxisCtrl::~PmcAxisCtrl()
                0x00000000000145a0                PmcAxisCtrl::PmcAxisCtrl()
                0x00000000000145a0                PmcAxisCtrl::PmcAxisCtrl()
                0x00000000000145dc                PmcAxisCtrl::SetGroupIndex(unsigned char)
                0x00000000000146a4                PmcAxisCtrl::Active(bool)
                0x000000000001476c                PmcAxisCtrl::GetRecvBufIndex()
                0x000000000001479c                PmcAxisCtrl::SetBuffState(bool)
                0x0000000000014868                PmcAxisCtrl::SetStepStop(bool)
                0x0000000000014890                PmcAxisCtrl::Reset()
                0x0000000000014b88                PmcAxisCtrl::Pause(bool)
                0x0000000000014c28                PmcAxisCtrl::WriteCmd(PmcAxisCtrlCmd&)
                0x0000000000014e90                PmcAxisCtrl::ExecCmdOver(bool)
                0x00000000000150b8                PmcAxisCtrl::ExecuteCmd()
 .text          0x00000000000150c8     0x174c ./src/pmc/pmc_register.o
                0x00000000000150c8                PmcRegister::~PmcRegister()
                0x00000000000150c8                PmcRegister::~PmcRegister()
                0x00000000000150f8                PmcRegister::~PmcRegister()
                0x0000000000015134                PmcRegister::InitRegFile()
                0x0000000000015348                PmcRegister::Initialize()
                0x00000000000159bc                PmcRegister::PmcRegister()
                0x00000000000159bc                PmcRegister::PmcRegister()
                0x00000000000159dc                PmcRegister::GetRegPtr8(PmcRegSection)
                0x0000000000015ac4                PmcRegister::SetRegValue(PmcRegSection, unsigned short, unsigned char)
                0x0000000000015cd4                PmcRegister::SetRegValue(PmcRegSection, unsigned short, unsigned short)
                0x0000000000015dd4                PmcRegister::SetRegBitValue(PmcRegSection, unsigned short, unsigned char, unsigned char, unsigned int)
                0x0000000000015eec                PmcRegister::GetRegValue(PmcRegSection, unsigned short, unsigned char&)
                0x0000000000016144                PmcRegister::GetRegValue(PmcRegSection, unsigned short, unsigned short&)
                0x0000000000016210                PmcRegister::GetRegValue(PmcRegSection, unsigned short, int&)
                0x000000000001623c                PmcRegister::GetRegValueMulti(PmcRegSection, unsigned short, unsigned short, unsigned char*)
                0x0000000000016538                PmcRegister::GetRegValueMulti(PmcRegSection, unsigned short, unsigned short, unsigned short*)
                0x0000000000016618                PmcRegister::SaveRegData()
 *fill*         0x0000000000016814        0x4 
 .text          0x0000000000016818    0x260d8 ./src/parameter/parm_manager.o
                0x0000000000016b44                ParmManager::ParmManager()
                0x0000000000016b44                ParmManager::ParmManager()
                0x0000000000016e80                ParmManager::~ParmManager()
                0x0000000000016e80                ParmManager::~ParmManager()
                0x00000000000175e8                ParmManager::GetInstance()
                0x0000000000017634                ParmManager::ActiveFiveAxisParam(unsigned short, unsigned int, ParamValue&)
                0x0000000000017a58                ParmManager::SaveParm(ParmType)
                0x0000000000017c70                ParmManager::SaveAllParm()
                0x0000000000017cc0                ParmManager::GetChannelConfig(int)
                0x0000000000017cec                ParmManager::GetChnProcessParam(int)
                0x0000000000017d18                ParmManager::ActiveCoordParam(unsigned char)
                0x0000000000017e54                ParmManager::ActiveToolOffsetParam(unsigned char)
                0x0000000000017f4c                ParmManager::ActiveChnProcParam(unsigned char, unsigned int, ParamValue&, unsigned char)
                0x00000000000182e0                ParmManager::ActiveAxisProcParam(unsigned char, unsigned int, ParamValue&, unsigned char)
                0x00000000000184bc                ParmManager::ActiveSystemParam(unsigned int, ParamValue&)
                0x00000000000187c8                ParmManager::ActiveChnParam(unsigned char, unsigned int, ParamValue&, unsigned char)
                0x0000000000019838                ParmManager::ActiveAxisParam(unsigned char, unsigned int, ParamValue&, unsigned char)
                0x000000000001afc8                ParmManager::ActiveParam(ParamUpdate*)
                0x000000000001b09c                ParmManager::ActiveProcParam(ProcParamUpdate*)
                0x000000000001b1b4                ParmManager::GetPmcAxisCount()
                0x000000000001b214                ParmManager::ActiveParam(ParamUpdate*, unsigned char)
                0x000000000001b2a4                ParmManager::ActiveProcParam(ProcParamUpdate*, unsigned char)
                0x000000000001b300                ParmManager::ActiveResetParam()
                0x000000000001b39c                ParmManager::ActiveNewStartParam()
                0x000000000001b464                ParmManager::UpdateChnParam(unsigned char, unsigned int, ParamValue&)
                0x000000000001d210                ParmManager::UpdateAxisParam(unsigned char, unsigned int, ParamValue&)
                0x00000000000211c4                ParmManager::UpdateExCoordConfig(unsigned short, unsigned char, HmiCoordConfig&, bool)
                0x00000000000213c0                ParmManager::UpdateCoordConfig(unsigned short, unsigned char, HmiCoordConfig&, bool)
                0x00000000000215d4                ParmManager::UpdatePcData(unsigned char, bool, unsigned short, unsigned short, double*)
                0x0000000000021810                ParmManager::GetCurProcParamIndex(unsigned char)
                0x0000000000021930                ParmManager::GetCurWorkPiece(unsigned char)
                0x0000000000021a4c                ParmManager::GetCurTool(unsigned char)
                0x0000000000021b64                ParmManager::SetCurProcParamIndex(unsigned char, unsigned char)
                0x0000000000021c84                ParmManager::SetCurTool(unsigned char, unsigned char)
                0x0000000000021d9c                ParmManager::SetCurWorkPiece(unsigned char, unsigned int)
                0x0000000000021ebc                ParmManager::UpdateToolMeasure(unsigned short, unsigned char, double const&)
                0x0000000000021ffc                ParmManager::UpdateToolWear(unsigned short, unsigned char, double const&)
                0x0000000000022130                ParmManager::UpdateToolRadiusWear(unsigned short, unsigned char, double const&)
                0x0000000000022264                ParmManager::UpdateToolRadiusGeo(unsigned short, unsigned char, double const&)
                0x0000000000022398                ParmManager::UpdateAxisRef(unsigned char, long long)
                0x00000000000224f0                ParmManager::GetCurNcFile(unsigned char, char*)
                0x00000000000226b0                ParmManager::SetCurNcFile(unsigned char, char*)
                0x0000000000022818                ParmManager::UpdateToolPotConfig(unsigned short, bool)
                0x0000000000022c28                ParmManager::UpdateToolPotConfig(unsigned short, SCToolPotConfig&)
                0x0000000000023034                ParmManager::UpdateToolOffsetConfig(unsigned short, unsigned char, HmiToolOffsetConfig&, bool)
                0x00000000000235c8                ParmManager::UpdateIoRemapInfo(IoRemapInfo&)
                0x0000000000024018                ParmManager::ReadAxisProcParam()
                0x0000000000024fdc                ParmManager::ReadToolConfig()
                0x00000000000260cc                ParmManager::UpdateAxisProcParam(unsigned char, unsigned char, unsigned int, ParamValue&)
                0x0000000000026698                ParmManager::ReadChnStateScene()
                0x0000000000026b38                ParmManager::ReadChnProcParam()
                0x0000000000028a64                ParmManager::ReadIoRemapConfig()
                0x00000000000291ac                ParmManager::ChangeChnProcParamIndex(unsigned char, unsigned char)
                0x000000000002a568                ParmManager::ReadSysConfig()
                0x000000000002bcc0                ParmManager::UpdateSystemParam(unsigned int, ParamValue&)
                0x000000000002cb38                ParmManager::UpdateChnProcParam(unsigned char, unsigned char, unsigned int, ParamValue&)
                0x000000000002d668                ParmManager::UpdateProcParam(ProcParamUpdate*, unsigned char)
                0x000000000002d72c                ParmManager::ReadExCoordConfig()
                0x000000000002dd28                ParmManager::ReadFiveAxisConfig()
                0x000000000002fa28                ParmManager::ReadPcData()
                0x0000000000030358                ParmManager::ReadCoordConfig()
                0x0000000000030880                ParmManager::UpdateFiveAxisParam(unsigned short, unsigned int, ParamValue&)
                0x000000000003176c                ParmManager::UpdateParameter(ParamUpdate*, unsigned char)
                0x00000000000318d0                ParmManager::ReadChnConfig()
                0x0000000000035bd4                ParmManager::ReadAxisConfig()
                0x000000000003c6a4                ParmManager::ReadParm(ParmType)
                0x000000000003c88c                ParmManager::InitParm()
 .text._ZN10ListBufferI11IoRemapInfoED2Ev
                0x000000000003c8f0       0x44 ./src/parameter/parm_manager.o
                0x000000000003c8f0                ListBuffer<IoRemapInfo>::~ListBuffer()
                0x000000000003c8f0                ListBuffer<IoRemapInfo>::~ListBuffer()
 .text._ZN10ListBufferI11IoRemapInfoED0Ev
                0x000000000003c934       0x20 ./src/parameter/parm_manager.o
                0x000000000003c934                ListBuffer<IoRemapInfo>::~ListBuffer()
 .text._ZN10ListBufferI15ProcParamUpdateED2Ev
                0x000000000003c954       0x44 ./src/parameter/parm_manager.o
                0x000000000003c954                ListBuffer<ProcParamUpdate>::~ListBuffer()
                0x000000000003c954                ListBuffer<ProcParamUpdate>::~ListBuffer()
 .text._ZN10ListBufferI15ProcParamUpdateED0Ev
                0x000000000003c998       0x20 ./src/parameter/parm_manager.o
                0x000000000003c998                ListBuffer<ProcParamUpdate>::~ListBuffer()
 .text._ZN10ListBufferI11CoordUpdateED2Ev
                0x000000000003c9b8       0x88 ./src/parameter/parm_manager.o
                0x000000000003c9b8                ListBuffer<CoordUpdate>::~ListBuffer()
                0x000000000003c9b8                ListBuffer<CoordUpdate>::~ListBuffer()
 .text._ZN10ListBufferI11CoordUpdateED0Ev
                0x000000000003ca40       0x20 ./src/parameter/parm_manager.o
                0x000000000003ca40                ListBuffer<CoordUpdate>::~ListBuffer()
 .text._ZN10ListBufferI16ToolOffsetUpdateED2Ev
                0x000000000003ca60       0x88 ./src/parameter/parm_manager.o
                0x000000000003ca60                ListBuffer<ToolOffsetUpdate>::~ListBuffer()
                0x000000000003ca60                ListBuffer<ToolOffsetUpdate>::~ListBuffer()
 .text._ZN10ListBufferI16ToolOffsetUpdateED0Ev
                0x000000000003cae8       0x20 ./src/parameter/parm_manager.o
                0x000000000003cae8                ListBuffer<ToolOffsetUpdate>::~ListBuffer()
 .text._ZN10ListBufferI11ParamUpdateED2Ev
                0x000000000003cb08       0x88 ./src/parameter/parm_manager.o
                0x000000000003cb08                ListBuffer<ParamUpdate>::~ListBuffer()
                0x000000000003cb08                ListBuffer<ParamUpdate>::~ListBuffer()
 .text._ZN10ListBufferI11ParamUpdateED0Ev
                0x000000000003cb90       0x20 ./src/parameter/parm_manager.o
                0x000000000003cb90                ListBuffer<ParamUpdate>::~ListBuffer()
 .text._ZN10ListBufferI11IoRemapInfoE6AppendERKS0_
                0x000000000003cbb0       0xe0 ./src/parameter/parm_manager.o
                0x000000000003cbb0                ListBuffer<IoRemapInfo>::Append(IoRemapInfo const&)
 .text._ZN10ListBufferI11CoordUpdateE6AppendERKS0_
                0x000000000003cc90       0xb4 ./src/parameter/parm_manager.o
                0x000000000003cc90                ListBuffer<CoordUpdate>::Append(CoordUpdate const&)
 .text._ZN10ListBufferI11ParamUpdateE6AppendERKS0_
                0x000000000003cd44       0xd0 ./src/parameter/parm_manager.o
                0x000000000003cd44                ListBuffer<ParamUpdate>::Append(ParamUpdate const&)
 .text._ZN10ListBufferI15ProcParamUpdateE6AppendERKS0_
                0x000000000003ce14       0xe0 ./src/parameter/parm_manager.o
                0x000000000003ce14                ListBuffer<ProcParamUpdate>::Append(ProcParamUpdate const&)
 .text._ZN10ListBufferI11ParamUpdateE10RemoveNodeEP8ListNodeIS0_E
                0x000000000003cef4       0x94 ./src/parameter/parm_manager.o
                0x000000000003cef4                ListBuffer<ParamUpdate>::RemoveNode(ListNode<ParamUpdate>*)
 .text._ZN10ListBufferI15ProcParamUpdateE10RemoveNodeEP8ListNodeIS0_E
                0x000000000003cf88       0x94 ./src/parameter/parm_manager.o
                0x000000000003cf88                ListBuffer<ProcParamUpdate>::RemoveNode(ListNode<ProcParamUpdate>*)
 .text._ZNSt7__cxx1112basic_stringIcSt11char_traitsIcESaIcEE12_M_constructIPKcEEvT_S8_St20forward_iterator_tag
                0x000000000003d01c       0xb0 ./src/parameter/parm_manager.o
                0x000000000003d01c                void std::__cxx11::basic_string<char, std::char_traits<char>, std::allocator<char> >::_M_construct<char const*>(char const*, char const*, std::forward_iterator_tag)
 *fill*         0x000000000003d0cc        0x4 
 .text          0x000000000003d0d0     0x5548 ./src/compiler/compile_message.o
                0x000000000003d0d0                CompensateMsg::Execute()
                0x000000000003d0d0                TimeWaitMsg::Execute()
                0x000000000003d0d0                SpindleCheckMsg::Execute()
                0x000000000003d0d0                PolarIntpMsg::Execute()
                0x000000000003d0d0                AutoToolMeasureMsg::Execute()
                0x000000000003d0d0                SubProgReturnMsg::Execute()
                0x000000000003d0d0                LoopMsg::Execute()
                0x000000000003d0d0                ClearCirclePosMsg::Execute()
                0x000000000003d0d0                SpeedMsg::Execute()
                0x000000000003d0d0                SpeedCtrlMsg::ChangeUint()
                0x000000000003d0d0                AuxMsg::Execute()
                0x000000000003d0d0                CoordMsg::Execute()
                0x000000000003d0d0                ArcMsg::Execute()
                0x000000000003d0d0                TorqueCtrlMsg::Execute()
                0x000000000003d0d0                SkipMsg::Execute()
                0x000000000003d0d0                FeedMsg::Execute()
                0x000000000003d0d0                SpeedCtrlMsg::Execute()
                0x000000000003d0d0                SubProgCallMsg::Execute()
                0x000000000003d0d0                RestartOverMsg::Execute()
                0x000000000003d0d0                ToolMsg::Execute()
                0x000000000003d0d0                MacroProgCallMsg::Execute()
                0x000000000003d0d0                ErrorMsg::Execute()
                0x000000000003d0d0                MacroCmdMsg::Execute()
                0x000000000003d0d0                RapidMsg::Execute()
                0x000000000003d0d0                ModeMsg::Execute()
                0x000000000003d0d0                LineMsg::Execute()
                0x000000000003d0d0                RefReturnMsg::Execute()
                0x000000000003d0d0                MoveMsg::Execute()
                0x000000000003d0d4                CompensateMsg::SetData(void*)
                0x000000000003d0d4                SkipMsg::GetData(void*)
                0x000000000003d0d4                RestartOverMsg::GetData(void*)
                0x000000000003d0d4                TorqueCtrlMsg::SetData(void*)
                0x000000000003d0d4                SkipMsg::SetData(void*)
                0x000000000003d0d4                SpeedMsg::GetData(void*)
                0x000000000003d0d4                TorqueCtrlMsg::GetData(void*)
                0x000000000003d0d4                RefReturnMsg::GetData(void*)
                0x000000000003d0d4                AutoToolMeasureMsg::GetData(void*)
                0x000000000003d0d4                RestartOverMsg::SetData(void*)
                0x000000000003d0d4                PolarIntpMsg::SetData(void*)
                0x000000000003d0d4                MacroCmdMsg::GetData(void*)
                0x000000000003d0d4                MoveMsg::GetData(void*)
                0x000000000003d0d4                PolarIntpMsg::GetData(void*)
                0x000000000003d0d4                LoopMsg::GetData(void*)
                0x000000000003d0d4                SpindleCheckMsg::GetData(void*)
                0x000000000003d0d4                SpeedCtrlMsg::SetData(void*)
                0x000000000003d0d4                MacroProgCallMsg::SetData(void*)
                0x000000000003d0d4                SpindleCheckMsg::SetData(void*)
                0x000000000003d0d4                SubProgCallMsg::GetData(void*)
                0x000000000003d0d4                CoordMsg::SetData(void*)
                0x000000000003d0d4                TimeWaitMsg::SetData(void*)
                0x000000000003d0d4                SpeedCtrlMsg::GetData(void*)
                0x000000000003d0d4                SubProgCallMsg::SetData(void*)
                0x000000000003d0d4                AutoToolMeasureMsg::SetData(void*)
                0x000000000003d0d4                ToolMsg::GetData(void*)
                0x000000000003d0d4                FeedMsg::SetData(void*)
                0x000000000003d0d4                CompensateMsg::GetData(void*)
                0x000000000003d0d4                MacroCmdMsg::SetData(void*)
                0x000000000003d0d4                TimeWaitMsg::GetData(void*)
                0x000000000003d0d4                RapidMsg::SetData(void*)
                0x000000000003d0d4                AuxMsg::GetData(void*)
                0x000000000003d0d4                LoopMsg::SetData(void*)
                0x000000000003d0d4                ErrorMsg::GetData(void*)
                0x000000000003d0d4                ClearCirclePosMsg::SetData(void*)
                0x000000000003d0d4                CoordMsg::GetData(void*)
                0x000000000003d0d4                SubProgReturnMsg::SetData(void*)
                0x000000000003d0d4                ToolMsg::SetData(void*)
                0x000000000003d0d4                ArcMsg::GetData(void*)
                0x000000000003d0d4                LineMsg::GetData(void*)
                0x000000000003d0d4                FeedMsg::GetData(void*)
                0x000000000003d0d4                ModeMsg::SetData(void*)
                0x000000000003d0d4                SubProgReturnMsg::GetData(void*)
                0x000000000003d0d4                LineMsg::SetData(void*)
                0x000000000003d0d4                ModeMsg::GetData(void*)
                0x000000000003d0d4                RapidMsg::GetData(void*)
                0x000000000003d0d4                RefReturnMsg::SetData(void*)
                0x000000000003d0d4                MoveMsg::SetData(void*)
                0x000000000003d0d4                MacroProgCallMsg::GetData(void*)
                0x000000000003d0d4                ArcMsg::SetData(void*)
                0x000000000003d0d4                ClearCirclePosMsg::GetData(void*)
                0x000000000003d0d4                ErrorMsg::SetData(void*)
                0x000000000003d0d4                AuxMsg::SetData(void*)
                0x000000000003d0d4                SpeedMsg::SetData(void*)
                0x000000000003d0d8                ErrorMsg::GetOutputData(GCodeFrame*, unsigned int, bool)
                0x000000000003d0d8                AuxMsg::GetOutputData(GCodeFrame*, unsigned int, bool)
                0x000000000003d0d8                TorqueCtrlMsg::GetOutputData(GCodeFrame*, unsigned int, bool)
                0x000000000003d0d8                ModeMsg::GetOutputData(GCodeFrame*, unsigned int, bool)
                0x000000000003d0d8                SubProgReturnMsg::GetOutputData(GCodeFrame*, unsigned int, bool)
                0x000000000003d0d8                MacroProgCallMsg::GetOutputData(GCodeFrame*, unsigned int, bool)
                0x000000000003d0d8                MoveMsg::GetOutputData(GCodeFrame*, unsigned int, bool)
                0x000000000003d0d8                RestartOverMsg::GetOutputData(GCodeFrame*, unsigned int, bool)
                0x000000000003d0d8                SpeedMsg::GetOutputData(GCodeFrame*, unsigned int, bool)
                0x000000000003d0d8                LoopMsg::GetOutputData(GCodeFrame*, unsigned int, bool)
                0x000000000003d0d8                RefReturnMsg::GetOutputData(GCodeFrame*, unsigned int, bool)
                0x000000000003d0d8                FeedMsg::GetOutputData(GCodeFrame*, unsigned int, bool)
                0x000000000003d0d8                TimeWaitMsg::GetOutputData(GCodeFrame*, unsigned int, bool)
                0x000000000003d0d8                SubProgCallMsg::GetOutputData(GCodeFrame*, unsigned int, bool)
                0x000000000003d0d8                ClearCirclePosMsg::GetOutputData(GCodeFrame*, unsigned int, bool)
                0x000000000003d0d8                ToolMsg::GetOutputData(GCodeFrame*, unsigned int, bool)
                0x000000000003d0d8                SpeedCtrlMsg::GetOutputData(GCodeFrame*, unsigned int, bool)
                0x000000000003d0e0                CoordMsg::GetSimulateData(CompilerSimData&)
                0x000000000003d110                RefReturnMsg::GetSimulateData(CompilerSimData&)
                0x000000000003d140                CompensateMsg::GetSimulateData(CompilerSimData&)
                0x000000000003d180                RapidMsg::~RapidMsg()
                0x000000000003d180                RapidMsg::~RapidMsg()
                0x000000000003d184                RapidMsg::GetSimulateData(CompilerSimData&)
                0x000000000003d1b4                LineMsg::~LineMsg()
                0x000000000003d1b4                LineMsg::~LineMsg()
                0x000000000003d1b8                LineMsg::GetSimulateData(CompilerSimData&)
                0x000000000003d1e8                MacroCmdMsg::GetOutputData(GCodeFrame*, unsigned int, bool)
                0x000000000003d1e8                PolarIntpMsg::GetOutputData(GCodeFrame*, unsigned int, bool)
                0x000000000003d1e8                SpindleCheckMsg::GetOutputData(GCodeFrame*, unsigned int, bool)
                0x000000000003d1f0                RapidMsg::~RapidMsg()
                0x000000000003d208                LineMsg::~LineMsg()
                0x000000000003d220                ErrorMsg::PrintString()
                0x000000000003d24c                RestartOverMsg::PrintString()
                0x000000000003d25c                ModeMsg::PrintString()
                0x000000000003d288                MoveMsg::PrintString()
                0x000000000003d2b8                CoordMsg::PrintString()
                0x000000000003d2e4                LoopMsg::PrintString()
                0x000000000003d310                FeedMsg::PrintString()
                0x000000000003d344                SpeedMsg::PrintString()
                0x000000000003d370                ToolMsg::PrintString()
                0x000000000003d39c                TimeWaitMsg::PrintString()
                0x000000000003d3c8                RefReturnMsg::PrintString()
                0x000000000003d3d8                SkipMsg::PrintString()
                0x000000000003d3e8                AutoToolMeasureMsg::PrintString()
                0x000000000003d3f8                AuxMsg::PrintString()
                0x000000000003d424                SubProgCallMsg::PrintString()
                0x000000000003d45c                MacroProgCallMsg::PrintString()
                0x000000000003d48c                SubProgReturnMsg::PrintString()
                0x000000000003d49c                CompensateMsg::PrintString()
                0x000000000003d4e0                RapidMsg::PrintString()
                0x000000000003d51c                LineMsg::PrintString()
                0x000000000003d558                ArcMsg::PrintString()
                0x000000000003d59c                SpindleCheckMsg::PrintString()
                0x000000000003d5ac                MacroCmdMsg::PrintString()
                0x000000000003d5bc                PolarIntpMsg::PrintString()
                0x000000000003d5cc                ClearCirclePosMsg::PrintString()
                0x000000000003d5f8                SpeedCtrlMsg::PrintString()
                0x000000000003d654                TorqueCtrlMsg::PrintString()
                0x000000000003d6b0                RapidMsg::GetOutputData(GCodeFrame*, unsigned int, bool)
                0x000000000003d810                LineMsg::GetOutputData(GCodeFrame*, unsigned int, bool)
                0x000000000003d998                ArcMsg::GetOutputData(GCodeFrame*, unsigned int, bool)
                0x000000000003dc18                ArcMsg::GetSimulateData(CompilerSimData&)
                0x000000000003dce8                MacroProgCallMsg::~MacroProgCallMsg()
                0x000000000003dce8                MacroProgCallMsg::~MacroProgCallMsg()
                0x000000000003dd14                MacroProgCallMsg::~MacroProgCallMsg()
                0x000000000003dd4c                SpeedCtrlMsg::~SpeedCtrlMsg()
                0x000000000003dd4c                SpeedCtrlMsg::~SpeedCtrlMsg()
                0x000000000003dd78                SpeedCtrlMsg::~SpeedCtrlMsg()
                0x000000000003ddb0                TorqueCtrlMsg::~TorqueCtrlMsg()
                0x000000000003ddb0                TorqueCtrlMsg::~TorqueCtrlMsg()
                0x000000000003dddc                TorqueCtrlMsg::~TorqueCtrlMsg()
                0x000000000003de14                CoordMsg::GetOutputData(GCodeFrame*, unsigned int, bool)
                0x000000000003df88                CompensateMsg::GetOutputData(GCodeFrame*, unsigned int, bool)
                0x000000000003e128                RecordMsg::RecordMsg()
                0x000000000003e128                RecordMsg::RecordMsg()
                0x000000000003e154                RecordMsg::~RecordMsg()
                0x000000000003e154                RecordMsg::~RecordMsg()
                0x000000000003e158                RecordMsg::~RecordMsg()
                0x000000000003e170                RecordMsg::SetFlag(RecordFlag, bool)
                0x000000000003e190                RecordMsg::operator=(RecordMsg const&)
                0x000000000003e1b4                operator==(RecordMsg const&, RecordMsg&)
                0x000000000003e204                ErrorMsg::ErrorMsg(int)
                0x000000000003e204                ErrorMsg::ErrorMsg(int)
                0x000000000003e240                ErrorMsg::ErrorMsg()
                0x000000000003e240                ErrorMsg::ErrorMsg()
                0x000000000003e27c                ErrorMsg::operator=(ErrorMsg const&)
                0x000000000003e2b4                operator==(ErrorMsg const&, ErrorMsg&)
                0x000000000003e328                RestartOverMsg::RestartOverMsg()
                0x000000000003e328                RestartOverMsg::RestartOverMsg()
                0x000000000003e35c                RestartOverMsg::operator=(RestartOverMsg const&)
                0x000000000003e380                operator==(RestartOverMsg const&, RestartOverMsg&)
                0x000000000003e3d0                ModeMsg::ModeMsg(int)
                0x000000000003e3d0                ModeMsg::ModeMsg(int)
                0x000000000003e408                ModeMsg::operator=(ModeMsg const&)
                0x000000000003e440                operator==(ModeMsg const&, ModeMsg&)
                0x000000000003e4b4                MoveMsg::MoveMsg(int)
                0x000000000003e4b4                MoveMsg::MoveMsg(int)
                0x000000000003e4f0                MoveMsg::operator=(MoveMsg const&)
                0x000000000003e530                operator==(MoveMsg const&, MoveMsg&)
                0x000000000003e5b4                CoordMsg::CoordMsg(DPointChn const&, DPointChn const&, int, unsigned int)
                0x000000000003e5b4                CoordMsg::CoordMsg(DPointChn const&, DPointChn const&, int, unsigned int)
                0x000000000003e670                CoordMsg::operator=(CoordMsg const&)
                0x000000000003e6c0                operator==(CoordMsg const&, CoordMsg&)
                0x000000000003e74c                LoopMsg::LoopMsg(int, double*, unsigned char, unsigned int)
                0x000000000003e74c                LoopMsg::LoopMsg(int, double*, unsigned char, unsigned int)
                0x000000000003e794                LoopMsg::GetMacroProgIndex()
                0x000000000003e894                LoopMsg::GetMacroProgName(char*, bool)
                0x000000000003ed54                LoopMsg::GetParameter(unsigned int&, unsigned char&)
                0x000000000003ed6c                LoopMsg::SetLastProgFile(char*)
                0x000000000003ed98                LoopMsg::GetLastProgFile(char*)
                0x000000000003edac                LoopMsg::operator=(LoopMsg const&)
                0x000000000003ee50                operator==(LoopMsg const&, LoopMsg&)
                0x000000000003ef3c                FeedMsg::FeedMsg(double, double)
                0x000000000003ef3c                FeedMsg::FeedMsg(double, double)
                0x000000000003ef78                FeedMsg::operator=(FeedMsg const&)
                0x000000000003efb0                operator==(FeedMsg const&, FeedMsg&)
                0x000000000003f02c                SpeedMsg::SpeedMsg(double)
                0x000000000003f02c                SpeedMsg::SpeedMsg(double)
                0x000000000003f064                SpeedMsg::operator=(SpeedMsg const&)
                0x000000000003f094                operator==(SpeedMsg const&, SpeedMsg&)
                0x000000000003f0fc                ToolMsg::ToolMsg(int*, unsigned char)
                0x000000000003f0fc                ToolMsg::ToolMsg(int*, unsigned char)
                0x000000000003f1a4                ToolMsg::IsFirstExec()
                0x000000000003f1f4                ToolMsg::GetSubProgName(char*, bool)
                0x000000000003f5e4                ToolMsg::operator=(ToolMsg const&)
                0x000000000003f660                operator==(ToolMsg const&, ToolMsg&)
                0x000000000003f71c                TimeWaitMsg::TimeWaitMsg(unsigned int)
                0x000000000003f71c                TimeWaitMsg::TimeWaitMsg(unsigned int)
                0x000000000003f760                TimeWaitMsg::operator=(TimeWaitMsg const&)
                0x000000000003f790                operator==(TimeWaitMsg const&, TimeWaitMsg&)
                0x000000000003f7f4                RefReturnMsg::RefReturnMsg(int, unsigned int, DPointChn&)
                0x000000000003f7f4                RefReturnMsg::RefReturnMsg(int, unsigned int, DPointChn&)
                0x000000000003f870                RefReturnMsg::operator=(RefReturnMsg const&)
                0x000000000003f8b8                operator==(RefReturnMsg const&, RefReturnMsg&)
                0x000000000003f924                SkipMsg::operator=(SkipMsg const&)
                0x000000000003f988                operator==(SkipMsg const&, SkipMsg&)
                0x000000000003fa3c                AutoToolMeasureMsg::AutoToolMeasureMsg(DPointChn const&, unsigned int, int, int)
                0x000000000003fa3c                AutoToolMeasureMsg::AutoToolMeasureMsg(DPointChn const&, unsigned int, int, int)
                0x000000000003fad0                AutoToolMeasureMsg::GetMacroProgName(char*, bool)
                0x000000000003fce0                AutoToolMeasureMsg::operator=(AutoToolMeasureMsg const&)
                0x000000000003fd30                operator==(AutoToolMeasureMsg const&, AutoToolMeasureMsg&)
                0x000000000003fdcc                AuxMsg::AuxMsg(int)
                0x000000000003fdcc                AuxMsg::AuxMsg(int)
                0x000000000003fe48                AuxMsg::AuxMsg(int*, unsigned char)
                0x000000000003fe48                AuxMsg::AuxMsg(int*, unsigned char)
                0x000000000003fef4                AuxMsg::IsFirstExec()
                0x000000000003ff44                AuxMsg::operator=(AuxMsg const&)
                0x000000000003ffd0                operator==(AuxMsg const&, AuxMsg&)
                0x000000000004007c                SubProgCallMsg::SubProgCallMsg(int, int)
                0x000000000004007c                SubProgCallMsg::SubProgCallMsg(int, int)
                0x00000000000400d4                SubProgCallMsg::SetLastProgFile(char*)
                0x0000000000040100                SubProgCallMsg::GetLastProgFile(char*)
                0x0000000000040114                SubProgCallMsg::GetSubProgName(char*, bool)
                0x0000000000040504                SubProgCallMsg::operator=(SubProgCallMsg const&)
                0x000000000004056c                operator==(SubProgCallMsg const&, SubProgCallMsg&)
                0x0000000000040600                MacroProgCallMsg::MacroProgCallMsg(int, int, double*, unsigned char, unsigned int)
                0x0000000000040600                MacroProgCallMsg::MacroProgCallMsg(int, int, double*, unsigned char, unsigned int)
                0x0000000000040658                MacroProgCallMsg::GetParameter(unsigned int&, unsigned char&)
                0x0000000000040670                MacroProgCallMsg::SetLastProgFile(char*)
                0x000000000004069c                MacroProgCallMsg::GetLastProgFile(char*)
                0x00000000000406b0                MacroProgCallMsg::GetMacroProgName(char*, bool)
                0x0000000000040aa0                MacroProgCallMsg::operator=(MacroProgCallMsg const&)
                0x0000000000040b54                operator==(MacroProgCallMsg const&, MacroProgCallMsg&)
                0x0000000000040c60                SubProgReturnMsg::SubProgReturnMsg(char*, bool)
                0x0000000000040c60                SubProgReturnMsg::SubProgReturnMsg(char*, bool)
                0x0000000000040cb0                SubProgReturnMsg::operator=(SubProgReturnMsg const&)
                0x0000000000040d00                operator==(SubProgReturnMsg const&, SubProgReturnMsg&)
                0x0000000000040d70                CompensateMsg::operator=(CompensateMsg const&)
                0x0000000000040dd4                operator==(CompensateMsg const&, CompensateMsg&)
                0x0000000000040e74                RapidMsg::RapidMsg(DPointChn const&, DPointChn const&, unsigned int)
                0x0000000000040e74                RapidMsg::RapidMsg(DPointChn const&, DPointChn const&, unsigned int)
                0x0000000000040f30                RapidMsg::SetPmcAxisData(unsigned char)
                0x0000000000040f48                RapidMsg::RefreshTargetPos(DPointChn&)
                0x0000000000040fa0                RapidMsg::operator=(RapidMsg const&)
                0x0000000000041004                operator==(RapidMsg const&, RapidMsg&)
                0x0000000000041094                LineMsg::LineMsg(DPointChn const&, DPointChn const&, double, unsigned int)
                0x0000000000041094                LineMsg::LineMsg(DPointChn const&, DPointChn const&, double, unsigned int)
                0x0000000000041164                SkipMsg::SkipMsg(DPointChn const&, DPointChn const&, double, unsigned int)
                0x0000000000041164                SkipMsg::SkipMsg(DPointChn const&, DPointChn const&, double, unsigned int)
                0x00000000000411a0                CompensateMsg::CompensateMsg(int, unsigned short, DPointChn const&, DPointChn const&, unsigned int, double, unsigned char)
                0x00000000000411a0                CompensateMsg::CompensateMsg(int, unsigned short, DPointChn const&, DPointChn const&, unsigned int, double, unsigned char)
                0x0000000000041208                LineMsg::SetPmcAxisData(unsigned char)
                0x0000000000041238                LineMsg::RefreshTargetPos(DPointChn&)
                0x00000000000412dc                LineMsg::operator=(LineMsg const&)
                0x0000000000041340                operator==(LineMsg const&, LineMsg&)
                0x00000000000413d0                ArcMsg::ArcMsg(int, DPointChn const&, DPointChn const&, DPointChn const&, double const&, double, unsigned int, signed char, signed char, signed char)
                0x00000000000413d0                ArcMsg::ArcMsg(int, DPointChn const&, DPointChn const&, DPointChn const&, double const&, double, unsigned int, signed char, signed char, signed char)
                0x00000000000414d8                ArcMsg::CalArcCenter(DPointChn const&, DPointChn const&, double const&, signed char, unsigned short, DPointChn&)
                0x00000000000416b8                ArcMsg::RefreshTargetPos(DPointChn&)
                0x00000000000417a4                ArcMsg::operator=(ArcMsg const&)
                0x0000000000041824                operator==(ArcMsg const&, ArcMsg&)
                0x0000000000041908                SpindleCheckMsg::SpindleCheckMsg(int, int, int, int, int)
                0x0000000000041908                SpindleCheckMsg::SpindleCheckMsg(int, int, int, int, int)
                0x0000000000041958                SpindleCheckMsg::operator=(SpindleCheckMsg const&)
                0x00000000000419a0                operator==(SpindleCheckMsg const&, SpindleCheckMsg&)
                0x0000000000041a44                MacroCmdMsg::operator=(MacroCmdMsg&)
                0x0000000000041ab0                operator==(MacroCmdMsg&, MacroCmdMsg&)
                0x0000000000041b34                PolarIntpMsg::PolarIntpMsg(int, int, int, int, int, int, int, int, int)
                0x0000000000041b34                PolarIntpMsg::PolarIntpMsg(int, int, int, int, int, int, int, int, int)
                0x0000000000041bac                PolarIntpMsg::operator=(PolarIntpMsg const&)
                0x0000000000041c14                operator==(PolarIntpMsg const&, PolarIntpMsg&)
                0x0000000000041cf8                ClearCirclePosMsg::ClearCirclePosMsg(int, unsigned int, int)
                0x0000000000041cf8                ClearCirclePosMsg::ClearCirclePosMsg(int, unsigned int, int)
                0x0000000000041d44                ClearCirclePosMsg::operator=(ClearCirclePosMsg const&)
                0x0000000000041d84                operator==(ClearCirclePosMsg const&, ClearCirclePosMsg&)
                0x0000000000041e08                SpeedCtrlMsg::SpeedCtrlMsg(int, double*, unsigned char, unsigned int)
                0x0000000000041e08                SpeedCtrlMsg::SpeedCtrlMsg(int, double*, unsigned char, unsigned int)
                0x0000000000041ee0                SpeedCtrlMsg::GetTargetValue(unsigned char&, unsigned int&)
                0x0000000000041ef8                SpeedCtrlMsg::operator=(SpeedCtrlMsg const&)
                0x0000000000041f88                operator==(SpeedCtrlMsg const&, SpeedCtrlMsg&)
                0x0000000000042050                TorqueCtrlMsg::TorqueCtrlMsg(int, double*, unsigned char, unsigned int, unsigned int)
                0x0000000000042050                TorqueCtrlMsg::TorqueCtrlMsg(int, double*, unsigned char, unsigned int, unsigned int)
                0x0000000000042138                TorqueCtrlMsg::GetTargetValue(unsigned char&, unsigned int&)
                0x0000000000042150                TorqueCtrlMsg::operator=(TorqueCtrlMsg const&)
                0x00000000000421e4                operator==(TorqueCtrlMsg const&, TorqueCtrlMsg&)
                0x00000000000422c0                MacroCmdMsg::MacroCmdMsg(LexerMacroCmd*)
                0x00000000000422c0                MacroCmdMsg::MacroCmdMsg(LexerMacroCmd*)
 .text._ZN9RecordMsg15GetSimulateDataER15CompilerSimData
                0x0000000000042618        0x8 ./src/compiler/compile_message.o
                0x0000000000042618                RecordMsg::GetSimulateData(CompilerSimData&)
 .text._ZN7SkipMsgD2Ev
                0x0000000000042620        0x4 ./src/compiler/compile_message.o
                0x0000000000042620                SkipMsg::~SkipMsg()
                0x0000000000042620                SkipMsg::~SkipMsg()
 .text._ZN7ModeMsgD2Ev
                0x0000000000042624        0x4 ./src/compiler/compile_message.o
                0x0000000000042624                ModeMsg::~ModeMsg()
                0x0000000000042624                ModeMsg::~ModeMsg()
 .text._ZN18AutoToolMeasureMsgD2Ev
                0x0000000000042628        0x4 ./src/compiler/compile_message.o
                0x0000000000042628                AutoToolMeasureMsg::~AutoToolMeasureMsg()
                0x0000000000042628                AutoToolMeasureMsg::~AutoToolMeasureMsg()
 .text._ZN6AuxMsgD2Ev
                0x000000000004262c        0x4 ./src/compiler/compile_message.o
                0x000000000004262c                AuxMsg::~AuxMsg()
                0x000000000004262c                AuxMsg::~AuxMsg()
 .text._ZN7MoveMsgD2Ev
                0x0000000000042630        0x4 ./src/compiler/compile_message.o
                0x0000000000042630                MoveMsg::~MoveMsg()
                0x0000000000042630                MoveMsg::~MoveMsg()
 .text._ZN17ClearCirclePosMsgD2Ev
                0x0000000000042634        0x4 ./src/compiler/compile_message.o
                0x0000000000042634                ClearCirclePosMsg::~ClearCirclePosMsg()
                0x0000000000042634                ClearCirclePosMsg::~ClearCirclePosMsg()
 .text._ZN12PolarIntpMsgD2Ev
                0x0000000000042638        0x4 ./src/compiler/compile_message.o
                0x0000000000042638                PolarIntpMsg::~PolarIntpMsg()
                0x0000000000042638                PolarIntpMsg::~PolarIntpMsg()
 .text._ZN15SpindleCheckMsgD2Ev
                0x000000000004263c        0x4 ./src/compiler/compile_message.o
                0x000000000004263c                SpindleCheckMsg::~SpindleCheckMsg()
                0x000000000004263c                SpindleCheckMsg::~SpindleCheckMsg()
 .text._ZN6ArcMsgD2Ev
                0x0000000000042640        0x4 ./src/compiler/compile_message.o
                0x0000000000042640                ArcMsg::~ArcMsg()
                0x0000000000042640                ArcMsg::~ArcMsg()
 .text._ZN13CompensateMsgD2Ev
                0x0000000000042644        0x4 ./src/compiler/compile_message.o
                0x0000000000042644                CompensateMsg::~CompensateMsg()
                0x0000000000042644                CompensateMsg::~CompensateMsg()
 .text._ZN7LoopMsgD2Ev
                0x0000000000042648        0x4 ./src/compiler/compile_message.o
                0x0000000000042648                LoopMsg::~LoopMsg()
                0x0000000000042648                LoopMsg::~LoopMsg()
 .text._ZN16SubProgReturnMsgD2Ev
                0x000000000004264c        0x4 ./src/compiler/compile_message.o
                0x000000000004264c                SubProgReturnMsg::~SubProgReturnMsg()
                0x000000000004264c                SubProgReturnMsg::~SubProgReturnMsg()
 .text._ZN14SubProgCallMsgD2Ev
                0x0000000000042650        0x4 ./src/compiler/compile_message.o
                0x0000000000042650                SubProgCallMsg::~SubProgCallMsg()
                0x0000000000042650                SubProgCallMsg::~SubProgCallMsg()
 .text._ZN12RefReturnMsgD2Ev
                0x0000000000042654        0x4 ./src/compiler/compile_message.o
                0x0000000000042654                RefReturnMsg::~RefReturnMsg()
                0x0000000000042654                RefReturnMsg::~RefReturnMsg()
 .text._ZN11TimeWaitMsgD2Ev
                0x0000000000042658        0x4 ./src/compiler/compile_message.o
                0x0000000000042658                TimeWaitMsg::~TimeWaitMsg()
                0x0000000000042658                TimeWaitMsg::~TimeWaitMsg()
 .text._ZN7ToolMsgD2Ev
                0x000000000004265c        0x4 ./src/compiler/compile_message.o
                0x000000000004265c                ToolMsg::~ToolMsg()
                0x000000000004265c                ToolMsg::~ToolMsg()
 .text._ZN8SpeedMsgD2Ev
                0x0000000000042660        0x4 ./src/compiler/compile_message.o
                0x0000000000042660                SpeedMsg::~SpeedMsg()
                0x0000000000042660                SpeedMsg::~SpeedMsg()
 .text._ZN7FeedMsgD2Ev
                0x0000000000042664        0x4 ./src/compiler/compile_message.o
                0x0000000000042664                FeedMsg::~FeedMsg()
                0x0000000000042664                FeedMsg::~FeedMsg()
 .text._ZN8CoordMsgD2Ev
                0x0000000000042668        0x4 ./src/compiler/compile_message.o
                0x0000000000042668                CoordMsg::~CoordMsg()
                0x0000000000042668                CoordMsg::~CoordMsg()
 .text._ZN14RestartOverMsgD2Ev
                0x000000000004266c        0x4 ./src/compiler/compile_message.o
                0x000000000004266c                RestartOverMsg::~RestartOverMsg()
                0x000000000004266c                RestartOverMsg::~RestartOverMsg()
 .text._ZN8ErrorMsgD2Ev
                0x0000000000042670        0x4 ./src/compiler/compile_message.o
                0x0000000000042670                ErrorMsg::~ErrorMsg()
                0x0000000000042670                ErrorMsg::~ErrorMsg()
 .text._ZN7ModeMsgD0Ev
                0x0000000000042674       0x18 ./src/compiler/compile_message.o
                0x0000000000042674                ModeMsg::~ModeMsg()
 .text._ZN7MoveMsgD0Ev
                0x000000000004268c       0x18 ./src/compiler/compile_message.o
                0x000000000004268c                MoveMsg::~MoveMsg()
 .text._ZN13CompensateMsgD0Ev
                0x00000000000426a4       0x18 ./src/compiler/compile_message.o
                0x00000000000426a4                CompensateMsg::~CompensateMsg()
 .text._ZN7SkipMsgD0Ev
                0x00000000000426bc       0x18 ./src/compiler/compile_message.o
                0x00000000000426bc                SkipMsg::~SkipMsg()
 .text._ZN6ArcMsgD0Ev
                0x00000000000426d4       0x18 ./src/compiler/compile_message.o
                0x00000000000426d4                ArcMsg::~ArcMsg()
 .text._ZN17ClearCirclePosMsgD0Ev
                0x00000000000426ec       0x18 ./src/compiler/compile_message.o
                0x00000000000426ec                ClearCirclePosMsg::~ClearCirclePosMsg()
 .text._ZN12PolarIntpMsgD0Ev
                0x0000000000042704       0x18 ./src/compiler/compile_message.o
                0x0000000000042704                PolarIntpMsg::~PolarIntpMsg()
 .text._ZN15SpindleCheckMsgD0Ev
                0x000000000004271c       0x18 ./src/compiler/compile_message.o
                0x000000000004271c                SpindleCheckMsg::~SpindleCheckMsg()
 .text._ZN18AutoToolMeasureMsgD0Ev
                0x0000000000042734       0x18 ./src/compiler/compile_message.o
                0x0000000000042734                AutoToolMeasureMsg::~AutoToolMeasureMsg()
 .text._ZN7LoopMsgD0Ev
                0x000000000004274c       0x18 ./src/compiler/compile_message.o
                0x000000000004274c                LoopMsg::~LoopMsg()
 .text._ZN12RefReturnMsgD0Ev
                0x0000000000042764       0x18 ./src/compiler/compile_message.o
                0x0000000000042764                RefReturnMsg::~RefReturnMsg()
 .text._ZN11TimeWaitMsgD0Ev
                0x000000000004277c       0x18 ./src/compiler/compile_message.o
                0x000000000004277c                TimeWaitMsg::~TimeWaitMsg()
 .text._ZN8CoordMsgD0Ev
                0x0000000000042794       0x18 ./src/compiler/compile_message.o
                0x0000000000042794                CoordMsg::~CoordMsg()
 .text._ZN6AuxMsgD0Ev
                0x00000000000427ac       0x18 ./src/compiler/compile_message.o
                0x00000000000427ac                AuxMsg::~AuxMsg()
 .text._ZN16SubProgReturnMsgD0Ev
                0x00000000000427c4       0x18 ./src/compiler/compile_message.o
                0x00000000000427c4                SubProgReturnMsg::~SubProgReturnMsg()
 .text._ZN14SubProgCallMsgD0Ev
                0x00000000000427dc       0x18 ./src/compiler/compile_message.o
                0x00000000000427dc                SubProgCallMsg::~SubProgCallMsg()
 .text._ZN7ToolMsgD0Ev
                0x00000000000427f4       0x18 ./src/compiler/compile_message.o
                0x00000000000427f4                ToolMsg::~ToolMsg()
 .text._ZN8SpeedMsgD0Ev
                0x000000000004280c       0x18 ./src/compiler/compile_message.o
                0x000000000004280c                SpeedMsg::~SpeedMsg()
 .text._ZN7FeedMsgD0Ev
                0x0000000000042824       0x18 ./src/compiler/compile_message.o
                0x0000000000042824                FeedMsg::~FeedMsg()
 .text._ZN14RestartOverMsgD0Ev
                0x000000000004283c       0x18 ./src/compiler/compile_message.o
                0x000000000004283c                RestartOverMsg::~RestartOverMsg()
 .text._ZN8ErrorMsgD0Ev
                0x0000000000042854       0x18 ./src/compiler/compile_message.o
                0x0000000000042854                ErrorMsg::~ErrorMsg()
 .text._ZNSt11_Deque_baseI8MacroRecSaIS0_EED2Ev
                0x000000000004286c       0x48 ./src/compiler/compile_message.o
                0x000000000004286c                std::_Deque_base<MacroRec, std::allocator<MacroRec> >::~_Deque_base()
                0x000000000004286c                std::_Deque_base<MacroRec, std::allocator<MacroRec> >::~_Deque_base()
 .text._ZN11MacroCmdMsgD2Ev
                0x00000000000428b4       0x28 ./src/compiler/compile_message.o
                0x00000000000428b4                MacroCmdMsg::~MacroCmdMsg()
                0x00000000000428b4                MacroCmdMsg::~MacroCmdMsg()
 .text._ZN11MacroCmdMsgD0Ev
                0x00000000000428dc       0x34 ./src/compiler/compile_message.o
                0x00000000000428dc                MacroCmdMsg::~MacroCmdMsg()
 .text          0x0000000000042910     0x7a18 ./src/compiler/compiler.o
                0x00000000000439f4                Compiler::SetCurPos(DPoint const&)
                0x0000000000043a78                Compiler::SetCurPos(DPointChn const&)
                0x0000000000043a8c                Compiler::SetCurGMode()
                0x0000000000043ad8                Compiler::GetPreScanLine(char*, unsigned long long&, AsFileMapInfo&)
                0x0000000000043df8                Compiler::PreScanLine2(char*, unsigned long long, unsigned long long, bool&, CompilerScene*)
                0x0000000000044034                Compiler::CompileOver()
                0x00000000000441c0                Compiler::RecycleCompile()
                0x000000000004424c                Compiler::ResetState()
                0x00000000000442d8                Compiler::DoIdle()
                0x00000000000442dc                Compiler::IsNewLineChar(char*)
                0x00000000000442f8                Compiler::GetCurNcFile(char*)
                0x0000000000044310                Compiler::GetLineData()
                0x0000000000044334                Compiler::RunModeMsg(RecordMsg*)
                0x000000000004441c                Compiler::RunFeedMsg(RecordMsg*)
                0x0000000000044434                Compiler::RunSpeedMsg(RecordMsg*)
                0x000000000004444c                Compiler::RunPolarIntpMsg(RecordMsg*)
                0x0000000000044490                Compiler::RunTimeWaitMsg(RecordMsg*)
                0x00000000000444a8                Compiler::RunRefReturnMsg(RecordMsg*)
                0x0000000000044540                Compiler::RunSkipMsg(RecordMsg*)
                0x000000000004462c                Compiler::RunSpeedCtrlMsg(RecordMsg*)
                0x0000000000044644                Compiler::RunTorqueCtrlMsg(RecordMsg*)
                0x000000000004467c                Compiler::RunClearCirclePosMsg(RecordMsg*)
                0x0000000000044694                Compiler::RunToolMsg(RecordMsg*)
                0x00000000000446a8                Compiler::RunErrorMsg(RecordMsg*)
                0x00000000000446f8                Compiler::GetHeadInfo()
                0x0000000000044700                Compiler::DoLexer()
                0x000000000004473c                Compiler::ProcessMain()
                0x00000000000447e0                Compiler::CheckHead()
                0x0000000000044820                Compiler::CompileHead()
                0x000000000004483c                Compiler::DoParser()
                0x000000000004485c                Compiler::GetMacroSubProgPath(int, int, bool, char*)
                0x00000000000449ec                Compiler::FindSubProgram(int)
                0x0000000000044a34                Compiler::FindJumpLabel(int, unsigned long long&, unsigned long long&)
                0x0000000000044ab0                Compiler::JumpToLoopHead(LoopOffset&)
                0x0000000000044b08                Compiler::CheckJumpGoto(unsigned long long, unsigned long long)
                0x0000000000044c5c                Compiler::UnmapCurNcFile()
                0x0000000000044c64                Compiler::RemapCurNcFile()
                0x0000000000044c6c                Compiler::SetAxisNameEx(bool)
                0x0000000000044c80                Compiler::SetRestartPara(unsigned long long, unsigned char)
                0x0000000000044c94                Compiler::RefreshBlockMovePos(DPointChn&)
                0x0000000000044dec                Compiler::MapAxisNameToParamIdx(unsigned char)
                0x0000000000044e04                Compiler::SaveLoopParam(LoopMsg*)
                0x0000000000044e10                Compiler::ResetLoopParam()
                0x0000000000044e44                Compiler::FindPreStartSpdCmd(unsigned long long, unsigned long long, SpindleStartOffset&)
                0x0000000000044ef0                Compiler::ProcessFiveAxisRotPos(DPoint&, DPoint&, unsigned int)
                0x0000000000045028                Compiler::ProcessFiveAxisRotPos(DPointChn&, DPointChn&, unsigned int)
                0x0000000000045160                Compiler::RunCoordMsg(RecordMsg*)
                0x00000000000452a4                Compiler::RunRapidMsg(RecordMsg*)
                0x00000000000453a0                Compiler::RunLineMsg(RecordMsg*)
                0x0000000000045500                Compiler::RunArcMsg(RecordMsg*)
                0x0000000000045608                Compiler::RunCompensateMsg(RecordMsg*)
                0x0000000000045818                Compiler::OpenFile(char const*, bool)
                0x0000000000045c14                Compiler::JumpToLoopEnd(LoopOffset&)
                0x0000000000045f08                Compiler::OpenFileInScene(char const*)
                0x0000000000046428                Compiler::SaveScene()
                0x0000000000046670                Compiler::ReloadScene(bool)
                0x00000000000469dc                Compiler::SetMode(CompilerWorkMode)
                0x0000000000046ac4                Compiler::InitCompiler()
                0x0000000000046e70                Compiler::Reset()
                0x0000000000047334                Compiler::PreScanLine1(char*, unsigned long long, unsigned long long, bool&, DataStack<LoopOffset>&, CompilerScene*)
                0x0000000000047f18                Compiler::PreScan()
                0x00000000000483a4                Compiler::PreScanThread(void*)
                0x000000000004842c                Compiler::CreateErrorMsg(ErrorType, unsigned long long)
                0x0000000000048488                Compiler::ProcessHead()
                0x00000000000484f0                Compiler::CompileLine()
                0x0000000000048704                Compiler::RunSubProgCallMsg(RecordMsg*)
                0x00000000000489c4                Compiler::RunMacroProgCallMsg(RecordMsg*)
                0x00000000000489f4                Compiler::RunAutoToolMeasureMsg(RecordMsg*)
                0x0000000000048bcc                Compiler::RunLoopMsg(RecordMsg*)
                0x0000000000048ec8                Compiler::CallMarcoProgWithNoPara(int)
                0x0000000000049024                Compiler::RunMacroMsg(RecordMsg*)
                0x0000000000049608                Compiler::ReturnFromSubProg()
                0x0000000000049918                Compiler::RunAuxMsg(RecordMsg*)
                0x0000000000049a24                Compiler::RunMessage()
                0x0000000000049e44                Compiler::Compiler(ChannelControl*)
                0x0000000000049e44                Compiler::Compiler(ChannelControl*)
                0x000000000004a104                Compiler::~Compiler()
                0x000000000004a104                Compiler::~Compiler()
                0x000000000004a308                Compiler::~Compiler()
 .text._ZN10ListBufferI11LabelOffsetED2Ev
                0x000000000004a328       0x44 ./src/compiler/compiler.o
                0x000000000004a328                ListBuffer<LabelOffset>::~ListBuffer()
                0x000000000004a328                ListBuffer<LabelOffset>::~ListBuffer()
 .text._ZN10ListBufferI11LabelOffsetED0Ev
                0x000000000004a36c       0x20 ./src/compiler/compiler.o
                0x000000000004a36c                ListBuffer<LabelOffset>::~ListBuffer()
 .text._ZN10ListBufferI13SubProgOffsetED2Ev
                0x000000000004a38c       0x44 ./src/compiler/compiler.o
                0x000000000004a38c                ListBuffer<SubProgOffset>::~ListBuffer()
                0x000000000004a38c                ListBuffer<SubProgOffset>::~ListBuffer()
 .text._ZN10ListBufferI13SubProgOffsetED0Ev
                0x000000000004a3d0       0x20 ./src/compiler/compiler.o
                0x000000000004a3d0                ListBuffer<SubProgOffset>::~ListBuffer()
 .text._ZN10ListBufferI7LoopRecED2Ev
                0x000000000004a3f0       0x44 ./src/compiler/compiler.o
                0x000000000004a3f0                ListBuffer<LoopRec>::~ListBuffer()
                0x000000000004a3f0                ListBuffer<LoopRec>::~ListBuffer()
 .text._ZN10ListBufferI7LoopRecED0Ev
                0x000000000004a434       0x20 ./src/compiler/compiler.o
                0x000000000004a434                ListBuffer<LoopRec>::~ListBuffer()
 .text._ZN10ListBufferI18SpindleStartOffsetED2Ev
                0x000000000004a454       0x44 ./src/compiler/compiler.o
                0x000000000004a454                ListBuffer<SpindleStartOffset>::~ListBuffer()
                0x000000000004a454                ListBuffer<SpindleStartOffset>::~ListBuffer()
 .text._ZN10ListBufferI18SpindleStartOffsetED0Ev
                0x000000000004a498       0x20 ./src/compiler/compiler.o
                0x000000000004a498                ListBuffer<SpindleStartOffset>::~ListBuffer()
 .text._ZN10ListBufferI13SubProgOffsetE6AppendERKS0_
                0x000000000004a4b8       0xd0 ./src/compiler/compiler.o
                0x000000000004a4b8                ListBuffer<SubProgOffset>::Append(SubProgOffset const&)
 .text._ZN10ListBufferI13SubProgOffsetEaSERKS1_
                0x000000000004a588       0x5c ./src/compiler/compiler.o
                0x000000000004a588                ListBuffer<SubProgOffset>::operator=(ListBuffer<SubProgOffset> const&)
 .text._ZN9DataStackI10LoopOffsetE4pushERS0_
                0x000000000004a5e4       0xb8 ./src/compiler/compiler.o
                0x000000000004a5e4                DataStack<LoopOffset>::push(LoopOffset&)
 .text._ZN10ListBufferI7LoopRecE6AppendERKS0_
                0x000000000004a69c       0xd0 ./src/compiler/compiler.o
                0x000000000004a69c                ListBuffer<LoopRec>::Append(LoopRec const&)
 .text._ZN10ListBufferI7LoopRecEaSERKS1_
                0x000000000004a76c       0x5c ./src/compiler/compiler.o
                0x000000000004a76c                ListBuffer<LoopRec>::operator=(ListBuffer<LoopRec> const&)
 .text._ZN10ListBufferI18SpindleStartOffsetE6AppendERKS0_
                0x000000000004a7c8       0xd0 ./src/compiler/compiler.o
                0x000000000004a7c8                ListBuffer<SpindleStartOffset>::Append(SpindleStartOffset const&)
 .text._ZN10ListBufferI18SpindleStartOffsetEaSERKS1_
                0x000000000004a898       0x5c ./src/compiler/compiler.o
                0x000000000004a898                ListBuffer<SpindleStartOffset>::operator=(ListBuffer<SpindleStartOffset> const&)
 .text._ZN9DataStackI10LoopOffsetE3popEv
                0x000000000004a8f4       0x50 ./src/compiler/compiler.o
                0x000000000004a8f4                DataStack<LoopOffset>::pop()
 .text._ZN9DataStackI10LoopOffsetED2Ev
                0x000000000004a944       0x3c ./src/compiler/compiler.o
                0x000000000004a944                DataStack<LoopOffset>::~DataStack()
                0x000000000004a944                DataStack<LoopOffset>::~DataStack()
 .text._ZN9DataStackI10LoopOffsetED0Ev
                0x000000000004a980       0x48 ./src/compiler/compiler.o
                0x000000000004a980                DataStack<LoopOffset>::~DataStack()
 .text._ZN13CompilerSceneD2Ev
                0x000000000004a9c8       0x60 ./src/compiler/compiler.o
                0x000000000004a9c8                CompilerScene::~CompilerScene()
                0x000000000004a9c8                CompilerScene::~CompilerScene()
 .text._ZN9DataStackI13CompilerSceneE4pushERS0_
                0x000000000004aa28      0x1e0 ./src/compiler/compiler.o
                0x000000000004aa28                DataStack<CompilerScene>::push(CompilerScene&)
 .text._ZN10ListBufferI11LabelOffsetE6DeleteEP8ListNodeIS0_Eb
                0x000000000004ac08       0xe8 ./src/compiler/compiler.o
                0x000000000004ac08                ListBuffer<LabelOffset>::Delete(ListNode<LabelOffset>*, bool)
 .text._ZN10ListBufferI11LabelOffsetE6AppendERKS0_
                0x000000000004acf0       0xa8 ./src/compiler/compiler.o
                0x000000000004acf0                ListBuffer<LabelOffset>::Append(LabelOffset const&)
 .text._ZN10ListBufferI11LabelOffsetEaSERKS1_
                0x000000000004ad98       0x5c ./src/compiler/compiler.o
                0x000000000004ad98                ListBuffer<LabelOffset>::operator=(ListBuffer<LabelOffset> const&)
 .text._ZN9DataStackI13CompilerSceneE3popEv
                0x000000000004adf4      0x5d8 ./src/compiler/compiler.o
                0x000000000004adf4                DataStack<CompilerScene>::pop()
 .text._ZN9DataStackI13CompilerSceneED2Ev
                0x000000000004b3cc       0x3c ./src/compiler/compiler.o
                0x000000000004b3cc                DataStack<CompilerScene>::~DataStack()
                0x000000000004b3cc                DataStack<CompilerScene>::~DataStack()
 .text._ZN9DataStackI13CompilerSceneED0Ev
                0x000000000004b408       0x48 ./src/compiler/compiler.o
                0x000000000004b408                DataStack<CompilerScene>::~DataStack()
 .text._ZN10ListBufferIP9RecordMsgE10RemoveNodeEP8ListNodeIS1_E
                0x000000000004b450       0x94 ./src/compiler/compiler.o
                0x000000000004b450                ListBuffer<RecordMsg*>::RemoveNode(ListNode<RecordMsg*>*)
 .text._ZN10ListBufferIP9RecordMsgE6DeleteEP8ListNodeIS1_Eb
                0x000000000004b4e4      0x100 ./src/compiler/compiler.o
                0x000000000004b4e4                ListBuffer<RecordMsg*>::Delete(ListNode<RecordMsg*>*, bool)
 .text._ZN10ListBufferIP9RecordMsgE6AppendERKS1_
                0x000000000004b5e4       0xa4 ./src/compiler/compiler.o
                0x000000000004b5e4                ListBuffer<RecordMsg*>::Append(RecordMsg* const&)
 .text._ZNSt11_Deque_baseI8MacroRecSaIS0_EE17_M_initialize_mapEj
                0x000000000004b688       0xf8 ./src/compiler/compiler.o
                0x000000000004b688                std::_Deque_base<MacroRec, std::allocator<MacroRec> >::_M_initialize_map(unsigned int)
 .text          0x000000000004b780     0x17c4 ./src/compiler/compiler_data.o
                0x000000000004b780                AsFileMapInfo::CloseFile()
                0x000000000004b7fc                AsFileMapInfo::OpenFile(char const*, bool)
                0x000000000004ba3c                AsFileMapInfo::UnmapFile()