Archive member included to satisfy reference by file (symbol)

D:\FPGA\SC_Module\lib\release\libLitronucLicense.a(license_interface.o)
                              ./src/channel/channel_engine.o (LitronucLicInfo::LitronucLicInfo())
D:\FPGA\SC_Module\lib\release\libLitronucLicense.a(litronuc_des.o)
                              D:\FPGA\SC_Module\lib\release\libLitronucLicense.a(license_interface.o) (LitronucDES::~LitronucDES())
c:\ide\xilinx\sdk\2019.1\gnu\aarch32\nt\gcc-arm-linux-gnueabi\bin\../arm-linux-gnueabihf/libc/usr/lib/libc_nonshared.a(elf-init.oS)
                              c:/ide/xilinx/sdk/2019.1/gnu/aarch32/nt/gcc-arm-linux-gnueabi/bin/../arm-linux-gnueabihf/libc/usr/lib/crt1.o (__libc_csu_init)

Discarded input sections

 .note.GNU-stack
                0x0000000000000000        0x0 c:/ide/xilinx/sdk/2019.1/gnu/aarch32/nt/gcc-arm-linux-gnueabi/bin/../arm-linux-gnueabihf/libc/usr/lib/crt1.o
 .note.GNU-stack
                0x0000000000000000        0x0 c:/ide/xilinx/sdk/2019.1/gnu/aarch32/nt/gcc-arm-linux-gnueabi/bin/../arm-linux-gnueabihf/libc/usr/lib/crti.o
 .note.GNU-stack
                0x0000000000000000        0x0 c:/ide/xilinx/sdk/2019.1/gnu/aarch32/nt/gcc-arm-linux-gnueabi/bin/../lib/gcc/arm-linux-gnueabihf/8.2.0/crtbegin.o
 .note.GNU-stack
                0x0000000000000000        0x0 ./src/tool_compensate/tool_comp_data.o
 .group         0x0000000000000000       0x2c ./src/tool_compensate/tool_compensate.o
 .group         0x0000000000000000        0x8 ./src/tool_compensate/tool_compensate.o
 .group         0x0000000000000000        0xc ./src/tool_compensate/tool_compensate.o
 .group         0x0000000000000000        0xc ./src/tool_compensate/tool_compensate.o
 .note.GNU-stack
                0x0000000000000000        0x0 ./src/tool_compensate/tool_compensate.o
 .note.GNU-stack
                0x0000000000000000        0x0 ./src/tool_compensate/tool_math.o
 .group         0x0000000000000000       0x18 ./src/tool_compensate/tools_comp.o
 .group         0x0000000000000000       0x18 ./src/tool_compensate/tools_comp.o
 .group         0x0000000000000000       0x18 ./src/tool_compensate/tools_comp.o
 .group         0x0000000000000000       0x18 ./src/tool_compensate/tools_comp.o
 .note.GNU-stack
                0x0000000000000000        0x0 ./src/tool_compensate/tools_comp.o
 .note.GNU-stack
                0x0000000000000000        0x0 ./src/pmc/pmc_axis_ctrl.o
 .note.GNU-stack
                0x0000000000000000        0x0 ./src/pmc/pmc_register.o
 .group         0x0000000000000000       0x2c ./src/parameter/parm_manager.o
 .group         0x0000000000000000       0x2c ./src/parameter/parm_manager.o
 .group         0x0000000000000000       0x2c ./src/parameter/parm_manager.o
 .group         0x0000000000000000       0x2c ./src/parameter/parm_manager.o
 .group         0x0000000000000000       0x2c ./src/parameter/parm_manager.o
 .group         0x0000000000000000       0x18 ./src/parameter/parm_manager.o
 .group         0x0000000000000000       0x18 ./src/parameter/parm_manager.o
 .group         0x0000000000000000       0x18 ./src/parameter/parm_manager.o
 .group         0x0000000000000000       0x18 ./src/parameter/parm_manager.o
 .group         0x0000000000000000       0x14 ./src/parameter/parm_manager.o
 .group         0x0000000000000000       0x14 ./src/parameter/parm_manager.o
 .group         0x0000000000000000       0x18 ./src/parameter/parm_manager.o
 .group         0x0000000000000000        0x8 ./src/parameter/parm_manager.o
 .group         0x0000000000000000        0xc ./src/parameter/parm_manager.o
 .group         0x0000000000000000        0x8 ./src/parameter/parm_manager.o
 .group         0x0000000000000000        0xc ./src/parameter/parm_manager.o
 .group         0x0000000000000000        0x8 ./src/parameter/parm_manager.o
 .group         0x0000000000000000        0xc ./src/parameter/parm_manager.o
 .group         0x0000000000000000        0x8 ./src/parameter/parm_manager.o
 .group         0x0000000000000000        0xc ./src/parameter/parm_manager.o
 .group         0x0000000000000000        0x8 ./src/parameter/parm_manager.o
 .group         0x0000000000000000        0xc ./src/parameter/parm_manager.o
 .group         0x0000000000000000        0xc ./src/parameter/parm_manager.o
 .group         0x0000000000000000        0xc ./src/parameter/parm_manager.o
 .group         0x0000000000000000        0xc ./src/parameter/parm_manager.o
 .group         0x0000000000000000        0xc ./src/parameter/parm_manager.o
 .group         0x0000000000000000        0xc ./src/parameter/parm_manager.o
 .note.GNU-stack
                0x0000000000000000        0x0 ./src/parameter/parm_manager.o
 .group         0x0000000000000000       0x14 ./src/compiler/compile_message.o
 .group         0x0000000000000000       0x28 ./src/compiler/compile_message.o
 .group         0x0000000000000000       0x28 ./src/compiler/compile_message.o
[...]
Memory Configuration

Name             Origin             Length             Attributes
*default*        0x0000000000000000 0xffffffffffffffff

Linker script and memory map

LOAD c:/ide/xilinx/sdk/2019.1/gnu/aarch32/nt/gcc-arm-linux-gnueabi/bin/../arm-linux-gnueabihf/libc/usr/lib/crt1.o
LOAD c:/ide/xilinx/sdk/2019.1/gnu/aarch32/nt/gcc-arm-linux-gnueabi/bin/../arm-linux-gnueabihf/libc/usr/lib/crti.o
LOAD c:/ide/xilinx/sdk/2019.1/gnu/aarch32/nt/gcc-arm-linux-gnueabi/bin/../lib/gcc/arm-linux-gnueabihf/8.2.0/crtbegin.o
LOAD ./src/tool_compensate/tool_comp_data.o
LOAD ./src/tool_compensate/tool_compensate.o
LOAD ./src/tool_compensate/tool_math.o
LOAD ./src/tool_compensate/tools_comp.o
LOAD ./src/pmc/pmc_axis_ctrl.o
LOAD ./src/pmc/pmc_register.o
LOAD ./src/parameter/parm_manager.o
LOAD ./src/compiler/compile_message.o
LOAD ./src/compiler/compiler.o
LOAD ./src/compiler/compiler_data.o
LOAD ./src/compiler/lexer.o
LOAD ./src/compiler/parser.o
LOAD ./src/communication/ad_communication.o
LOAD ./src/communication/hmi_communication.o
LOAD ./src/communication/mc_communication.o
LOAD ./src/communication/mc_communication_arm.o
LOAD ./src/communication/mi_communication.o
LOAD ./src/channel/channel_control.o
LOAD ./src/channel/channel_engine.o
LOAD ./src/channel/channel_mode_group.o
LOAD ./src/alarm_processor/alarm_processor.o
LOAD ./src/Algorithm/coord_processor.o
LOAD ./src/geometry_data.o
LOAD ./src/global_structure.o
LOAD ./src/global_var_func.o
LOAD ./src/inifile.o
LOAD ./src/main.o
LOAD ./src/trace.o
LOAD ./src/variable.o
LOAD c:/ide/xilinx/sdk/2019.1/gnu/aarch32/nt/gcc-arm-linux-gnueabi/bin/../arm-linux-gnueabihf/libc/usr/lib/libpthread.so
LOAD D:\FPGA\SC_Module\lib\release\libLitronucLicense.a
LOAD c:/ide/xilinx/sdk/2019.1/gnu/aarch32/nt/gcc-arm-linux-gnueabi/bin/../lib/gcc/arm-linux-gnueabihf/8.2.0/../../../../arm-linux-gnueabihf/lib/libstdc++.so
LOAD c:/ide/xilinx/sdk/2019.1/gnu/aarch32/nt/gcc-arm-linux-gnueabi/bin/../arm-linux-gnueabihf/libc/usr/lib/libm.so
LOAD c:/ide/xilinx/sdk/2019.1/gnu/aarch32/nt/gcc-arm-linux-gnueabi/bin/../lib/gcc/arm-linux-gnueabihf/8.2.0/../../../../arm-linux-gnueabihf/lib/libgcc_s.so
START GROUP
LOAD c:/ide/xilinx/sdk/2019.1/gnu/aarch32/nt/gcc-arm-linux-gnueabi/bin/../lib/gcc/arm-linux-gnueabihf/8.2.0/../../../../arm-linux-gnueabihf/lib\libgcc_s.so.1
LOAD c:/ide/xilinx/sdk/2019.1/gnu/aarch32/nt/gcc-arm-linux-gnueabi/bin/../lib/gcc/arm-linux-gnueabihf/8.2.0\libgcc.a
END GROUP
LOAD c:/ide/xilinx/sdk/2019.1/gnu/aarch32/nt/gcc-arm-linux-gnueabi/bin/../lib/gcc/arm-linux-gnueabihf/8.2.0\libgcc.a
LOAD c:/ide/xilinx/sdk/2019.1/gnu/aarch32/nt/gcc-arm-linux-gnueabi/bin/../arm-linux-gnueabihf/libc/usr/lib/libc.so
START GROUP
LOAD c:\ide\xilinx\sdk\2019.1\gnu\aarch32\nt\gcc-arm-linux-gnueabi\bin\../arm-linux-gnueabihf/libc/lib/libc.so.6
LOAD c:\ide\xilinx\sdk\2019.1\gnu\aarch32\nt\gcc-arm-linux-gnueabi\bin\../arm-linux-gnueabihf/libc/usr/lib/libc_nonshared.a
LOAD c:\ide\xilinx\sdk\2019.1\gnu\aarch32\nt\gcc-arm-linux-gnueabi\bin\../arm-linux-gnueabihf/libc/lib/ld-linux-armhf.so.3
END GROUP
LOAD c:/ide/xilinx/sdk/2019.1/gnu/aarch32/nt/gcc-arm-linux-gnueabi/bin/../lib/gcc/arm-linux-gnueabihf/8.2.0/../../../../arm-linux-gnueabihf/lib/libgcc_s.so
START GROUP
LOAD c:/ide/xilinx/sdk/2019.1/gnu/aarch32/nt/gcc-arm-linux-gnueabi/bin/../lib/gcc/arm-linux-gnueabihf/8.2.0/../../../../arm-linux-gnueabihf/lib\libgcc_s.so.1
LOAD c:/ide/xilinx/sdk/2019.1/gnu/aarch32/nt/gcc-arm-linux-gnueabi/bin/../lib/gcc/arm-linux-gnueabihf/8.2.0\libgcc.a
END GROUP
LOAD c:/ide/xilinx/sdk/2019.1/gnu/aarch32/nt/gcc-arm-linux-gnueabi/bin/../lib/gcc/arm-linux-gnueabihf/8.2.0\libgcc.a
LOAD c:/ide/xilinx/sdk/2019.1/gnu/aarch32/nt/gcc-arm-linux-gnueabi/bin/../lib/gcc/arm-linux-gnueabihf/8.2.0/crtend.o
LOAD c:/ide/xilinx/sdk/2019.1/gnu/aarch32/nt/gcc-arm-linux-gnueabi/bin/../arm-linux-gnueabihf/libc/usr/lib/crtn.o
                [!provide]                        PROVIDE (__executable_start = SEGMENT_START ("text-segment", 0x10000))
                0x0000000000010154                . = (SEGMENT_START ("text-segment", 0x10000) + SIZEOF_HEADERS)

.interp         0x0000000000010154       0x19
 *(.interp)
 .interp        0x0000000000010154       0x19 c:/ide/xilinx/sdk/2019.1/gnu/aarch32/nt/gcc-arm-linux-gnueabi/bin/../arm-linux-gnueabihf/libc/usr/lib/crt1.o

.note.ABI-tag   0x0000000000010170       0x20
 .note.ABI-tag  0x0000000000010170       0x20 c:/ide/xilinx/sdk/2019.1/gnu/aarch32/nt/gcc-arm-linux-gnueabi/bin/../arm-linux-gnueabihf/libc/usr/lib/crt1.o

.note.gnu.build-id
                0x0000000000010190       0x24
 *(.note.gnu.build-id)
 .note.gnu.build-id
                0x0000000000010190       0x24 linker stubs

.hash
 *(.hash)

.gnu.hash       0x00000000000101b4      0x620
 *(.gnu.hash)
 .gnu.hash      0x00000000000101b4      0x620 c:/ide/xilinx/sdk/2019.1/gnu/aarch32/nt/gcc-arm-linux-gnueabi/bin/../arm-linux-gnueabihf/libc/usr/lib/crt1.o

.dynsym         0x00000000000107d4      0xc90
 *(.dynsym)
 .dynsym        0x00000000000107d4      0xc90 c:/ide/xilinx/sdk/2019.1/gnu/aarch32/nt/gcc-arm-linux-gnueabi/bin/../arm-linux-gnueabihf/libc/usr/lib/crt1.o

.dynstr         0x0000000000011464      0xf90
 *(.dynstr)
 .dynstr        0x0000000000011464      0xf90 c:/ide/xilinx/sdk/2019.1/gnu/aarch32/nt/gcc-arm-linux-gnueabi/bin/../arm-linux-gnueabihf/libc/usr/lib/crt1.o

.gnu.version    0x00000000000123f4      0x192
 *(.gnu.version)
 .gnu.version   0x00000000000123f4      0x192 c:/ide/xilinx/sdk/2019.1/gnu/aarch32/nt/gcc-arm-linux-gnueabi/bin/../arm-linux-gnueabihf/libc/usr/lib/crt1.o

.gnu.version_d  0x0000000000012588        0x0
 *(.gnu.version_d)
 .gnu.version_d
                0x0000000000012588        0x0 c:/ide/xilinx/sdk/2019.1/gnu/aarch32/nt/gcc-arm-linux-gnueabi/bin/../arm-linux-gnueabihf/libc/usr/lib/crt1.o

.gnu.version_r  0x0000000000012588      0x120
 *(.gnu.version_r)
 .gnu.version_r
                0x0000000000012588      0x120 c:/ide/xilinx/sdk/2019.1/gnu/aarch32/nt/gcc-arm-linux-gnueabi/bin/../arm-linux-gnueabihf/libc/usr/lib/crt1.o

.rel.dyn        0x00000000000126a8       0x60
 *(.rel.init)
 *(.rel.text .rel.text.* .rel.gnu.linkonce.t.*)
 *(.rel.fini)
 *(.rel.rodata .rel.rodata.* .rel.gnu.linkonce.r.*)
 *(.rel.data.rel.ro .rel.data.rel.ro.* .rel.gnu.linkonce.d.rel.ro.*)
 .rel.data.rel.ro
                0x00000000000126a8       0x48 c:/ide/xilinx/sdk/2019.1/gnu/aarch32/nt/gcc-arm-linux-gnueabi/bin/../arm-linux-gnueabihf/libc/usr/lib/crt1.o
 *(.rel.data .rel.data.* .rel.gnu.linkonce.d.*)
 *(.rel.tdata .rel.tdata.* .rel.gnu.linkonce.td.*)
 *(.rel.tbss .rel.tbss.* .rel.gnu.linkonce.tb.*)
 *(.rel.ctors)
 *(.rel.dtors)
 *(.rel.got)
 .rel.got       0x00000000000126f0       0x10 c:/ide/xilinx/sdk/2019.1/gnu/aarch32/nt/gcc-arm-linux-gnueabi/bin/../arm-linux-gnueabihf/libc/usr/lib/crt1.o
 *(.rel.bss .rel.bss.* .rel.gnu.linkonce.b.*)
 .rel.bss       0x0000000000012700        0x8 c:/ide/xilinx/sdk/2019.1/gnu/aarch32/nt/gcc-arm-linux-gnueabi/bin/../arm-linux-gnueabihf/libc/usr/lib/crt1.o
                [!provide]                        PROVIDE (__rel_iplt_start = .)
 *(.rel.iplt)
 .rel.iplt      0x0000000000012708        0x0 c:/ide/xilinx/sdk/2019.1/gnu/aarch32/nt/gcc-arm-linux-gnueabi/bin/../arm-linux-gnueabihf/libc/usr/lib/crt1.o
                [!provide]                        PROVIDE (__rel_iplt_end = .)

.rela.dyn       0x0000000000012708        0x0
 *(.rela.init)
 *(.rela.text .rela.text.* .rela.gnu.linkonce.t.*)
 *(.rela.fini)
 *(.rela.rodata .rela.rodata.* .rela.gnu.linkonce.r.*)
 *(.rela.data .rela.data.* .rela.gnu.linkonce.d.*)
 *(.rela.tdata .rela.tdata.* .rela.gnu.linkonce.td.*)
 *(.rela.tbss .rela.tbss.* .rela.gnu.linkonce.tb.*)
 *(.rela.ctors)
 *(.rela.dtors)
 *(.rela.got)
 *(.rela.bss .rela.bss.* .rela.gnu.linkonce.b.*)
                [!provide]                        PROVIDE (__rela_iplt_start = .)
 *(.rela.iplt)
                [!provide]                        PROVIDE (__rela_iplt_end = .)

.rel.plt        0x0000000000012708      0x5a0
 *(.rel.plt)
 .rel.plt       0x0000000000012708      0x5a0 c:/ide/xilinx/sdk/2019.1/gnu/aarch32/nt/gcc-arm-linux-gnueabi/bin/../arm-linux-gnueabihf/libc/usr/lib/crt1.o

.rela.plt
 *(.rela.plt)

.init           0x0000000000012ca8        0xc
 *(SORT_NONE(.init))
 .init          0x0000000000012ca8        0x8 c:/ide/xilinx/sdk/2019.1/gnu/aarch32/nt/gcc-arm-linux-gnueabi/bin/../arm-linux-gnueabihf/libc/usr/lib/crti.o
                0x0000000000012ca8                _init
 .init          0x0000000000012cb0        0x4 c:/ide/xilinx/sdk/2019.1/gnu/aarch32/nt/gcc-arm-linux-gnueabi/bin/../arm-linux-gnueabihf/libc/usr/lib/crtn.o

.plt            0x0000000000012cb4      0x884
 *(.plt)
 .plt           0x0000000000012cb4      0x884 c:/ide/xilinx/sdk/2019.1/gnu/aarch32/nt/gcc-arm-linux-gnueabi/bin/../arm-linux-gnueabihf/libc/usr/lib/crt1.o
                0x0000000000012cc8                signal@@GLIBC_2.4
                0x0000000000012cd4                atan@@GLIBC_2.4
                0x0000000000012ce0                operator new(unsigned int)@@GLIBCXX_3.4
                0x0000000000012cec                pthread_mutex_lock@@GLIBC_2.4
                0x0000000000012cf8                localtime_r@@GLIBC_2.4
                0x0000000000012d04                pthread_mutex_init@@GLIBC_2.4
                0x0000000000012d10                __aeabi_uldivmod@@GCC_3.5
                0x0000000000012d1c                fsync@@GLIBC_2.4
                0x0000000000012d28                sync@@GLIBC_2.4
                0x0000000000012d34                sqrt@@GLIBC_2.4
                0x0000000000012d40                getpid@@GLIBC_2.4
                0x0000000000012d4c                __aeabi_atexit@@CXXABI_ARM_1.3.3
                0x0000000000012d58                isalpha@@GLIBC_2.4
                0x0000000000012d64                log@@GLIBC_2.4
                0x0000000000012d70                gettimeofday@@GLIBC_2.4
                0x0000000000012d7c                recvfrom@@GLIBC_2.4
                0x0000000000012d88                std::basic_filebuf<char, std::char_traits<char> >::close()@@GLIBCXX_3.4
                0x0000000000012d94                std::__basic_file<char>::is_open() const@@GLIBCXX_3.4
                0x0000000000012da0                strcasecmp@@GLIBC_2.4
                0x0000000000012dac                std::basic_ifstream<char, std::char_traits<char> >::~basic_ifstream()@@GLIBCXX_3.4
                0x0000000000012db8                strtol@@GLIBC_2.4
                0x0000000000012dc4                std::__cxx11::basic_string<char, std::char_traits<char>, std::allocator<char> >::compare(char const*) const@@GLIBCXX_3.4.21
                0x0000000000012dd0                free@@GLIBC_2.4
                0x0000000000012ddc                __getdelim@@GLIBC_2.4
                0x0000000000012de8                std::ios_base::ios_base()@@GLIBCXX_3.4
                0x0000000000012df4                readdir@@GLIBC_2.4
                0x0000000000012e00                fseek@@GLIBC_2.4
                0x0000000000012e0c                std::ios_base::~ios_base()@@GLIBCXX_3.4
                0x0000000000012e18                std::__throw_bad_alloc()@@GLIBCXX_3.4
                0x0000000000012e24                strncmp@@GLIBC_2.4
                0x0000000000012e30                statfs@@GLIBC_2.4
                0x0000000000012e3c                pthread_exit@@GLIBC_2.4
                0x0000000000012e48                std::__cxx11::basic_string<char, std::char_traits<char>, std::allocator<char> >::_M_replace(unsigned int, unsigned int, char const*, unsigned int)@@GLIBCXX_3.4.21
                0x0000000000012e54                __cxa_begin_catch@@CXXABI_1.3
                0x0000000000012e60                pthread_join@@GLIBC_2.4
                0x0000000000012e6c                std::__cxx11::basic_string<char, std::char_traits<char>, std::allocator<char> >::reserve(unsigned int)@@GLIBCXX_3.4.21
                0x0000000000012e78                closedir@@GLIBC_2.4
                0x0000000000012e84                printf@@GLIBC_2.4
                0x0000000000012e90                strerror@@GLIBC_2.4
                0x0000000000012e9c                pthread_attr_setschedpolicy@@GLIBC_2.4
                0x0000000000012ea8                stpcpy@@GLIBC_2.4
                0x0000000000012eb4                std::__throw_length_error(char const*)@@GLIBCXX_3.4
                0x0000000000012ec0                std::__cxx11::basic_string<char, std::char_traits<char>, std::allocator<char> >::_M_assign(std::__cxx11::basic_string<char, std::char_traits<char>, std::allocator<char> > const&)@@GLIBCXX_3.4.21
                0x0000000000012ecc                feof@@GLIBC_2.4
                0x0000000000012ed8                puts@@GLIBC_2.4
                0x0000000000012ee4                perror@@GLIBC_2.4
                0x0000000000012ef0                asin@@GLIBC_2.4
                0x0000000000012efc                strtoll@@GLIBC_2.4
                0x0000000000012f08                syscall@@GLIBC_2.4
                0x0000000000012f14                sendto@@GLIBC_2.4
                0x0000000000012f20                cos@@GLIBC_2.4
                0x0000000000012f2c                exp@@GLIBC_2.4
                0x0000000000012f38                putchar@@GLIBC_2.4
                0x0000000000012f44                memset@@GLIBC_2.4
                0x0000000000012f50                std::__cxx11::basic_string<char, std::char_traits<char>, std::allocator<char> >::copy(char*, unsigned int, unsigned int) const@@GLIBCXX_3.4.21
                0x0000000000012f5c                opendir@@GLIBC_2.4
                0x0000000000012f68                operator delete(void*, unsigned int)@@CXXABI_1.3.9
                0x0000000000012f74                std::__throw_logic_error(char const*)@@GLIBCXX_3.4
                0x0000000000012f80                recv@@GLIBC_2.4
                0x0000000000012f8c                remove@@GLIBC_2.4
                0x0000000000012f98                listen@@GLIBC_2.4
                0x0000000000012fa4                snprintf@@GLIBC_2.4
                0x0000000000012fb0                close@@GLIBC_2.4
                0x0000000000012fbc                gmtime@@GLIBC_2.4
                0x0000000000012fc8                fopen@@GLIBC_2.4
                0x0000000000012fd4                operator new[](unsigned int)@@GLIBCXX_3.4
                0x0000000000012fe0                read@@GLIBC_2.4
                0x0000000000012fec                abort@@GLIBC_2.4
                0x0000000000012ff8                pow@@GLIBC_2.4
                0x0000000000013004                memmove@@GLIBC_2.4
                0x0000000000013010                __aeabi_d2lz@@GCC_3.5
                0x000000000001301c                fcntl@@GLIBC_2.28
                0x0000000000013028                ctime@@GLIBC_2.4
                0x0000000000013034                std::basic_filebuf<char, std::char_traits<char> >::open(char const*, std::_Ios_Openmode)@@GLIBCXX_3.4
                0x0000000000013040                ioctl@@GLIBC_2.4
                0x000000000001304c                localtime@@GLIBC_2.4
                0x0000000000013058                system@@GLIBC_2.4
                0x0000000000013064                inet_ntoa@@GLIBC_2.4
                0x0000000000013070                strcpy@@GLIBC_2.4
                0x000000000001307c                mmap@@GLIBC_2.4
                0x0000000000013088                operator delete(void*)@@GLIBCXX_3.4
                0x0000000000013094                __assert_fail@@GLIBC_2.4
                0x00000000000130a0                std::__cxx11::basic_string<char, std::char_traits<char>, std::allocator<char> >::_M_append(char const*, unsigned int)@@GLIBCXX_3.4.21
                0x00000000000130ac                ceil@@GLIBC_2.4
                0x00000000000130b8                std::__cxx11::basic_string<char, std::char_traits<char>, std::allocator<char> >::find(char, unsigned int) const@@GLIBCXX_3.4.21
                0x00000000000130c4                strtod@@GLIBC_2.4
                0x00000000000130d0                open@@GLIBC_2.4
                0x00000000000130dc                bind@@GLIBC_2.4
                0x00000000000130e8                std::basic_filebuf<char, std::char_traits<char> >::basic_filebuf()@@GLIBCXX_3.4
                0x00000000000130f4                chmod@@GLIBC_2.4
                0x0000000000013100                pthread_setcancelstate@@GLIBC_2.4
                0x000000000001310c                strcat@@GLIBC_2.4
                0x0000000000013118                pthread_mutex_destroy@@GLIBC_2.4
                0x0000000000013124                pthread_setcanceltype@@GLIBC_2.4
                0x0000000000013130                strcasestr@@GLIBC_2.4
                0x000000000001313c                getpagesize@@GLIBC_2.4
                0x0000000000013148                fread@@GLIBC_2.4
                0x0000000000013154                fileno@@GLIBC_2.4
                0x0000000000013160                __aeabi_d2ulz@@GCC_3.5
                0x000000000001316c                __cxa_end_cleanup@@CXXABI_1.3
                0x0000000000013178                socket@@GLIBC_2.4
                0x0000000000013184                std::ctype<char>::_M_widen_init() const@@GLIBCXX_3.4.11
                0x0000000000013190                access@@GLIBC_2.4
                0x000000000001319c                __aeabi_ldivmod@@GCC_3.5
                0x00000000000131a8                mkdir@@GLIBC_2.4
                0x00000000000131b4                atan2@@GLIBC_2.4
                0x00000000000131c0                sem_init@@GLIBC_2.4
                0x00000000000131cc                std::__throw_bad_cast()@@GLIBCXX_3.4
                0x00000000000131d8                operator delete[](void*)@@GLIBCXX_3.4
                0x00000000000131e4                operator delete[](void*, unsigned int)@@CXXABI_1.3.9
                0x00000000000131f0                std::basic_ostream<char, std::char_traits<char> >& std::__ostream_insert<char, std::char_traits<char> >(std::basic_ostream<char, std::char_traits<char> >&, char const*, int)@@GLIBCXX_3.4.9
                0x00000000000131fc                pthread_attr_destroy@@GLIBC_2.4
                0x0000000000013208                setsockopt@@GLIBC_2.4
                0x0000000000013214                pthread_cancel@@GLIBC_2.4
                0x0000000000013220                lseek@@GLIBC_2.4
                0x000000000001322c                __aeabi_idivmod@@GCC_3.5
                0x0000000000013238                std::basic_ios<char, std::char_traits<char> >::init(std::basic_streambuf<char, std::char_traits<char> >*)@@GLIBCXX_3.4
                0x0000000000013244                pthread_attr_setstacksize@@GLIBC_2.4
                0x0000000000013250                sigaction@@GLIBC_2.4
                0x000000000001325c                pthread_attr_init@@GLIBC_2.4
                0x0000000000013268                ftell@@GLIBC_2.4
                0x0000000000013274                std::locale::~locale()@@GLIBCXX_3.4
                0x0000000000013280                __aeabi_uidiv@@GCC_3.5
                0x000000000001328c                __fxstat@@GLIBC_2.4
                0x0000000000013298                sem_post@@GLIBC_2.4
                0x00000000000132a4                isspace@@GLIBC_2.4
                0x00000000000132b0                __cxa_rethrow@@CXXABI_1.3
                0x00000000000132bc                fwrite@@GLIBC_2.4
                0x00000000000132c8                std::basic_ofstream<char, std::char_traits<char> >::~basic_ofstream()@@GLIBCXX_3.4
                0x00000000000132d4                sincos@@GLIBC_2.4
                0x00000000000132e0                memcpy@@GLIBC_2.4
                0x00000000000132ec                tan@@GLIBC_2.4
                0x00000000000132f8                std::__throw_out_of_range_fmt(char const*, ...)@@GLIBCXX_3.4.20
                0x0000000000013304                strlen@@GLIBC_2.4
                0x0000000000013310                std::ios_base::Init::Init()@@GLIBCXX_3.4
                0x000000000001331c                munmap@@GLIBC_2.4
                0x0000000000013328                accept@@GLIBC_2.4
                0x0000000000013334                usleep@@GLIBC_2.4
                0x0000000000013340                std::basic_filebuf<char, std::char_traits<char> >::~basic_filebuf()@@GLIBCXX_3.4
                0x000000000001334c                fclose@@GLIBC_2.4
                0x0000000000013358                write@@GLIBC_2.4
                0x0000000000013364                sprintf@@GLIBC_2.4
                0x0000000000013370                __aeabi_ul2d@@GCC_3.5
                0x000000000001337c                __xstat@@GLIBC_2.4
                0x0000000000013388                __cxa_end_catch@@CXXABI_1.3
                0x0000000000013394                __gxx_personality_v0@@CXXABI_1.3
                0x00000000000133a0                pthread_create@@GLIBC_2.4
                0x00000000000133ac                __aeabi_l2d@@GCC_3.5
                0x00000000000133b8                strcmp@@GLIBC_2.4
                0x00000000000133c4                toupper@@GLIBC_2.4
                0x00000000000133d0                std::basic_ios<char, std::char_traits<char> >::clear(std::_Ios_Iostate)@@GLIBCXX_3.4
                0x00000000000133dc                std::__cxx11::basic_string<char, std::char_traits<char>, std::allocator<char> >::find(char const*, unsigned int, unsigned int) const@@GLIBCXX_3.4.21
                0x00000000000133e8                time@@GLIBC_2.4
                0x00000000000133f4                std::__cxx11::basic_string<char, std::char_traits<char>, std::allocator<char> >::_M_create(unsigned int&, unsigned int)@@GLIBCXX_3.4.21
                0x0000000000013400                __errno_location@@GLIBC_2.4
                0x000000000001340c                send@@GLIBC_2.4
                0x0000000000013418                sscanf@@GLIBC_2.4
                0x0000000000013424                strncpy@@GLIBC_2.4
                0x0000000000013430                towupper@@GLIBC_2.4
                0x000000000001343c                fflush@@GLIBC_2.4
                0x0000000000013448                pthread_attr_setschedparam@@GLIBC_2.4
                0x0000000000013454                memcmp@@GLIBC_2.4
                0x0000000000013460                sigemptyset@@GLIBC_2.4
                0x000000000001346c                strrchr@@GLIBC_2.4
                0x0000000000013478                std::basic_istream<char, std::char_traits<char> >& std::getline<char, std::char_traits<char>, std::allocator<char> >(std::basic_istream<char, std::char_traits<char> >&, std::__cxx11::basic_string<char, std::char_traits<char>, std::allocator<char> >&, char)@@GLIBCXX_3.4.21
                0x0000000000013484                pthread_attr_setinheritsched@@GLIBC_2.4
                0x0000000000013490                std::__basic_file<char>::~__basic_file()@@GLIBCXX_3.4
                0x000000000001349c                sin@@GLIBC_2.4
                0x00000000000134a8                __libc_start_main@@GLIBC_2.4
                0x00000000000134b4                islower@@GLIBC_2.4
                0x00000000000134cc                rename@@GLIBC_2.4
                0x00000000000134d8                __cxa_pure_virtual@@CXXABI_1.3
                0x00000000000134e4                acos@@GLIBC_2.4
                0x00000000000134f0                sem_wait@@GLIBC_2.4
                0x00000000000134fc                strchr@@GLIBC_2.4
                0x0000000000013508                pthread_mutex_unlock@@GLIBC_2.4
                0x0000000000013514                vsnprintf@@GLIBC_2.4
                0x0000000000013520                std::ios_base::Init::~Init()@@GLIBCXX_3.4
                0x000000000001352c                floor@@GLIBC_2.4

.iplt           0x0000000000013538        0x0
 *(.iplt)
 .iplt          0x0000000000013538        0x0 c:/ide/xilinx/sdk/2019.1/gnu/aarch32/nt/gcc-arm-linux-gnueabi/bin/../arm-linux-gnueabihf/libc/usr/lib/crt1.o

.text           0x0000000000013538    0x956c4
 *(.text.unlikely .text.*_unlikely .text.unlikely.*)
 *(.text.exit .text.exit.*)
 *(.text.startup .text.startup.*)
 .text.startup  0x0000000000013538       0x30 ./src/tool_compensate/tool_comp_data.o
 .text.startup  0x0000000000013568       0x30 ./src/tool_compensate/tool_compensate.o
 .text.startup  0x0000000000013598       0x30 ./src/tool_compensate/tool_math.o
 .text.startup  0x00000000000135c8       0x30 ./src/tool_compensate/tools_comp.o
 .text.startup  0x00000000000135f8       0x30 ./src/pmc/pmc_axis_ctrl.o
 .text.startup  0x0000000000013628       0x30 ./src/pmc/pmc_register.o
 .text.startup  0x0000000000013658       0x30 ./src/parameter/parm_manager.o
 .text.startup  0x0000000000013688       0x30 ./src/compiler/compile_message.o
 .text.startup  0x00000000000136b8       0x30 ./src/compiler/compiler.o
 .text.startup  0x00000000000136e8       0x30 ./src/compiler/compiler_data.o
 .text.startup  0x0000000000013718       0x30 ./src/compiler/lexer.o
 .text.startup  0x0000000000013748       0x30 ./src/compiler/parser.o
 .text.startup  0x0000000000013778       0x30 ./src/communication/ad_communication.o
 .text.startup  0x00000000000137a8       0x30 ./src/communication/hmi_communication.o
 .text.startup  0x00000000000137d8       0x30 ./src/communication/mc_communication.o
 .text.startup  0x0000000000013808       0x30 ./src/communication/mc_communication_arm.o
 .text.startup  0x0000000000013838       0x30 ./src/communication/mi_communication.o
 .text.startup  0x0000000000013868       0x30 ./src/channel/channel_control.o
 .text.startup  0x0000000000013898       0x30 ./src/channel/channel_engine.o
 .text.startup  0x00000000000138c8       0x30 ./src/channel/channel_mode_group.o
 .text.startup  0x00000000000138f8       0x30 ./src/alarm_processor/alarm_processor.o
 .text.startup  0x0000000000013928       0x30 ./src/Algorithm/coord_processor.o
 .text.startup  0x0000000000013958       0x30 ./src/geometry_data.o
 .text.startup  0x0000000000013988       0x30 ./src/global_structure.o
 .text.startup  0x00000000000139b8       0x30 ./src/global_var_func.o
 .text.startup  0x00000000000139e8       0x30 ./src/inifile.o
 .text.startup  0x0000000000013a18      0x198 ./src/main.o
                0x0000000000013a18                main
 .text.startup  0x0000000000013bb0       0x30 ./src/trace.o
 .text.startup  0x0000000000013be0       0x30 ./src/variable.o
 .text.startup  0x0000000000013c10       0x3c D:\FPGA\SC_Module\lib\release\libLitronucLicense.a(license_interface.o)
 .text.startup  0x0000000000013c4c       0x30 D:\FPGA\SC_Module\lib\release\libLitronucLicense.a(litronuc_des.o)
 *(.text.hot .text.hot.*)
 *(.text .stub .text.* .gnu.linkonce.t.*)
 .text          0x0000000000013c7c       0x3c c:/ide/xilinx/sdk/2019.1/gnu/aarch32/nt/gcc-arm-linux-gnueabi/bin/../arm-linux-gnueabihf/libc/usr/lib/crt1.o
                0x0000000000013c7c                _start
 .text          0x0000000000013cb8       0x24 c:/ide/xilinx/sdk/2019.1/gnu/aarch32/nt/gcc-arm-linux-gnueabi/bin/../arm-linux-gnueabihf/libc/usr/lib/crti.o
 .text          0x0000000000013cdc       0x90 c:/ide/xilinx/sdk/2019.1/gnu/aarch32/nt/gcc-arm-linux-gnueabi/bin/../lib/gcc/arm-linux-gnueabihf/8.2.0/crtbegin.o
 *fill*         0x0000000000013d6c        0x4 
 .text          0x0000000000013d70      0x4d8 ./src/tool_compensate/tool_comp_data.o
                0x0000000000013d70                DataLine::GetLength()
                0x0000000000013d94                DataLine::offset(ToolOffset const&)
                0x0000000000013e48                PointRec::GetData()
                0x0000000000013e88                PointRec::SetData(DataPoint const&)
                0x0000000000013e9c                LineRec::GetData()
                0x0000000000013f08                LineRec::SetData(DataLine const&)
                0x0000000000013f38                CircleRec::GetData()
                0x0000000000013fb4                CircleRec::SetData(DataCircle const&)
                0x0000000000013ff4                ArcRec::GetData()
                0x0000000000014098                ArcRec::SetData(DataArc const&)
                0x00000000000140e8                GeometryRec::GeometryRec()
                0x00000000000140e8                GeometryRec::GeometryRec()
                0x0000000000014154                GeometryRec::GeometryRec(int)
                0x0000000000014154                GeometryRec::GeometryRec(int)
                0x00000000000141bc                GeometryRec::getTool()
 .text          0x0000000000014248      0x508 ./src/tool_compensate/tool_compensate.o
                0x00000000000142b4                ToolCompensate::~ToolCompensate()
                0x00000000000142b4                ToolCompensate::~ToolCompensate()
                0x0000000000014308                ToolCompensate::~ToolCompensate()
                0x0000000000014408                ToolCompensate::ToolCompensate()
                0x0000000000014408                ToolCompensate::ToolCompensate()
                0x00000000000144d8                ToolCompensate::ResetAllDatas()
                0x0000000000014530                ToolCompensate::SetChannelIndex(unsigned char)
                0x0000000000014554                ToolCompensate::StateMachine()
                0x0000000000014688                ToolCompensate::CompensateOut()
                0x0000000000014714                ToolCompensate::ProcessData(ListNode<RecordMsg*>*)
 .text._ZN10ListBufferIP9RecordMsgED2Ev
                0x0000000000014750       0x44 ./src/tool_compensate/tool_compensate.o
                0x0000000000014750                ListBuffer<RecordMsg*>::~ListBuffer()
                0x0000000000014750                ListBuffer<RecordMsg*>::~ListBuffer()
 .text._ZN10ListBufferIP9RecordMsgED0Ev
                0x0000000000014794       0x20 ./src/tool_compensate/tool_compensate.o
                0x0000000000014794                ListBuffer<RecordMsg*>::~ListBuffer()
 *fill*         0x00000000000147b4        0x4 
 .text          0x00000000000147b8     0x1730 ./src/tool_compensate/tool_math.o
                0x00000000000147b8                Sqrt(double)
                0x0000000000014808                MyRoundPos(double, double)
                0x0000000000014848                NearestAng(double, double&)
                0x00000000000148c8                AngChangeTo0_360(double)
                0x0000000000014920                AngleJudgeBySoftLmt(double*, double&)
                0x00000000000149c8                JudgeRotateAngBySoftlmtdistance(double*, double, double)
                0x0000000000014a30                JudgeRotateAngByMovedistance(double, double, double, double, double, double, double&, double&)
                0x0000000000014a98                MatrixMultiplication(double (*) [4], double (*) [4], double (*) [4])
                0x0000000000014b00                MatrixMultiplication1(double*, double*, double*)
                0x0000000000014bb8                getDirection(DPlane const&, DPlane const&, DPlane const&)
                0x0000000000014c28                VaryPlane(DPointChn const&, int)
                0x0000000000014c70                arcmath(DPlane const&, DPlane const&)
                0x0000000000014d90                arcmath1(DPlane const&, DPlane const&)
                0x0000000000014e90                GetAngle(DPlane const&, DPlane const&, DPlane const&, int)
                0x0000000000014f08                getQuadrant(DPlane const&, DPlane const&, int)
                0x0000000000014fe0                getArcField(DataArc const&, DPlane&, DPlane&)
                0x0000000000015224                ArcAdjust(DataArc&, int)
                0x0000000000015388                ArcAdjust(DataArc&)
                0x00000000000155b8                ArcAdjust(DataCircle&)
                0x0000000000015634                stdcircle(DPlane const&, double, double*)
                0x0000000000015680                stdline(DPlane const&, DPlane const&, double*)
                0x00000000000156f8                vertline(double const*, DPlane const&, double*)
                0x00000000000157b0                linecrfline(double*, double*, DPlane&)
                0x0000000000015830                linecrfline(DataLine const&, DataLine const&, DPlane&)
                0x0000000000015890                linecrfcir(DataLine const&, double*, DPlane*)
                0x0000000000015a78                circrfcir(double*, double*, DPlane*)
                0x0000000000015d28                veccrfvec(DataLine*, DataLine*)
 .text          0x0000000000015ee8     0x908c ./src/tool_compensate/tools_comp.o
                0x0000000000015ee8                CompensateTroop::empty()
                0x0000000000015fb4                CompensateTroop::~CompensateTroop()
                0x0000000000015fb4                CompensateTroop::~CompensateTroop()
                0x0000000000016004                CompensateTroop::~CompensateTroop()
                0x0000000000016088                DataLine::length_offset(ToolOffset&, int)
                0x0000000000016138                DataLine::InitData()
                0x0000000000016154                DataArc::getAngle()
                0x00000000000161d0                CompensateTroop::CompensateTroop()
                0x00000000000161d0                CompensateTroop::CompensateTroop()
                0x00000000000162e0                CompensateTroop::ResetAllDatas()
                0x0000000000016304                CompensateTroop::GetLength2(double*, double*)
                0x0000000000016328                CompensateTroop::pointtoline(DPointChn&, PointRec&)
                0x0000000000016390                CompensateTroop::lathe_tool_radius(ToolRec const&)
                0x00000000000163d0                CompensateTroop::lathe_tool_dir(ToolRec const&)
                0x00000000000163e0                CompensateTroop::tool_radius(ToolRec const&)
                0x0000000000016440                CompensateTroop::tool_offset(ToolRec&)
                0x00000000000164a0                CompensateTroop::setStart(DPointChn const&)
                0x00000000000164c8                CompensateTroop::setStartCompState()
                0x00000000000164dc                DoubleEqual(double, double)
                0x00000000000164f4                CompensateTroop::isCompensateEndData(int)
                0x000000000001650c                CompensateTroop::isRunData(int)
                0x000000000001651c                CompensateTroop::isPointLineData(int)
                0x0000000000016530                CompensateTroop::isNoCompensateData(int)
                0x0000000000016548                CompensateTroop::compensateRadiusValid(double)
                0x0000000000016570                CompensateTroop::getDataTarget(GeometryRec)
                0x00000000000165f8                CompensateTroop::GetAPlaneMoveData(int, int, GeometryRec&)
                0x0000000000016600                CompensateTroop::getLatheOffset1(DataLine&, ToolRec&)
                0x0000000000016650                CompensateTroop::getLatheOffset2(DataLine&, ToolRec&)
                0x00000000000166a0                GetLineVector(DataLine&)
                0x00000000000166d8                GetVectorDotProduct(DPlane, DPlane)
                0x00000000000166f4                GetVectorCrossProduct(DPlane, DPlane)
                0x0000000000016710                CompensateTroop::modifyLineCross(LineRec&, LineRec&)
                0x0000000000016888                initCorner(ArcRec const&)
                0x0000000000016950                initCorner(LineRec const&)
                0x00000000000169b0                initCorner(ToolRec const&, DPointChn const&, int)
                0x0000000000016a10                lineVector(DataLine const&, DPlane&)
                0x0000000000016aa8                GetVecScalarProduct(DPlane&, DPlane&)
                0x0000000000016ac4                arcc(DPlane&, DPlane&)
                0x0000000000016ba8                ArcVector(DataArc const&, DPlane const&, DPlane&)
                0x0000000000016c40                ArcLine(DataArc const&, DPlane const&, double*)
                0x0000000000016cf8                Transition_Type(DPlane*, DPlane*, int)
                0x0000000000016dd8                planeconv(LineRec&, DPointChn&)
                0x0000000000016e48                CompensateTroop::line_end(LineRec&)
                0x0000000000016f14                CompensateTroop::point_end(PointRec&)
                0x0000000000016fa0                CompensateTroop::GetADataAt(int)
                0x0000000000017188                CompensateTroop::getRunDataIndex(int)
                0x00000000000171e8                CompensateTroop::getCompensateEndDataIndex(int)
                0x0000000000017250                CompensateTroop::notCompensateDataCount(int)
                0x00000000000172e8                CompensateTroop::getCompensateDir(int)
                0x0000000000017388                CompensateTroop::getCompensateRadius(int)
                0x00000000000173b8                CompensateTroop::hasCompensateRadius(int)
                0x0000000000017408                CompensateTroop::getDataTarget(int)
                0x0000000000017484                CompensateTroop::GetAMoveData(int, int, GeometryRec&)
                0x00000000000177e0                CompensateTroop::getDataType(int)
                0x0000000000017828                CompensateTroop::getLineRec(DPointChn&, int)
                0x00000000000178c8                CompensateTroop::latheCompensateHandle(int, int)
                0x0000000000017b38                CompensateTroop::findNextMove(double, double)
                0x0000000000017da4                CompensateTroop::GetFeedLineBlockAt(unsigned int, double&, unsigned long long&, bool&)
                0x0000000000017e4c                CompensateTroop::RefreshDataAt(int, GeometryRec)
                0x0000000000017f60                CompensateTroop::InsertErrorData(int, int)
                0x0000000000018068                DataCircle::offset(ToolOffset const&, void*, bool*)
                0x00000000000181a8                CompensateTroop::cir_end(CircleRec&)
                0x000000000001827c                DataArc::offset(ToolOffset const&, void*, bool*)
                0x0000000000018548                CompensateTroop::arc_end(ArcRec&)
                0x0000000000018630                CompensateTroop::latheCompensate()
                0x0000000000018994                CompensateTroop::cir_cir(CircleRec&, CircleRec&)
                0x0000000000018b48                CompensateTroop::arc_cir(CircleRec&, ArcRec&)
                0x0000000000018ed0                CompensateTroop::line_cir(CircleRec&, LineRec&)
                0x0000000000019248                CompensateTroop::point_circle(CircleRec&, PointRec&)
                0x0000000000019388                CompensateTroop::arc_cir(ArcRec&, CircleRec&)
                0x0000000000019718                CompensateTroop::arc_arc(ArcRec&, ArcRec&)
                0x000000000001a1e0                CompensateTroop::line_arc(ArcRec&, LineRec&)
                0x000000000001b0d4                CompensateTroop::point_arc(ArcRec&, PointRec&)
                0x000000000001b21c                CompensateTroop::line_cir(LineRec&, CircleRec&)
                0x000000000001b620                CompensateTroop::point_circle(PointRec&, CircleRec&)
                0x000000000001b768                CompensateTroop::line_arc(LineRec&, ArcRec&)
                0x000000000001c778                CompensateTroop::point_arc(PointRec&, ArcRec&)
                0x000000000001c8cc                CompensateTroop::point_line(LineRec&, PointRec&)
                0x000000000001cb98                CompensateTroop::line_line(LineRec&, LineRec&)
                0x000000000001d738                CompensateTroop::point_line(PointRec&, LineRec&)
                0x000000000001d970                CompensateTroop::point_point(PointRec&, PointRec&)
                0x000000000001dc08                CompensateTroop::Compensate()
 .text._ZN15CompensateTroop8freeItemEPv
                0x000000000001ef74        0xc ./src/tool_compensate/tools_comp.o
                0x000000000001ef74                CompensateTroop::freeItem(void*)
 .text._ZN6ArcRecC2Ev
                0x000000000001ef80       0x28 ./src/tool_compensate/tools_comp.o
                0x000000000001ef80                ArcRec::ArcRec()
                0x000000000001ef80                ArcRec::ArcRec()
 .text._ZN10ListBufferIP9RecordMsgE2atEj
                0x000000000001efa8       0x54 ./src/tool_compensate/tools_comp.o
                0x000000000001efa8                ListBuffer<RecordMsg*>::at(unsigned int)
 .text._ZN10ListBufferIP9RecordMsgE6DeleteEP8ListNodeIS1_Eb
                0x000000000001effc      0x100 ./src/tool_compensate/tools_comp.o
                0x000000000001effc                ListBuffer<RecordMsg*>::Delete(ListNode<RecordMsg*>*, bool)
 *fill*         0x000000000001f0fc        0x4 
 .text          0x000000000001f100     0x1058 ./src/pmc/pmc_axis_ctrl.o
                0x000000000001f100                PmcAxisCtrl::~PmcAxisCtrl()
                0x000000000001f100                PmcAxisCtrl::~PmcAxisCtrl()
                0x000000000001f104                PmcAxisCtrl::~PmcAxisCtrl()
                0x000000000001f630                PmcAxisCtrl::PmcAxisCtrl()
                0x000000000001f630                PmcAxisCtrl::PmcAxisCtrl()
                0x000000000001f66c                PmcAxisCtrl::SetGroupIndex(unsigned char)
                0x000000000001f734                PmcAxisCtrl::Active(bool)
                0x000000000001f7fc                PmcAxisCtrl::GetRecvBufIndex()
                0x000000000001f82c                PmcAxisCtrl::SetBuffState(bool)
                0x000000000001f8f8                PmcAxisCtrl::SetStepStop(bool)
                0x000000000001f920                PmcAxisCtrl::Reset()
                0x000000000001fc18                PmcAxisCtrl::Pause(bool)
                0x000000000001fcb8                PmcAxisCtrl::WriteCmd(PmcAxisCtrlCmd&)
                0x000000000001ff20                PmcAxisCtrl::ExecCmdOver(bool)
                0x0000000000020148                PmcAxisCtrl::ExecuteCmd()
 .text          0x0000000000020158     0x1744 ./src/pmc/pmc_register.o
                0x0000000000020158                PmcRegister::~PmcRegister()
                0x0000000000020158                PmcRegister::~PmcRegister()
                0x0000000000020188                PmcRegister::~PmcRegister()
                0x00000000000201c4                PmcRegister::InitRegFile()
                0x00000000000203d8                PmcRegister::Initialize()
                0x0000000000020a4c                PmcRegister::PmcRegister()
                0x0000000000020a4c                PmcRegister::PmcRegister()
                0x0000000000020a6c                PmcRegister::GetRegPtr8(PmcRegSection)
                0x0000000000020b54                PmcRegister::SetRegValue(PmcRegSection, unsigned short, unsigned char)
                0x0000000000020d5c                PmcRegister::SetRegValue(PmcRegSection, unsigned short, unsigned short)
                0x0000000000020e5c                PmcRegister::SetRegBitValue(PmcRegSection, unsigned short, unsigned char, unsigned char, unsigned int)
                0x0000000000020f74                PmcRegister::GetRegValue(PmcRegSection, unsigned short, unsigned char&)
                0x00000000000211cc                PmcRegister::GetRegValue(PmcRegSection, unsigned short, unsigned short&)
                0x0000000000021298                PmcRegister::GetRegValue(PmcRegSection, unsigned short, int&)
                0x00000000000212c4                PmcRegister::GetRegValueMulti(PmcRegSection, unsigned short, unsigned short, unsigned char*)
                0x00000000000215c0                PmcRegister::GetRegValueMulti(PmcRegSection, unsigned short, unsigned short, unsigned short*)
                0x00000000000216a0                PmcRegister::SaveRegData()
 *fill*         0x000000000002189c        0x4 
 .text          0x00000000000218a0    0x25784 ./src/parameter/parm_manager.o
                0x0000000000021bcc                ParmManager::ParmManager()
                0x0000000000021bcc                ParmManager::ParmManager()
                0x0000000000021f08                ParmManager::~ParmManager()
                0x0000000000021f08                ParmManager::~ParmManager()
                0x0000000000022670                ParmManager::GetInstance()
                0x00000000000226bc                ParmManager::ActiveFiveAxisParam(unsigned short, unsigned int, ParamValue&)
                0x0000000000022ae0                ParmManager::SaveParm(ParmType)
                0x0000000000022cf8                ParmManager::SaveAllParm()
                0x0000000000022d48                ParmManager::GetChannelConfig(int)
                0x0000000000022d74                ParmManager::GetChnProcessParam(int)
                0x0000000000022da0                ParmManager::ActiveCoordParam(unsigned char)
                0x0000000000022edc                ParmManager::ActiveToolOffsetParam(unsigned char)
                0x0000000000022fd4                ParmManager::ActiveChnProcParam(unsigned char, unsigned int, ParamValue&, unsigned char)
                0x0000000000023368                ParmManager::ActiveAxisProcParam(unsigned char, unsigned int, ParamValue&, unsigned char)
                0x0000000000023544                ParmManager::ActiveSystemParam(unsigned int, ParamValue&)
                0x0000000000023840                ParmManager::ActiveChnParam(unsigned char, unsigned int, ParamValue&, unsigned char)
                0x0000000000024674                ParmManager::ActiveAxisParam(unsigned char, unsigned int, ParamValue&, unsigned char)
                0x0000000000025e20                ParmManager::ActiveParam(ParamUpdate*)
                0x0000000000025ef4                ParmManager::ActiveProcParam(ProcParamUpdate*)
                0x000000000002600c                ParmManager::GetPmcAxisCount()
                0x000000000002606c                ParmManager::ActiveParam(ParamUpdate*, unsigned char)
                0x00000000000260fc                ParmManager::ActiveProcParam(ProcParamUpdate*, unsigned char)
                0x0000000000026158                ParmManager::ActiveResetParam()
                0x00000000000261f4                ParmManager::ActiveNewStartParam()
                0x00000000000262bc                ParmManager::UpdateChnParam(unsigned char, unsigned int, ParamValue&)
                0x0000000000027cc4                ParmManager::UpdateAxisParam(unsigned char, unsigned int, ParamValue&)
                0x000000000002bed8                ParmManager::UpdateExCoordConfig(unsigned short, unsigned char, HmiCoordConfig&, bool)
                0x000000000002c0d4                ParmManager::UpdateCoordConfig(unsigned short, unsigned char, HmiCoordConfig&, bool)
                0x000000000002c2e8                ParmManager::UpdatePcData(unsigned char, bool, unsigned short, unsigned short, double*)
                0x000000000002c538                ParmManager::GetCurTool(unsigned char)
                0x000000000002c650                ParmManager::GetCurProcParamIndex(unsigned char)
                0x000000000002c770                ParmManager::GetCurWorkPiece(unsigned char)
                0x000000000002c88c                ParmManager::SetCurTool(unsigned char, unsigned char)
                0x000000000002c9a4                ParmManager::SetCurWorkPiece(unsigned char, unsigned int)
                0x000000000002cac4                ParmManager::SetCurProcParamIndex(unsigned char, unsigned char)
                0x000000000002cbe4                ParmManager::UpdateToolMeasure(unsigned short, unsigned char, double const&)
                0x000000000002cd24                ParmManager::UpdateToolRadiusWear(unsigned short, unsigned char, double const&)
                0x000000000002ce58                ParmManager::UpdateToolWear(unsigned short, unsigned char, double const&)
                0x000000000002cf8c                ParmManager::UpdateToolRadiusGeo(unsigned short, unsigned char, double const&)
                0x000000000002d0c0                ParmManager::UpdateAxisRef(unsigned char, long long)
                0x000000000002d218                ParmManager::GetCurNcFile(unsigned char, char*)
                0x000000000002d3d8                ParmManager::SetCurNcFile(unsigned char, char*)
                0x000000000002d540                ParmManager::UpdateToolPotConfig(unsigned short, bool)
                0x000000000002d950                ParmManager::UpdateToolPotConfig(unsigned short, SCToolPotConfig&)
                0x000000000002dd68                ParmManager::UpdateToolOffsetConfig(unsigned short, unsigned char, HmiToolOffsetConfig&, bool)
                0x000000000002e2fc                ParmManager::UpdateIoRemapInfo(IoRemapInfo&)
                0x000000000002ed4c                ParmManager::ReadAxisProcParam()
                0x000000000002fd14                ParmManager::ReadToolConfig()
                0x0000000000030e00                ParmManager::UpdateAxisProcParam(unsigned char, unsigned char, unsigned int, ParamValue&)
                0x00000000000313cc                ParmManager::ReadChnStateScene()
                0x000000000003186c                ParmManager::ReadChnProcParam()
                0x0000000000033794                ParmManager::ReadIoRemapConfig()
                0x0000000000033edc                ParmManager::ChangeChnProcParamIndex(unsigned char, unsigned char)
                0x0000000000035298                ParmManager::ReadSysConfig()
                0x0000000000036964                ParmManager::ReadPcData()
                0x00000000000372a4                ParmManager::UpdateChnProcParam(unsigned char, unsigned char, unsigned int, ParamValue&)
                0x0000000000037dd4                ParmManager::UpdateProcParam(ProcParamUpdate*, unsigned char)
                0x0000000000037e98                ParmManager::ReadExCoordConfig()
                0x0000000000038498                ParmManager::ReadFiveAxisConfig()
                0x000000000003a198                ParmManager::ReadCoordConfig()
                0x000000000003a6c0                ParmManager::ReadChnConfig()
                0x000000000003e344                ParmManager::UpdateFiveAxisParam(unsigned short, unsigned int, ParamValue&)
                0x000000000003f230                ParmManager::UpdateSystemParam(unsigned int, ParamValue&)
                0x0000000000040008                ParmManager::UpdateParameter(ParamUpdate*, unsigned char)
                0x000000000004016c                ParmManager::ReadAxisConfig()
                0x0000000000046dd8                ParmManager::ReadParm(ParmType)
                0x0000000000046fc0                ParmManager::InitParm()
 .text._ZN10ListBufferI11IoRemapInfoED2Ev
                0x0000000000047024       0x44 ./src/parameter/parm_manager.o
                0x0000000000047024                ListBuffer<IoRemapInfo>::~ListBuffer()
                0x0000000000047024                ListBuffer<IoRemapInfo>::~ListBuffer()
 .text._ZN10ListBufferI11IoRemapInfoED0Ev
                0x0000000000047068       0x20 ./src/parameter/parm_manager.o
                0x0000000000047068                ListBuffer<IoRemapInfo>::~ListBuffer()
 .text._ZN10ListBufferI15ProcParamUpdateED2Ev
                0x0000000000047088       0x44 ./src/parameter/parm_manager.o
                0x0000000000047088                ListBuffer<ProcParamUpdate>::~ListBuffer()
                0x0000000000047088                ListBuffer<ProcParamUpdate>::~ListBuffer()
 .text._ZN10ListBufferI15ProcParamUpdateED0Ev
                0x00000000000470cc       0x20 ./src/parameter/parm_manager.o
                0x00000000000470cc                ListBuffer<ProcParamUpdate>::~ListBuffer()
 .text._ZN10ListBufferI11CoordUpdateED2Ev
                0x00000000000470ec       0x88 ./src/parameter/parm_manager.o
                0x00000000000470ec                ListBuffer<CoordUpdate>::~ListBuffer()
                0x00000000000470ec                ListBuffer<CoordUpdate>::~ListBuffer()
 .text._ZN10ListBufferI11CoordUpdateED0Ev
                0x0000000000047174       0x20 ./src/parameter/parm_manager.o
                0x0000000000047174                ListBuffer<CoordUpdate>::~ListBuffer()
 .text._ZN10ListBufferI16ToolOffsetUpdateED2Ev
                0x0000000000047194       0x88 ./src/parameter/parm_manager.o
                0x0000000000047194                ListBuffer<ToolOffsetUpdate>::~ListBuffer()
                0x0000000000047194                ListBuffer<ToolOffsetUpdate>::~ListBuffer()
 .text._ZN10ListBufferI16ToolOffsetUpdateED0Ev
                0x000000000004721c       0x20 ./src/parameter/parm_manager.o
                0x000000000004721c                ListBuffer<ToolOffsetUpdate>::~ListBuffer()
 .text._ZN10ListBufferI11ParamUpdateED2Ev
                0x000000000004723c       0x88 ./src/parameter/parm_manager.o
                0x000000000004723c                ListBuffer<ParamUpdate>::~ListBuffer()
                0x000000000004723c                ListBuffer<ParamUpdate>::~ListBuffer()
 .text._ZN10ListBufferI11ParamUpdateED0Ev
                0x00000000000472c4       0x20 ./src/parameter/parm_manager.o
                0x00000000000472c4                ListBuffer<ParamUpdate>::~ListBuffer()
 .text._ZN10ListBufferI11IoRemapInfoE6AppendERKS0_
                0x00000000000472e4       0xe0 ./src/parameter/parm_manager.o
                0x00000000000472e4                ListBuffer<IoRemapInfo>::Append(IoRemapInfo const&)
 .text._ZN10ListBufferI11CoordUpdateE6AppendERKS0_
                0x00000000000473c4       0xb4 ./src/parameter/parm_manager.o
                0x00000000000473c4                ListBuffer<CoordUpdate>::Append(CoordUpdate const&)
 .text._ZN10ListBufferI11ParamUpdateE6AppendERKS0_
                0x0000000000047478       0xd0 ./src/parameter/parm_manager.o
                0x0000000000047478                ListBuffer<ParamUpdate>::Append(ParamUpdate const&)
 .text._ZN10ListBufferI15ProcParamUpdateE6AppendERKS0_
                0x0000000000047548       0xe0 ./src/parameter/parm_manager.o
                0x0000000000047548                ListBuffer<ProcParamUpdate>::Append(ProcParamUpdate const&)
 .text._ZN10ListBufferI11ParamUpdateE10RemoveNodeEP8ListNodeIS0_E
                0x0000000000047628       0x94 ./src/parameter/parm_manager.o
                0x0000000000047628                ListBuffer<ParamUpdate>::RemoveNode(ListNode<ParamUpdate>*)
 .text._ZN10ListBufferI15ProcParamUpdateE10RemoveNodeEP8ListNodeIS0_E
                0x00000000000476bc       0x94 ./src/parameter/parm_manager.o
                0x00000000000476bc                ListBuffer<ProcParamUpdate>::RemoveNode(ListNode<ProcParamUpdate>*)
 .text._ZNSt7__cxx1112basic_stringIcSt11char_traitsIcESaIcEE12_M_constructIPKcEEvT_S8_St20forward_iterator_tag
                0x0000000000047750       0xb0 ./src/parameter/parm_manager.o
                0x0000000000047750                void std::__cxx11::basic_string<char, std::char_traits<char>, std::allocator<char> >::_M_construct<char const*>(char const*, char const*, std::forward_iterator_tag)
 .text          0x0000000000047800     0x5490 ./src/compiler/compile_message.o
                0x0000000000047800                CompensateMsg::Execute()
                0x0000000000047800                TimeWaitMsg::Execute()
                0x0000000000047800                SpindleCheckMsg::Execute()
                0x0000000000047800                PolarIntpMsg::Execute()
                0x0000000000047800                AutoToolMeasureMsg::Execute()
                0x0000000000047800                SubProgReturnMsg::Execute()
                0x0000000000047800                LoopMsg::Execute()
                0x0000000000047800                ClearCirclePosMsg::Execute()
                0x0000000000047800                SpeedMsg::Execute()
                0x0000000000047800                SpeedCtrlMsg::ChangeUint()
                0x0000000000047800                AuxMsg::Execute()
                0x0000000000047800                CoordMsg::Execute()
                0x0000000000047800                ArcMsg::Execute()
                0x0000000000047800                TorqueCtrlMsg::Execute()
                0x0000000000047800                SkipMsg::Execute()
                0x0000000000047800                FeedMsg::Execute()
                0x0000000000047800                SpeedCtrlMsg::Execute()
                0x0000000000047800                SubProgCallMsg::Execute()
                0x0000000000047800                RestartOverMsg::Execute()
                0x0000000000047800                ToolMsg::Execute()
                0x0000000000047800                MacroProgCallMsg::Execute()
                0x0000000000047800                ErrorMsg::Execute()
                0x0000000000047800                MacroCmdMsg::Execute()
                0x0000000000047800                RapidMsg::Execute()
                0x0000000000047800                ModeMsg::Execute()
                0x0000000000047800                LineMsg::Execute()
                0x0000000000047800                RefReturnMsg::Execute()
                0x0000000000047800                MoveMsg::Execute()
                0x0000000000047804                CompensateMsg::SetData(void*)
                0x0000000000047804                SkipMsg::GetData(void*)
                0x0000000000047804                RestartOverMsg::GetData(void*)
                0x0000000000047804                TorqueCtrlMsg::SetData(void*)
                0x0000000000047804                SkipMsg::SetData(void*)
                0x0000000000047804                SpeedMsg::GetData(void*)
                0x0000000000047804                TorqueCtrlMsg::GetData(void*)
                0x0000000000047804                RefReturnMsg::GetData(void*)
                0x0000000000047804                AutoToolMeasureMsg::GetData(void*)
                0x0000000000047804                RestartOverMsg::SetData(void*)
                0x0000000000047804                PolarIntpMsg::SetData(void*)
                0x0000000000047804                MacroCmdMsg::GetData(void*)
                0x0000000000047804                MoveMsg::GetData(void*)
                0x0000000000047804                PolarIntpMsg::GetData(void*)
                0x0000000000047804                LoopMsg::GetData(void*)
                0x0000000000047804                SpindleCheckMsg::GetData(void*)
                0x0000000000047804                SpeedCtrlMsg::SetData(void*)
                0x0000000000047804                MacroProgCallMsg::SetData(void*)
                0x0000000000047804                SpindleCheckMsg::SetData(void*)
                0x0000000000047804                SubProgCallMsg::GetData(void*)
                0x0000000000047804                CoordMsg::SetData(void*)
                0x0000000000047804                TimeWaitMsg::SetData(void*)
                0x0000000000047804                SpeedCtrlMsg::GetData(void*)
                0x0000000000047804                SubProgCallMsg::SetData(void*)
                0x0000000000047804                AutoToolMeasureMsg::SetData(void*)
                0x0000000000047804                ToolMsg::GetData(void*)
                0x0000000000047804                FeedMsg::SetData(void*)
                0x0000000000047804                CompensateMsg::GetData(void*)
                0x0000000000047804                MacroCmdMsg::SetData(void*)
                0x0000000000047804                TimeWaitMsg::GetData(void*)
                0x0000000000047804                RapidMsg::SetData(void*)
                0x0000000000047804                AuxMsg::GetData(void*)
                0x0000000000047804                LoopMsg::SetData(void*)
                0x0000000000047804                ErrorMsg::GetData(void*)
                0x0000000000047804                ClearCirclePosMsg::SetData(void*)
                0x0000000000047804                CoordMsg::GetData(void*)
                0x0000000000047804                SubProgReturnMsg::SetData(void*)
                0x0000000000047804                ToolMsg::SetData(void*)
                0x0000000000047804                ArcMsg::GetData(void*)
                0x0000000000047804                LineMsg::GetData(void*)
                0x0000000000047804                FeedMsg::GetData(void*)
                0x0000000000047804                ModeMsg::SetData(void*)
                0x0000000000047804                SubProgReturnMsg::GetData(void*)
                0x0000000000047804                LineMsg::SetData(void*)
                0x0000000000047804                ModeMsg::GetData(void*)
                0x0000000000047804                RapidMsg::GetData(void*)
                0x0000000000047804                RefReturnMsg::SetData(void*)
                0x0000000000047804                MoveMsg::SetData(void*)
                0x0000000000047804                MacroProgCallMsg::GetData(void*)
                0x0000000000047804                ArcMsg::SetData(void*)
                0x0000000000047804                ClearCirclePosMsg::GetData(void*)
                0x0000000000047804                ErrorMsg::SetData(void*)
                0x0000000000047804                AuxMsg::SetData(void*)
                0x0000000000047804                SpeedMsg::SetData(void*)
                0x0000000000047808                ErrorMsg::GetOutputData(GCodeFrame*, unsigned int, bool)
                0x0000000000047808                AuxMsg::GetOutputData(GCodeFrame*, unsigned int, bool)
                0x0000000000047808                TorqueCtrlMsg::GetOutputData(GCodeFrame*, unsigned int, bool)
                0x0000000000047808                ModeMsg::GetOutputData(GCodeFrame*, unsigned int, bool)
                0x0000000000047808                SubProgReturnMsg::GetOutputData(GCodeFrame*, unsigned int, bool)
                0x0000000000047808                MacroProgCallMsg::GetOutputData(GCodeFrame*, unsigned int, bool)
                0x0000000000047808                MoveMsg::GetOutputData(GCodeFrame*, unsigned int, bool)
                0x0000000000047808                RestartOverMsg::GetOutputData(GCodeFrame*, unsigned int, bool)
                0x0000000000047808                SpeedMsg::GetOutputData(GCodeFrame*, unsigned int, bool)
                0x0000000000047808                LoopMsg::GetOutputData(GCodeFrame*, unsigned int, bool)
                0x0000000000047808                RefReturnMsg::GetOutputData(GCodeFrame*, unsigned int, bool)
                0x0000000000047808                FeedMsg::GetOutputData(GCodeFrame*, unsigned int, bool)
                0x0000000000047808                TimeWaitMsg::GetOutputData(GCodeFrame*, unsigned int, bool)
                0x0000000000047808                SubProgCallMsg::GetOutputData(GCodeFrame*, unsigned int, bool)
                0x0000000000047808                ClearCirclePosMsg::GetOutputData(GCodeFrame*, unsigned int, bool)
                0x0000000000047808                ToolMsg::GetOutputData(GCodeFrame*, unsigned int, bool)
                0x0000000000047808                SpeedCtrlMsg::GetOutputData(GCodeFrame*, unsigned int, bool)
                0x0000000000047810                CoordMsg::GetSimulateData(CompilerSimData&)
                0x0000000000047840                RefReturnMsg::GetSimulateData(CompilerSimData&)
                0x0000000000047870                CompensateMsg::GetSimulateData(CompilerSimData&)
                0x00000000000478b0                RapidMsg::~RapidMsg()
                0x00000000000478b0                RapidMsg::~RapidMsg()
                0x00000000000478b4                RapidMsg::GetSimulateData(CompilerSimData&)
                0x00000000000478e4                LineMsg::~LineMsg()
                0x00000000000478e4                LineMsg::~LineMsg()
                0x00000000000478e8                LineMsg::GetSimulateData(CompilerSimData&)
                0x0000000000047918                MacroCmdMsg::GetOutputData(GCodeFrame*, unsigned int, bool)
                0x0000000000047918                PolarIntpMsg::GetOutputData(GCodeFrame*, unsigned int, bool)
                0x0000000000047918                SpindleCheckMsg::GetOutputData(GCodeFrame*, unsigned int, bool)
                0x0000000000047920                RapidMsg::~RapidMsg()
                0x0000000000047938                LineMsg::~LineMsg()
                0x0000000000047950                ErrorMsg::PrintString()
                0x000000000004797c                RestartOverMsg::PrintString()
                0x000000000004798c                ModeMsg::PrintString()
                0x00000000000479b8                MoveMsg::PrintString()
                0x00000000000479e8                CoordMsg::PrintString()
                0x0000000000047a14                LoopMsg::PrintString()
                0x0000000000047a40                FeedMsg::PrintString()
                0x0000000000047a74                SpeedMsg::PrintString()
                0x0000000000047aa0                ToolMsg::PrintString()
                0x0000000000047acc                TimeWaitMsg::PrintString()
                0x0000000000047af8                RefReturnMsg::PrintString()
                0x0000000000047b08                SkipMsg::PrintString()
                0x0000000000047b18                AutoToolMeasureMsg::PrintString()
                0x0000000000047b28                AuxMsg::PrintString()
                0x0000000000047b54                SubProgCallMsg::PrintString()
                0x0000000000047b8c                MacroProgCallMsg::PrintString()
                0x0000000000047bbc                SubProgReturnMsg::PrintString()
                0x0000000000047bcc                CompensateMsg::PrintString()
                0x0000000000047c10                RapidMsg::PrintString()
                0x0000000000047c4c                LineMsg::PrintString()
                0x0000000000047c88                ArcMsg::PrintString()
                0x0000000000047cd0                SpindleCheckMsg::PrintString()
                0x0000000000047ce0                MacroCmdMsg::PrintString()
                0x0000000000047cf0                PolarIntpMsg::PrintString()
                0x0000000000047d00                ClearCirclePosMsg::PrintString()
                0x0000000000047d2c                SpeedCtrlMsg::PrintString()
                0x0000000000047d88                TorqueCtrlMsg::PrintString()
                0x0000000000047de4                RapidMsg::GetOutputData(GCodeFrame*, unsigned int, bool)
                0x0000000000047f40                LineMsg::GetOutputData(GCodeFrame*, unsigned int, bool)
                0x00000000000480c8                ArcMsg::GetOutputData(GCodeFrame*, unsigned int, bool)
                0x0000000000048348                ArcMsg::GetSimulateData(CompilerSimData&)
                0x0000000000048424                MacroProgCallMsg::~MacroProgCallMsg()
                0x0000000000048424                MacroProgCallMsg::~MacroProgCallMsg()
                0x0000000000048450                MacroProgCallMsg::~MacroProgCallMsg()
                0x0000000000048488                SpeedCtrlMsg::~SpeedCtrlMsg()
                0x0000000000048488                SpeedCtrlMsg::~SpeedCtrlMsg()
                0x00000000000484b4                SpeedCtrlMsg::~SpeedCtrlMsg()
                0x00000000000484ec                TorqueCtrlMsg::~TorqueCtrlMsg()
                0x00000000000484ec                TorqueCtrlMsg::~TorqueCtrlMsg()
                0x0000000000048518                TorqueCtrlMsg::~TorqueCtrlMsg()
                0x0000000000048550                CoordMsg::GetOutputData(GCodeFrame*, unsigned int, bool)
                0x00000000000486c8                CompensateMsg::GetOutputData(GCodeFrame*, unsigned int, bool)
                0x0000000000048868                RecordMsg::RecordMsg()
                0x0000000000048868                RecordMsg::RecordMsg()
                0x0000000000048894                RecordMsg::~RecordMsg()
                0x0000000000048894                RecordMsg::~RecordMsg()
                0x0000000000048898                RecordMsg::~RecordMsg()
                0x00000000000488b0                RecordMsg::SetFlag(RecordFlag, bool)
                0x00000000000488d0                RecordMsg::operator=(RecordMsg const&)
                0x00000000000488f4                operator==(RecordMsg const&, RecordMsg&)
                0x0000000000048944                ErrorMsg::ErrorMsg(int)
                0x0000000000048944                ErrorMsg::ErrorMsg(int)
                0x0000000000048980                ErrorMsg::ErrorMsg()
                0x0000000000048980                ErrorMsg::ErrorMsg()
                0x00000000000489bc                ErrorMsg::operator=(ErrorMsg const&)
                0x00000000000489f4                operator==(ErrorMsg const&, ErrorMsg&)
                0x0000000000048a68                RestartOverMsg::RestartOverMsg()
                0x0000000000048a68                RestartOverMsg::RestartOverMsg()
                0x0000000000048a9c                RestartOverMsg::operator=(RestartOverMsg const&)
                0x0000000000048ac0                operator==(RestartOverMsg const&, RestartOverMsg&)
                0x0000000000048b10                ModeMsg::ModeMsg(int)
                0x0000000000048b10                ModeMsg::ModeMsg(int)
                0x0000000000048b48                ModeMsg::operator=(ModeMsg const&)
                0x0000000000048b80                operator==(ModeMsg const&, ModeMsg&)
                0x0000000000048bf4                MoveMsg::MoveMsg(int)
                0x0000000000048bf4                MoveMsg::MoveMsg(int)
                0x0000000000048c30                MoveMsg::operator=(MoveMsg const&)
                0x0000000000048c70                operator==(MoveMsg const&, MoveMsg&)
                0x0000000000048cf4                CoordMsg::CoordMsg(DPointChn const&, DPointChn const&, int, unsigned int)
                0x0000000000048cf4                CoordMsg::CoordMsg(DPointChn const&, DPointChn const&, int, unsigned int)
                0x0000000000048db0                CoordMsg::operator=(CoordMsg const&)
                0x0000000000048e00                operator==(CoordMsg const&, CoordMsg&)
                0x0000000000048e8c                LoopMsg::LoopMsg(int, double*, unsigned char, unsigned int)
                0x0000000000048e8c                LoopMsg::LoopMsg(int, double*, unsigned char, unsigned int)
                0x0000000000048ed4                LoopMsg::GetMacroProgIndex()
                0x0000000000048fd4                LoopMsg::GetMacroProgName(char*, bool)
                0x0000000000049494                LoopMsg::GetParameter(unsigned int&, unsigned char&)
                0x00000000000494ac                LoopMsg::SetLastProgFile(char*)
                0x00000000000494d8                LoopMsg::GetLastProgFile(char*)
                0x00000000000494ec                LoopMsg::operator=(LoopMsg const&)
                0x0000000000049590                operator==(LoopMsg const&, LoopMsg&)
                0x000000000004967c                FeedMsg::FeedMsg(double, double)
                0x000000000004967c                FeedMsg::FeedMsg(double, double)
                0x00000000000496b8                FeedMsg::operator=(FeedMsg const&)
                0x00000000000496f0                operator==(FeedMsg const&, FeedMsg&)
                0x000000000004976c                SpeedMsg::SpeedMsg(double)
                0x000000000004976c                SpeedMsg::SpeedMsg(double)
                0x00000000000497a4                SpeedMsg::operator=(SpeedMsg const&)
                0x00000000000497d4                operator==(SpeedMsg const&, SpeedMsg&)
                0x000000000004983c                ToolMsg::ToolMsg(int*, unsigned char)
                0x000000000004983c                ToolMsg::ToolMsg(int*, unsigned char)
                0x00000000000498a0                ToolMsg::IsFirstExec()
                0x00000000000498f0                ToolMsg::GetSubProgName(char*, bool)
                0x0000000000049ce0                ToolMsg::operator=(ToolMsg const&)
                0x0000000000049d1c                operator==(ToolMsg const&, ToolMsg&)
                0x0000000000049db0                TimeWaitMsg::TimeWaitMsg(unsigned int)
                0x0000000000049db0                TimeWaitMsg::TimeWaitMsg(unsigned int)
                0x0000000000049df4                TimeWaitMsg::operator=(TimeWaitMsg const&)
                0x0000000000049e24                operator==(TimeWaitMsg const&, TimeWaitMsg&)
                0x0000000000049e88                RefReturnMsg::RefReturnMsg(int, unsigned int, DPointChn&)
                0x0000000000049e88                RefReturnMsg::RefReturnMsg(int, unsigned int, DPointChn&)
                0x0000000000049f04                RefReturnMsg::operator=(RefReturnMsg const&)
                0x0000000000049f4c                operator==(RefReturnMsg const&, RefReturnMsg&)
                0x0000000000049fb8                SkipMsg::operator=(SkipMsg const&)
                0x000000000004a01c                operator==(SkipMsg const&, SkipMsg&)
                0x000000000004a0d0                AutoToolMeasureMsg::AutoToolMeasureMsg(DPointChn const&, unsigned int, int, int)
                0x000000000004a0d0                AutoToolMeasureMsg::AutoToolMeasureMsg(DPointChn const&, unsigned int, int, int)
                0x000000000004a164                AutoToolMeasureMsg::GetMacroProgName(char*, bool)
                0x000000000004a374                AutoToolMeasureMsg::operator=(AutoToolMeasureMsg const&)
                0x000000000004a3c4                operator==(AutoToolMeasureMsg const&, AutoToolMeasureMsg&)
                0x000000000004a460                AuxMsg::AuxMsg(int)
                0x000000000004a460                AuxMsg::AuxMsg(int)
                0x000000000004a4c8                AuxMsg::AuxMsg(int*, unsigned char)
                0x000000000004a4c8                AuxMsg::AuxMsg(int*, unsigned char)
                0x000000000004a56c                AuxMsg::IsFirstExec()
                0x000000000004a5bc                AuxMsg::operator=(AuxMsg const&)
                0x000000000004a620                operator==(AuxMsg const&, AuxMsg&)
                0x000000000004a6cc                SubProgCallMsg::SubProgCallMsg(int, int)
                0x000000000004a6cc                SubProgCallMsg::SubProgCallMsg(int, int)
                0x000000000004a724                SubProgCallMsg::SetLastProgFile(char*)
                0x000000000004a750                SubProgCallMsg::GetLastProgFile(char*)
                0x000000000004a764                SubProgCallMsg::GetSubProgName(char*, bool)
                0x000000000004ab54                SubProgCallMsg::operator=(SubProgCallMsg const&)
                0x000000000004abbc                operator==(SubProgCallMsg const&, SubProgCallMsg&)
                0x000000000004ac50                MacroProgCallMsg::MacroProgCallMsg(int, int, double*, unsigned char, unsigned int)
                0x000000000004ac50                MacroProgCallMsg::MacroProgCallMsg(int, int, double*, unsigned char, unsigned int)
                0x000000000004aca8                MacroProgCallMsg::GetParameter(unsigned int&, unsigned char&)
                0x000000000004acc0                MacroProgCallMsg::SetLastProgFile(char*)
                0x000000000004acec                MacroProgCallMsg::GetLastProgFile(char*)
                0x000000000004ad00                MacroProgCallMsg::GetMacroProgName(char*, bool)
                0x000000000004b0f0                MacroProgCallMsg::operator=(MacroProgCallMsg const&)
                0x000000000004b1a4                operator==(MacroProgCallMsg const&, MacroProgCallMsg&)
                0x000000000004b2b0                SubProgReturnMsg::SubProgReturnMsg(char*, bool)
                0x000000000004b2b0                SubProgReturnMsg::SubProgReturnMsg(char*, bool)
                0x000000000004b300                SubProgReturnMsg::operator=(SubProgReturnMsg const&)
                0x000000000004b350                operator==(SubProgReturnMsg const&, SubProgReturnMsg&)
                0x000000000004b3c0                CompensateMsg::operator=(CompensateMsg const&)
                0x000000000004b424                operator==(CompensateMsg const&, CompensateMsg&)
                0x000000000004b4c4                RapidMsg::RapidMsg(DPointChn const&, DPointChn const&, unsigned int)
                0x000000000004b4c4                RapidMsg::RapidMsg(DPointChn const&, DPointChn const&, unsigned int)
                0x000000000004b580                RapidMsg::SetPmcAxisData(unsigned char)
                0x000000000004b598                RapidMsg::RefreshTargetPos(DPointChn&)
                0x000000000004b5f0                RapidMsg::operator=(RapidMsg const&)
                0x000000000004b654                operator==(RapidMsg const&, RapidMsg&)
                0x000000000004b6e4                LineMsg::LineMsg(DPointChn const&, DPointChn const&, double, unsigned int)
                0x000000000004b6e4                LineMsg::LineMsg(DPointChn const&, DPointChn const&, double, unsigned int)
                0x000000000004b7b4                SkipMsg::SkipMsg(DPointChn const&, DPointChn const&, double, unsigned int)
                0x000000000004b7b4                SkipMsg::SkipMsg(DPointChn const&, DPointChn const&, double, unsigned int)
                0x000000000004b7f0                CompensateMsg::CompensateMsg(int, unsigned short, DPointChn const&, DPointChn const&, unsigned int, double, unsigned char)
                0x000000000004b7f0                CompensateMsg::CompensateMsg(int, unsigned short, DPointChn const&, DPointChn const&, unsigned int, double, unsigned char)
                0x000000000004b858                LineMsg::SetPmcAxisData(unsigned char)
                0x000000000004b888                LineMsg::RefreshTargetPos(DPointChn&)
                0x000000000004b92c                LineMsg::operator=(LineMsg const&)
                0x000000000004b990                operator==(LineMsg const&, LineMsg&)
                0x000000000004ba20                ArcMsg::ArcMsg(int, DPointChn const&, DPointChn const&, DPointChn const&, double const&, double, unsigned int, signed char, signed char, signed char)
                0x000000000004ba20                ArcMsg::ArcMsg(int, DPointChn const&, DPointChn const&, DPointChn const&, double const&, double, unsigned int, signed char, signed char, signed char)
                0x000000000004bb2c                ArcMsg::CalArcCenter(DPointChn const&, DPointChn const&, double const&, signed char, unsigned short, DPointChn&)
                0x000000000004bd08                ArcMsg::RefreshTargetPos(DPointChn&)
                0x000000000004bdf8                ArcMsg::operator=(ArcMsg const&)
                0x000000000004be80                operator==(ArcMsg const&, ArcMsg&)
                0x000000000004bf64                SpindleCheckMsg::SpindleCheckMsg(int, int, int, int, int)
                0x000000000004bf64                SpindleCheckMsg::SpindleCheckMsg(int, int, int, int, int)
                0x000000000004bfb4                SpindleCheckMsg::operator=(SpindleCheckMsg const&)
                0x000000000004bffc                operator==(SpindleCheckMsg const&, SpindleCheckMsg&)
                0x000000000004c0a0                MacroCmdMsg::operator=(MacroCmdMsg&)
                0x000000000004c10c                operator==(MacroCmdMsg&, MacroCmdMsg&)
                0x000000000004c190                PolarIntpMsg::PolarIntpMsg(int, int, int, int, int, int, int, int, int)
                0x000000000004c190                PolarIntpMsg::PolarIntpMsg(int, int, int, int, int, int, int, int, int)
                0x000000000004c208                PolarIntpMsg::operator=(PolarIntpMsg const&)
                0x000000000004c270                operator==(PolarIntpMsg const&, PolarIntpMsg&)
                0x000000000004c354                ClearCirclePosMsg::ClearCirclePosMsg(int, unsigned int, int)
                0x000000000004c354                ClearCirclePosMsg::ClearCirclePosMsg(int, unsigned int, int)
                0x000000000004c3a0                ClearCirclePosMsg::operator=(ClearCirclePosMsg const&)
                0x000000000004c3e0                operator==(ClearCirclePosMsg const&, ClearCirclePosMsg&)
                0x000000000004c464                SpeedCtrlMsg::SpeedCtrlMsg(int, double*, unsigned char, unsigned int)
                0x000000000004c464                SpeedCtrlMsg::SpeedCtrlMsg(int, double*, unsigned char, unsigned int)
                0x000000000004c53c                SpeedCtrlMsg::GetTargetValue(unsigned char&, unsigned int&)
                0x000000000004c554                SpeedCtrlMsg::operator=(SpeedCtrlMsg const&)
                0x000000000004c5e4                operator==(SpeedCtrlMsg const&, SpeedCtrlMsg&)
                0x000000000004c6ac                TorqueCtrlMsg::TorqueCtrlMsg(int, double*, unsigned char, unsigned int, unsigned int)
                0x000000000004c6ac                TorqueCtrlMsg::TorqueCtrlMsg(int, double*, unsigned char, unsigned int, unsigned int)
                0x000000000004c794                TorqueCtrlMsg::GetTargetValue(unsigned char&, unsigned int&)
                0x000000000004c7ac                TorqueCtrlMsg::operator=(TorqueCtrlMsg const&)
                0x000000000004c840                operator==(TorqueCtrlMsg const&, TorqueCtrlMsg&)
                0x000000000004c91c                MacroCmdMsg::MacroCmdMsg(LexerMacroCmd*)
                0x000000000004c91c                MacroCmdMsg::MacroCmdMsg(LexerMacroCmd*)
 .text._ZN9RecordMsg15GetSimulateDataER15CompilerSimData
                0x000000000004cc90        0x8 ./src/compiler/compile_message.o
                0x000000000004cc90                RecordMsg::GetSimulateData(CompilerSimData&)
 .text._ZN7SkipMsgD2Ev
                0x000000000004cc98        0x4 ./src/compiler/compile_message.o
                0x000000000004cc98                SkipMsg::~SkipMsg()
                0x000000000004cc98                SkipMsg::~SkipMsg()
 .text._ZN7ModeMsgD2Ev
                0x000000000004cc9c        0x4 ./src/compiler/compile_message.o
                0x000000000004cc9c                ModeMsg::~ModeMsg()
                0x000000000004cc9c                ModeMsg::~ModeMsg()
 .text._ZN18AutoToolMeasureMsgD2Ev
                0x000000000004cca0        0x4 ./src/compiler/compile_message.o
                0x000000000004cca0                AutoToolMeasureMsg::~AutoToolMeasureMsg()
                0x000000000004cca0                AutoToolMeasureMsg::~AutoToolMeasureMsg()
 .text._ZN6AuxMsgD2Ev
                0x000000000004cca4        0x4 ./src/compiler/compile_message.o
                0x000000000004cca4                AuxMsg::~AuxMsg()
                0x000000000004cca4                AuxMsg::~AuxMsg()
 .text._ZN7MoveMsgD2Ev
                0x000000000004cca8        0x4 ./src/compiler/compile_message.o
                0x000000000004cca8                MoveMsg::~MoveMsg()
                0x000000000004cca8                MoveMsg::~MoveMsg()
 .text._ZN17ClearCirclePosMsgD2Ev
                0x000000000004ccac        0x4 ./src/compiler/compile_message.o
                0x000000000004ccac                ClearCirclePosMsg::~ClearCirclePosMsg()
                0x000000000004ccac                ClearCirclePosMsg::~ClearCirclePosMsg()
 .text._ZN12PolarIntpMsgD2Ev
                0x000000000004ccb0        0x4 ./src/compiler/compile_message.o
                0x000000000004ccb0                PolarIntpMsg::~PolarIntpMsg()
                0x000000000004ccb0                PolarIntpMsg::~PolarIntpMsg()
 .text._ZN15SpindleCheckMsgD2Ev
                0x000000000004ccb4        0x4 ./src/compiler/compile_message.o
                0x000000000004ccb4                SpindleCheckMsg::~SpindleCheckMsg()
                0x000000000004ccb4                SpindleCheckMsg::~SpindleCheckMsg()
 .text._ZN6ArcMsgD2Ev
                0x000000000004ccb8        0x4 ./src/compiler/compile_message.o
                0x000000000004ccb8                ArcMsg::~ArcMsg()
                0x000000000004ccb8                ArcMsg::~ArcMsg()
 .text._ZN13CompensateMsgD2Ev
                0x000000000004ccbc        0x4 ./src/compiler/compile_message.o
                0x000000000004ccbc                CompensateMsg::~CompensateMsg()
                0x000000000004ccbc                CompensateMsg::~CompensateMsg()
 .text._ZN7LoopMsgD2Ev
                0x000000000004ccc0        0x4 ./src/compiler/compile_message.o
                0x000000000004ccc0                LoopMsg::~LoopMsg()
                0x000000000004ccc0                LoopMsg::~LoopMsg()
 .text._ZN16SubProgReturnMsgD2Ev
                0x000000000004ccc4        0x4 ./src/compiler/compile_message.o
                0x000000000004ccc4                SubProgReturnMsg::~SubProgReturnMsg()
                0x000000000004ccc4                SubProgReturnMsg::~SubProgReturnMsg()
 .text._ZN14SubProgCallMsgD2Ev
                0x000000000004ccc8        0x4 ./src/compiler/compile_message.o
                0x000000000004ccc8                SubProgCallMsg::~SubProgCallMsg()
                0x000000000004ccc8                SubProgCallMsg::~SubProgCallMsg()
 .text._ZN12RefReturnMsgD2Ev
                0x000000000004cccc        0x4 ./src/compiler/compile_message.o
                0x000000000004cccc                RefReturnMsg::~RefReturnMsg()
                0x000000000004cccc                RefReturnMsg::~RefReturnMsg()
 .text._ZN11TimeWaitMsgD2Ev
                0x000000000004ccd0        0x4 ./src/compiler/compile_message.o
                0x000000000004ccd0                TimeWaitMsg::~TimeWaitMsg()
                0x000000000004ccd0                TimeWaitMsg::~TimeWaitMsg()
 .text._ZN7ToolMsgD2Ev
                0x000000000004ccd4        0x4 ./src/compiler/compile_message.o
                0x000000000004ccd4                ToolMsg::~ToolMsg()
                0x000000000004ccd4                ToolMsg::~ToolMsg()
 .text._ZN8SpeedMsgD2Ev
                0x000000000004ccd8        0x4 ./src/compiler/compile_message.o
                0x000000000004ccd8                SpeedMsg::~SpeedMsg()
                0x000000000004ccd8                SpeedMsg::~SpeedMsg()
 .text._ZN7FeedMsgD2Ev
                0x000000000004ccdc        0x4 ./src/compiler/compile_message.o
                0x000000000004ccdc                FeedMsg::~FeedMsg()
                0x000000000004ccdc                FeedMsg::~FeedMsg()
 .text._ZN8CoordMsgD2Ev
                0x000000000004cce0        0x4 ./src/compiler/compile_message.o
                0x000000000004cce0                CoordMsg::~CoordMsg()
                0x000000000004cce0                CoordMsg::~CoordMsg()
 .text._ZN14RestartOverMsgD2Ev
                0x000000000004cce4        0x4 ./src/compiler/compile_message.o
                0x000000000004cce4                RestartOverMsg::~RestartOverMsg()
                0x000000000004cce4                RestartOverMsg::~RestartOverMsg()
 .text._ZN8ErrorMsgD2Ev
                0x000000000004cce8        0x4 ./src/compiler/compile_message.o
                0x000000000004cce8                ErrorMsg::~ErrorMsg()
                0x000000000004cce8                ErrorMsg::~ErrorMsg()
 .text._ZN7ModeMsgD0Ev
                0x000000000004ccec       0x18 ./src/compiler/compile_message.o
                0x000000000004ccec                ModeMsg::~ModeMsg()
 .text._ZN7MoveMsgD0Ev
                0x000000000004cd04       0x18 ./src/compiler/compile_message.o
                0x000000000004cd04                MoveMsg::~MoveMsg()
 .text._ZN13CompensateMsgD0Ev
                0x000000000004cd1c       0x18 ./src/compiler/compile_message.o
                0x000000000004cd1c                CompensateMsg::~CompensateMsg()
 .text._ZN7SkipMsgD0Ev
                0x000000000004cd34       0x18 ./src/compiler/compile_message.o
                0x000000000004cd34                SkipMsg::~SkipMsg()
 .text._ZN6ArcMsgD0Ev
                0x000000000004cd4c       0x18 ./src/compiler/compile_message.o
                0x000000000004cd4c                ArcMsg::~ArcMsg()
 .text._ZN17ClearCirclePosMsgD0Ev
                0x000000000004cd64       0x18 ./src/compiler/compile_message.o
                0x000000000004cd64                ClearCirclePosMsg::~ClearCirclePosMsg()
 .text._ZN12PolarIntpMsgD0Ev
                0x000000000004cd7c       0x18 ./src/compiler/compile_message.o
                0x000000000004cd7c                PolarIntpMsg::~PolarIntpMsg()
 .text._ZN15SpindleCheckMsgD0Ev
                0x000000000004cd94       0x18 ./src/compiler/compile_message.o
                0x000000000004cd94                SpindleCheckMsg::~SpindleCheckMsg()
 .text._ZN18AutoToolMeasureMsgD0Ev
                0x000000000004cdac       0x18 ./src/compiler/compile_message.o
                0x000000000004cdac                AutoToolMeasureMsg::~AutoToolMeasureMsg()
 .text._ZN7LoopMsgD0Ev
                0x000000000004cdc4       0x18 ./src/compiler/compile_message.o
                0x000000000004cdc4                LoopMsg::~LoopMsg()
 .text._ZN12RefReturnMsgD0Ev
                0x000000000004cddc       0x18 ./src/compiler/compile_message.o
                0x000000000004cddc                RefReturnMsg::~RefReturnMsg()
 .text._ZN11TimeWaitMsgD0Ev
                0x000000000004cdf4       0x18 ./src/compiler/compile_message.o
                0x000000000004cdf4                TimeWaitMsg::~TimeWaitMsg()
 .text._ZN8CoordMsgD0Ev
                0x000000000004ce0c       0x18 ./src/compiler/compile_message.o
                0x000000000004ce0c                CoordMsg::~CoordMsg()
 .text._ZN6AuxMsgD0Ev
                0x000000000004ce24       0x18 ./src/compiler/compile_message.o
                0x000000000004ce24                AuxMsg::~AuxMsg()
 .text._ZN16SubProgReturnMsgD0Ev
                0x000000000004ce3c       0x18 ./src/compiler/compile_message.o
                0x000000000004ce3c                SubProgReturnMsg::~SubProgReturnMsg()
 .text._ZN14SubProgCallMsgD0Ev
                0x000000000004ce54       0x18 ./src/compiler/compile_message.o
                0x000000000004ce54                SubProgCallMsg::~SubProgCallMsg()
 .text._ZN7ToolMsgD0Ev
                0x000000000004ce6c       0x18 ./src/compiler/compile_message.o
                0x000000000004ce6c                ToolMsg::~ToolMsg()
 .text._ZN8SpeedMsgD0Ev
                0x000000000004ce84       0x18 ./src/compiler/compile_message.o
                0x000000000004ce84                SpeedMsg::~SpeedMsg()
 .text._ZN7FeedMsgD0Ev
                0x000000000004ce9c       0x18 ./src/compiler/compile_message.o
                0x000000000004ce9c                FeedMsg::~FeedMsg()
 .text._ZN14RestartOverMsgD0Ev
                0x000000000004ceb4       0x18 ./src/compiler/compile_message.o
                0x000000000004ceb4                RestartOverMsg::~RestartOverMsg()
 .text._ZN8ErrorMsgD0Ev
                0x000000000004cecc       0x18 ./src/compiler/compile_message.o
                0x000000000004cecc                ErrorMsg::~ErrorMsg()
 .text._ZNSt11_Deque_baseI8MacroRecSaIS0_EED2Ev
                0x000000000004cee4       0x48 ./src/compiler/compile_message.o
                0x000000000004cee4                std::_Deque_base<MacroRec, std::allocator<MacroRec> >::~_Deque_base()
                0x000000000004cee4                std::_Deque_base<MacroRec, std::allocator<MacroRec> >::~_Deque_base()
 .text._ZN11MacroCmdMsgD2Ev
                0x000000000004cf2c       0x28 ./src/compiler/compile_message.o
                0x000000000004cf2c                MacroCmdMsg::~MacroCmdMsg()
                0x000000000004cf2c                MacroCmdMsg::~MacroCmdMsg()
 .text._ZN11MacroCmdMsgD0Ev
                0x000000000004cf54       0x34 ./src/compiler/compile_message.o
                0x000000000004cf54                MacroCmdMsg::~MacroCmdMsg()
 .text          0x000000000004cf88     0x8d84 ./src/compiler/compiler.o
                0x000000000004e19c                Compiler::SetCurPos(DPoint const&)
                0x000000000004e224                Compiler::SetCurPos(DPointChn const&)
                0x000000000004e23c                Compiler::SetCurGMode()
                0x000000000004e288                Compiler::GetPreScanLine(char*, unsigned long long&, AsFileMapInfo&)
                0x000000000004e5a8                Compiler::PreScanLine2(char*, unsigned long long, unsigned long long, bool&, CompilerScene*)
                0x000000000004e7e4                Compiler::OpenFile(char const*, bool)
                0x000000000004ec28                Compiler::CompileOver()
                0x000000000004edd0                Compiler::RecycleCompile()
                0x000000000004ee54                Compiler::ResetState()
                0x000000000004eed8                Compiler::DoIdle()
                0x000000000004eedc                Compiler::IsNewLineChar(char*)
                0x000000000004eef8                Compiler::GetCurNcFile(char*)
                0x000000000004ef10                Compiler::GetLineData()
                0x000000000004ef34                Compiler::RunModeMsg(RecordMsg*)
                0x000000000004f018                Compiler::RunFeedMsg(RecordMsg*)
                0x000000000004f030                Compiler::RunSpeedMsg(RecordMsg*)
                0x000000000004f048                Compiler::RunPolarIntpMsg(RecordMsg*)
                0x000000000004f08c                Compiler::RunTimeWaitMsg(RecordMsg*)
                0x000000000004f0a4                Compiler::RunRefReturnMsg(RecordMsg*)