Archive member included to satisfy reference by file (symbol)

D:\FPGA\SC_Module\lib\release\libLitronucLicense.a(license_interface.o)
                              ./src/channel/channel_engine.o (LitronucLicInfo::LitronucLicInfo())
D:\FPGA\SC_Module\lib\release\libLitronucLicense.a(litronuc_des.o)
                              D:\FPGA\SC_Module\lib\release\libLitronucLicense.a(license_interface.o) (LitronucDES::~LitronucDES())
c:\ide\xilinx\sdk\2019.1\gnu\aarch32\nt\gcc-arm-linux-gnueabi\bin\../arm-linux-gnueabihf/libc/usr/lib/libc_nonshared.a(elf-init.oS)
                              c:/ide/xilinx/sdk/2019.1/gnu/aarch32/nt/gcc-arm-linux-gnueabi/bin/../arm-linux-gnueabihf/libc/usr/lib/crt1.o (__libc_csu_init)

Discarded input sections

 .note.GNU-stack
                0x0000000000000000        0x0 c:/ide/xilinx/sdk/2019.1/gnu/aarch32/nt/gcc-arm-linux-gnueabi/bin/../arm-linux-gnueabihf/libc/usr/lib/crt1.o
 .note.GNU-stack
                0x0000000000000000        0x0 c:/ide/xilinx/sdk/2019.1/gnu/aarch32/nt/gcc-arm-linux-gnueabi/bin/../arm-linux-gnueabihf/libc/usr/lib/crti.o
 .note.GNU-stack
                0x0000000000000000        0x0 c:/ide/xilinx/sdk/2019.1/gnu/aarch32/nt/gcc-arm-linux-gnueabi/bin/../lib/gcc/arm-linux-gnueabihf/8.2.0/crtbegin.o
 .note.GNU-stack
                0x0000000000000000        0x0 ./src/tool_compensate/tool_comp_data.o
 .group         0x0000000000000000       0x2c ./src/tool_compensate/tool_compensate.o
 .group         0x0000000000000000        0x8 ./src/tool_compensate/tool_compensate.o
 .group         0x0000000000000000        0xc ./src/tool_compensate/tool_compensate.o
 .group         0x0000000000000000        0xc ./src/tool_compensate/tool_compensate.o
 .note.GNU-stack
                0x0000000000000000        0x0 ./src/tool_compensate/tool_compensate.o
 .note.GNU-stack
                0x0000000000000000        0x0 ./src/tool_compensate/tool_math.o
 .group         0x0000000000000000       0x18 ./src/tool_compensate/tools_comp.o
 .group         0x0000000000000000       0x18 ./src/tool_compensate/tools_comp.o
 .group         0x0000000000000000       0x18 ./src/tool_compensate/tools_comp.o
 .group         0x0000000000000000       0x18 ./src/tool_compensate/tools_comp.o
 .note.GNU-stack
                0x0000000000000000        0x0 ./src/tool_compensate/tools_comp.o
 .note.GNU-stack
                0x0000000000000000        0x0 ./src/pmc/pmc_axis_ctrl.o
 .note.GNU-stack
                0x0000000000000000        0x0 ./src/pmc/pmc_register.o
 .group         0x0000000000000000       0x2c ./src/parameter/parm_manager.o
 .group         0x0000000000000000       0x2c ./src/parameter/parm_manager.o
 .group         0x0000000000000000       0x2c ./src/parameter/parm_manager.o
 .group         0x0000000000000000       0x2c ./src/parameter/parm_manager.o
 .group         0x0000000000000000       0x2c ./src/parameter/parm_manager.o
 .group         0x0000000000000000       0x18 ./src/parameter/parm_manager.o
 .group         0x0000000000000000       0x18 ./src/parameter/parm_manager.o
 .group         0x0000000000000000       0x18 ./src/parameter/parm_manager.o
 .group         0x0000000000000000       0x18 ./src/parameter/parm_manager.o
 .group         0x0000000000000000       0x14 ./src/parameter/parm_manager.o
 .group         0x0000000000000000       0x14 ./src/parameter/parm_manager.o
 .group         0x0000000000000000       0x18 ./src/parameter/parm_manager.o
 .group         0x0000000000000000        0x8 ./src/parameter/parm_manager.o
 .group         0x0000000000000000        0xc ./src/parameter/parm_manager.o
 .group         0x0000000000000000        0x8 ./src/parameter/parm_manager.o
 .group         0x0000000000000000        0xc ./src/parameter/parm_manager.o
 .group         0x0000000000000000        0x8 ./src/parameter/parm_manager.o
 .group         0x0000000000000000        0xc ./src/parameter/parm_manager.o
 .group         0x0000000000000000        0x8 ./src/parameter/parm_manager.o
 .group         0x0000000000000000        0xc ./src/parameter/parm_manager.o
 .group         0x0000000000000000        0x8 ./src/parameter/parm_manager.o
 .group         0x0000000000000000        0xc ./src/parameter/parm_manager.o
 .group         0x0000000000000000        0xc ./src/parameter/parm_manager.o
 .group         0x0000000000000000        0xc ./src/parameter/parm_manager.o
 .group         0x0000000000000000        0xc ./src/parameter/parm_manager.o
 .group         0x0000000000000000        0xc ./src/parameter/parm_manager.o
 .group         0x0000000000000000        0xc ./src/parameter/parm_manager.o
 .note.GNU-stack
                0x0000000000000000        0x0 ./src/parameter/parm_manager.o
 .group         0x0000000000000000       0x14 ./src/compiler/compile_message.o
 .group         0x0000000000000000       0x28 ./src/compiler/compile_message.o
 .group         0x0000000000000000       0x28 ./src/compiler/compile_message.o
[...]
Memory Configuration

Name             Origin             Length             Attributes
*default*        0x0000000000000000 0xffffffffffffffff

Linker script and memory map

LOAD c:/ide/xilinx/sdk/2019.1/gnu/aarch32/nt/gcc-arm-linux-gnueabi/bin/../arm-linux-gnueabihf/libc/usr/lib/crt1.o
LOAD c:/ide/xilinx/sdk/2019.1/gnu/aarch32/nt/gcc-arm-linux-gnueabi/bin/../arm-linux-gnueabihf/libc/usr/lib/crti.o
LOAD c:/ide/xilinx/sdk/2019.1/gnu/aarch32/nt/gcc-arm-linux-gnueabi/bin/../lib/gcc/arm-linux-gnueabihf/8.2.0/crtbegin.o
LOAD ./src/tool_compensate/tool_comp_data.o
LOAD ./src/tool_compensate/tool_compensate.o
LOAD ./src/tool_compensate/tool_math.o
LOAD ./src/tool_compensate/tools_comp.o
LOAD ./src/pmc/pmc_axis_ctrl.o
LOAD ./src/pmc/pmc_register.o
LOAD ./src/parameter/parm_manager.o
LOAD ./src/compiler/compile_message.o
LOAD ./src/compiler/compiler.o
LOAD ./src/compiler/compiler_data.o
LOAD ./src/compiler/lexer.o
LOAD ./src/compiler/parser.o
LOAD ./src/communication/ad_communication.o
LOAD ./src/communication/hmi_communication.o
LOAD ./src/communication/mc_communication.o
LOAD ./src/communication/mc_communication_arm.o
LOAD ./src/communication/mi_communication.o
LOAD ./src/channel/channel_control.o
LOAD ./src/channel/channel_engine.o
LOAD ./src/channel/channel_mode_group.o
LOAD ./src/alarm_processor/alarm_processor.o
LOAD ./src/Algorithm/coord_processor.o
LOAD ./src/geometry_data.o
LOAD ./src/global_structure.o
LOAD ./src/global_var_func.o
LOAD ./src/inifile.o
LOAD ./src/main.o
LOAD ./src/trace.o
LOAD ./src/variable.o
LOAD c:/ide/xilinx/sdk/2019.1/gnu/aarch32/nt/gcc-arm-linux-gnueabi/bin/../arm-linux-gnueabihf/libc/usr/lib/libpthread.so
LOAD D:\FPGA\SC_Module\lib\release\libLitronucLicense.a
LOAD c:/ide/xilinx/sdk/2019.1/gnu/aarch32/nt/gcc-arm-linux-gnueabi/bin/../lib/gcc/arm-linux-gnueabihf/8.2.0/../../../../arm-linux-gnueabihf/lib/libstdc++.so
LOAD c:/ide/xilinx/sdk/2019.1/gnu/aarch32/nt/gcc-arm-linux-gnueabi/bin/../arm-linux-gnueabihf/libc/usr/lib/libm.so
LOAD c:/ide/xilinx/sdk/2019.1/gnu/aarch32/nt/gcc-arm-linux-gnueabi/bin/../lib/gcc/arm-linux-gnueabihf/8.2.0/../../../../arm-linux-gnueabihf/lib/libgcc_s.so
START GROUP
LOAD c:/ide/xilinx/sdk/2019.1/gnu/aarch32/nt/gcc-arm-linux-gnueabi/bin/../lib/gcc/arm-linux-gnueabihf/8.2.0/../../../../arm-linux-gnueabihf/lib\libgcc_s.so.1
LOAD c:/ide/xilinx/sdk/2019.1/gnu/aarch32/nt/gcc-arm-linux-gnueabi/bin/../lib/gcc/arm-linux-gnueabihf/8.2.0\libgcc.a
END GROUP
LOAD c:/ide/xilinx/sdk/2019.1/gnu/aarch32/nt/gcc-arm-linux-gnueabi/bin/../lib/gcc/arm-linux-gnueabihf/8.2.0\libgcc.a
LOAD c:/ide/xilinx/sdk/2019.1/gnu/aarch32/nt/gcc-arm-linux-gnueabi/bin/../arm-linux-gnueabihf/libc/usr/lib/libc.so
START GROUP
LOAD c:\ide\xilinx\sdk\2019.1\gnu\aarch32\nt\gcc-arm-linux-gnueabi\bin\../arm-linux-gnueabihf/libc/lib/libc.so.6
LOAD c:\ide\xilinx\sdk\2019.1\gnu\aarch32\nt\gcc-arm-linux-gnueabi\bin\../arm-linux-gnueabihf/libc/usr/lib/libc_nonshared.a
LOAD c:\ide\xilinx\sdk\2019.1\gnu\aarch32\nt\gcc-arm-linux-gnueabi\bin\../arm-linux-gnueabihf/libc/lib/ld-linux-armhf.so.3
END GROUP
LOAD c:/ide/xilinx/sdk/2019.1/gnu/aarch32/nt/gcc-arm-linux-gnueabi/bin/../lib/gcc/arm-linux-gnueabihf/8.2.0/../../../../arm-linux-gnueabihf/lib/libgcc_s.so
START GROUP
LOAD c:/ide/xilinx/sdk/2019.1/gnu/aarch32/nt/gcc-arm-linux-gnueabi/bin/../lib/gcc/arm-linux-gnueabihf/8.2.0/../../../../arm-linux-gnueabihf/lib\libgcc_s.so.1
LOAD c:/ide/xilinx/sdk/2019.1/gnu/aarch32/nt/gcc-arm-linux-gnueabi/bin/../lib/gcc/arm-linux-gnueabihf/8.2.0\libgcc.a
END GROUP
LOAD c:/ide/xilinx/sdk/2019.1/gnu/aarch32/nt/gcc-arm-linux-gnueabi/bin/../lib/gcc/arm-linux-gnueabihf/8.2.0\libgcc.a
LOAD c:/ide/xilinx/sdk/2019.1/gnu/aarch32/nt/gcc-arm-linux-gnueabi/bin/../lib/gcc/arm-linux-gnueabihf/8.2.0/crtend.o
LOAD c:/ide/xilinx/sdk/2019.1/gnu/aarch32/nt/gcc-arm-linux-gnueabi/bin/../arm-linux-gnueabihf/libc/usr/lib/crtn.o
                [!provide]                        PROVIDE (__executable_start = SEGMENT_START ("text-segment", 0x10000))
                0x0000000000010154                . = (SEGMENT_START ("text-segment", 0x10000) + SIZEOF_HEADERS)

.interp         0x0000000000010154       0x19
 *(.interp)
 .interp        0x0000000000010154       0x19 c:/ide/xilinx/sdk/2019.1/gnu/aarch32/nt/gcc-arm-linux-gnueabi/bin/../arm-linux-gnueabihf/libc/usr/lib/crt1.o

.note.ABI-tag   0x0000000000010170       0x20
 .note.ABI-tag  0x0000000000010170       0x20 c:/ide/xilinx/sdk/2019.1/gnu/aarch32/nt/gcc-arm-linux-gnueabi/bin/../arm-linux-gnueabihf/libc/usr/lib/crt1.o

.note.gnu.build-id
                0x0000000000010190       0x24
 *(.note.gnu.build-id)
 .note.gnu.build-id
                0x0000000000010190       0x24 linker stubs

.hash
 *(.hash)

.gnu.hash       0x00000000000101b4      0x61c
 *(.gnu.hash)
 .gnu.hash      0x00000000000101b4      0x61c c:/ide/xilinx/sdk/2019.1/gnu/aarch32/nt/gcc-arm-linux-gnueabi/bin/../arm-linux-gnueabihf/libc/usr/lib/crt1.o

.dynsym         0x00000000000107d0      0xc80
 *(.dynsym)
 .dynsym        0x00000000000107d0      0xc80 c:/ide/xilinx/sdk/2019.1/gnu/aarch32/nt/gcc-arm-linux-gnueabi/bin/../arm-linux-gnueabihf/libc/usr/lib/crt1.o

.dynstr         0x0000000000011450      0xf88
 *(.dynstr)
 .dynstr        0x0000000000011450      0xf88 c:/ide/xilinx/sdk/2019.1/gnu/aarch32/nt/gcc-arm-linux-gnueabi/bin/../arm-linux-gnueabihf/libc/usr/lib/crt1.o

.gnu.version    0x00000000000123d8      0x190
 *(.gnu.version)
 .gnu.version   0x00000000000123d8      0x190 c:/ide/xilinx/sdk/2019.1/gnu/aarch32/nt/gcc-arm-linux-gnueabi/bin/../arm-linux-gnueabihf/libc/usr/lib/crt1.o

.gnu.version_d  0x0000000000012568        0x0
 *(.gnu.version_d)
 .gnu.version_d
                0x0000000000012568        0x0 c:/ide/xilinx/sdk/2019.1/gnu/aarch32/nt/gcc-arm-linux-gnueabi/bin/../arm-linux-gnueabihf/libc/usr/lib/crt1.o

.gnu.version_r  0x0000000000012568      0x120
 *(.gnu.version_r)
 .gnu.version_r
                0x0000000000012568      0x120 c:/ide/xilinx/sdk/2019.1/gnu/aarch32/nt/gcc-arm-linux-gnueabi/bin/../arm-linux-gnueabihf/libc/usr/lib/crt1.o

.rel.dyn        0x0000000000012688       0x60
 *(.rel.init)
 *(.rel.text .rel.text.* .rel.gnu.linkonce.t.*)
 *(.rel.fini)
 *(.rel.rodata .rel.rodata.* .rel.gnu.linkonce.r.*)
 *(.rel.data.rel.ro .rel.data.rel.ro.* .rel.gnu.linkonce.d.rel.ro.*)
 .rel.data.rel.ro
                0x0000000000012688       0x48 c:/ide/xilinx/sdk/2019.1/gnu/aarch32/nt/gcc-arm-linux-gnueabi/bin/../arm-linux-gnueabihf/libc/usr/lib/crt1.o
 *(.rel.data .rel.data.* .rel.gnu.linkonce.d.*)
 *(.rel.tdata .rel.tdata.* .rel.gnu.linkonce.td.*)
 *(.rel.tbss .rel.tbss.* .rel.gnu.linkonce.tb.*)
 *(.rel.ctors)
 *(.rel.dtors)
 *(.rel.got)
 .rel.got       0x00000000000126d0       0x10 c:/ide/xilinx/sdk/2019.1/gnu/aarch32/nt/gcc-arm-linux-gnueabi/bin/../arm-linux-gnueabihf/libc/usr/lib/crt1.o
 *(.rel.bss .rel.bss.* .rel.gnu.linkonce.b.*)
 .rel.bss       0x00000000000126e0        0x8 c:/ide/xilinx/sdk/2019.1/gnu/aarch32/nt/gcc-arm-linux-gnueabi/bin/../arm-linux-gnueabihf/libc/usr/lib/crt1.o
                [!provide]                        PROVIDE (__rel_iplt_start = .)
 *(.rel.iplt)
 .rel.iplt      0x00000000000126e8        0x0 c:/ide/xilinx/sdk/2019.1/gnu/aarch32/nt/gcc-arm-linux-gnueabi/bin/../arm-linux-gnueabihf/libc/usr/lib/crt1.o
                [!provide]                        PROVIDE (__rel_iplt_end = .)

.rela.dyn       0x00000000000126e8        0x0
 *(.rela.init)
 *(.rela.text .rela.text.* .rela.gnu.linkonce.t.*)
 *(.rela.fini)
 *(.rela.rodata .rela.rodata.* .rela.gnu.linkonce.r.*)
 *(.rela.data .rela.data.* .rela.gnu.linkonce.d.*)
 *(.rela.tdata .rela.tdata.* .rela.gnu.linkonce.td.*)
 *(.rela.tbss .rela.tbss.* .rela.gnu.linkonce.tb.*)
 *(.rela.ctors)
 *(.rela.dtors)
 *(.rela.got)
 *(.rela.bss .rela.bss.* .rela.gnu.linkonce.b.*)
                [!provide]                        PROVIDE (__rela_iplt_start = .)
 *(.rela.iplt)
                [!provide]                        PROVIDE (__rela_iplt_end = .)

.rel.plt        0x00000000000126e8      0x598
 *(.rel.plt)
 .rel.plt       0x00000000000126e8      0x598 c:/ide/xilinx/sdk/2019.1/gnu/aarch32/nt/gcc-arm-linux-gnueabi/bin/../arm-linux-gnueabihf/libc/usr/lib/crt1.o

.rela.plt
 *(.rela.plt)

.init           0x0000000000012c80        0xc
 *(SORT_NONE(.init))
 .init          0x0000000000012c80        0x8 c:/ide/xilinx/sdk/2019.1/gnu/aarch32/nt/gcc-arm-linux-gnueabi/bin/../arm-linux-gnueabihf/libc/usr/lib/crti.o
                0x0000000000012c80                _init
 .init          0x0000000000012c88        0x4 c:/ide/xilinx/sdk/2019.1/gnu/aarch32/nt/gcc-arm-linux-gnueabi/bin/../arm-linux-gnueabihf/libc/usr/lib/crtn.o

.plt            0x0000000000012c8c      0x878
 *(.plt)
 .plt           0x0000000000012c8c      0x878 c:/ide/xilinx/sdk/2019.1/gnu/aarch32/nt/gcc-arm-linux-gnueabi/bin/../arm-linux-gnueabihf/libc/usr/lib/crt1.o
                0x0000000000012ca0                signal@@GLIBC_2.4
                0x0000000000012cac                atan@@GLIBC_2.4
                0x0000000000012cb8                operator new(unsigned int)@@GLIBCXX_3.4
                0x0000000000012cc4                pthread_mutex_lock@@GLIBC_2.4
                0x0000000000012cd0                localtime_r@@GLIBC_2.4
                0x0000000000012cdc                pthread_mutex_init@@GLIBC_2.4
                0x0000000000012ce8                __aeabi_uldivmod@@GCC_3.5
                0x0000000000012cf4                fsync@@GLIBC_2.4
                0x0000000000012d00                sync@@GLIBC_2.4
                0x0000000000012d0c                sqrt@@GLIBC_2.4
                0x0000000000012d18                getpid@@GLIBC_2.4
                0x0000000000012d24                __aeabi_atexit@@CXXABI_ARM_1.3.3
                0x0000000000012d30                isalpha@@GLIBC_2.4
                0x0000000000012d3c                log@@GLIBC_2.4
                0x0000000000012d48                gettimeofday@@GLIBC_2.4
                0x0000000000012d54                recvfrom@@GLIBC_2.4
                0x0000000000012d60                std::basic_filebuf<char, std::char_traits<char> >::close()@@GLIBCXX_3.4
                0x0000000000012d6c                std::__basic_file<char>::is_open() const@@GLIBCXX_3.4
                0x0000000000012d78                strcasecmp@@GLIBC_2.4
                0x0000000000012d84                std::basic_ifstream<char, std::char_traits<char> >::~basic_ifstream()@@GLIBCXX_3.4
                0x0000000000012d90                strtol@@GLIBC_2.4
                0x0000000000012d9c                std::__cxx11::basic_string<char, std::char_traits<char>, std::allocator<char> >::compare(char const*) const@@GLIBCXX_3.4.21
                0x0000000000012da8                free@@GLIBC_2.4
                0x0000000000012db4                __getdelim@@GLIBC_2.4
                0x0000000000012dc0                std::ios_base::ios_base()@@GLIBCXX_3.4
                0x0000000000012dcc                readdir@@GLIBC_2.4
                0x0000000000012dd8                fseek@@GLIBC_2.4
                0x0000000000012de4                std::ios_base::~ios_base()@@GLIBCXX_3.4
                0x0000000000012df0                std::__throw_bad_alloc()@@GLIBCXX_3.4
                0x0000000000012dfc                strncmp@@GLIBC_2.4
                0x0000000000012e08                statfs@@GLIBC_2.4
                0x0000000000012e14                pthread_exit@@GLIBC_2.4
                0x0000000000012e20                std::__cxx11::basic_string<char, std::char_traits<char>, std::allocator<char> >::_M_replace(unsigned int, unsigned int, char const*, unsigned int)@@GLIBCXX_3.4.21
                0x0000000000012e2c                __cxa_begin_catch@@CXXABI_1.3
                0x0000000000012e38                pthread_join@@GLIBC_2.4
                0x0000000000012e44                std::__cxx11::basic_string<char, std::char_traits<char>, std::allocator<char> >::reserve(unsigned int)@@GLIBCXX_3.4.21
                0x0000000000012e50                closedir@@GLIBC_2.4
                0x0000000000012e5c                printf@@GLIBC_2.4
                0x0000000000012e68                strerror@@GLIBC_2.4
                0x0000000000012e74                pthread_attr_setschedpolicy@@GLIBC_2.4
                0x0000000000012e80                stpcpy@@GLIBC_2.4
                0x0000000000012e8c                std::__throw_length_error(char const*)@@GLIBCXX_3.4
                0x0000000000012e98                std::__cxx11::basic_string<char, std::char_traits<char>, std::allocator<char> >::_M_assign(std::__cxx11::basic_string<char, std::char_traits<char>, std::allocator<char> > const&)@@GLIBCXX_3.4.21
                0x0000000000012ea4                feof@@GLIBC_2.4
                0x0000000000012eb0                puts@@GLIBC_2.4
                0x0000000000012ebc                perror@@GLIBC_2.4
                0x0000000000012ec8                asin@@GLIBC_2.4
                0x0000000000012ed4                strtoll@@GLIBC_2.4
                0x0000000000012ee0                syscall@@GLIBC_2.4
                0x0000000000012eec                sendto@@GLIBC_2.4
                0x0000000000012ef8                cos@@GLIBC_2.4
                0x0000000000012f04                exp@@GLIBC_2.4
                0x0000000000012f10                memset@@GLIBC_2.4
                0x0000000000012f1c                std::__cxx11::basic_string<char, std::char_traits<char>, std::allocator<char> >::copy(char*, unsigned int, unsigned int) const@@GLIBCXX_3.4.21
                0x0000000000012f28                opendir@@GLIBC_2.4
                0x0000000000012f34                operator delete(void*, unsigned int)@@CXXABI_1.3.9
                0x0000000000012f40                std::__throw_logic_error(char const*)@@GLIBCXX_3.4
                0x0000000000012f4c                recv@@GLIBC_2.4
                0x0000000000012f58                remove@@GLIBC_2.4
                0x0000000000012f64                listen@@GLIBC_2.4
                0x0000000000012f70                snprintf@@GLIBC_2.4
                0x0000000000012f7c                close@@GLIBC_2.4
                0x0000000000012f88                gmtime@@GLIBC_2.4
                0x0000000000012f94                fopen@@GLIBC_2.4
                0x0000000000012fa0                operator new[](unsigned int)@@GLIBCXX_3.4
                0x0000000000012fac                read@@GLIBC_2.4
                0x0000000000012fb8                abort@@GLIBC_2.4
                0x0000000000012fc4                pow@@GLIBC_2.4
                0x0000000000012fd0                memmove@@GLIBC_2.4
                0x0000000000012fdc                __aeabi_d2lz@@GCC_3.5
                0x0000000000012fe8                fcntl@@GLIBC_2.28
                0x0000000000012ff4                ctime@@GLIBC_2.4
                0x0000000000013000                std::basic_filebuf<char, std::char_traits<char> >::open(char const*, std::_Ios_Openmode)@@GLIBCXX_3.4
                0x000000000001300c                ioctl@@GLIBC_2.4
                0x0000000000013018                localtime@@GLIBC_2.4
                0x0000000000013024                system@@GLIBC_2.4
                0x0000000000013030                inet_ntoa@@GLIBC_2.4
                0x000000000001303c                strcpy@@GLIBC_2.4
                0x0000000000013048                mmap@@GLIBC_2.4
                0x0000000000013054                operator delete(void*)@@GLIBCXX_3.4
                0x0000000000013060                __assert_fail@@GLIBC_2.4
                0x000000000001306c                std::__cxx11::basic_string<char, std::char_traits<char>, std::allocator<char> >::_M_append(char const*, unsigned int)@@GLIBCXX_3.4.21
                0x0000000000013078                ceil@@GLIBC_2.4
                0x0000000000013084                std::__cxx11::basic_string<char, std::char_traits<char>, std::allocator<char> >::find(char, unsigned int) const@@GLIBCXX_3.4.21
                0x0000000000013090                strtod@@GLIBC_2.4
                0x000000000001309c                open@@GLIBC_2.4
                0x00000000000130a8                bind@@GLIBC_2.4
                0x00000000000130b4                std::basic_filebuf<char, std::char_traits<char> >::basic_filebuf()@@GLIBCXX_3.4
                0x00000000000130c0                chmod@@GLIBC_2.4
                0x00000000000130cc                pthread_setcancelstate@@GLIBC_2.4
                0x00000000000130d8                strcat@@GLIBC_2.4
                0x00000000000130e4                pthread_mutex_destroy@@GLIBC_2.4
                0x00000000000130f0                pthread_setcanceltype@@GLIBC_2.4
                0x00000000000130fc                strcasestr@@GLIBC_2.4
                0x0000000000013108                getpagesize@@GLIBC_2.4
                0x0000000000013114                fread@@GLIBC_2.4
                0x0000000000013120                fileno@@GLIBC_2.4
                0x000000000001312c                __aeabi_d2ulz@@GCC_3.5
                0x0000000000013138                __cxa_end_cleanup@@CXXABI_1.3
                0x0000000000013144                socket@@GLIBC_2.4
                0x0000000000013150                std::ctype<char>::_M_widen_init() const@@GLIBCXX_3.4.11
                0x000000000001315c                access@@GLIBC_2.4
                0x0000000000013168                __aeabi_ldivmod@@GCC_3.5
                0x0000000000013174                mkdir@@GLIBC_2.4
                0x0000000000013180                atan2@@GLIBC_2.4
                0x000000000001318c                sem_init@@GLIBC_2.4
                0x0000000000013198                std::__throw_bad_cast()@@GLIBCXX_3.4
                0x00000000000131a4                operator delete[](void*)@@GLIBCXX_3.4
                0x00000000000131b0                operator delete[](void*, unsigned int)@@CXXABI_1.3.9
                0x00000000000131bc                std::basic_ostream<char, std::char_traits<char> >& std::__ostream_insert<char, std::char_traits<char> >(std::basic_ostream<char, std::char_traits<char> >&, char const*, int)@@GLIBCXX_3.4.9
                0x00000000000131c8                pthread_attr_destroy@@GLIBC_2.4
                0x00000000000131d4                setsockopt@@GLIBC_2.4
                0x00000000000131e0                pthread_cancel@@GLIBC_2.4
                0x00000000000131ec                lseek@@GLIBC_2.4
                0x00000000000131f8                __aeabi_idivmod@@GCC_3.5
                0x0000000000013204                std::basic_ios<char, std::char_traits<char> >::init(std::basic_streambuf<char, std::char_traits<char> >*)@@GLIBCXX_3.4
                0x0000000000013210                pthread_attr_setstacksize@@GLIBC_2.4
                0x000000000001321c                sigaction@@GLIBC_2.4
                0x0000000000013228                pthread_attr_init@@GLIBC_2.4
                0x0000000000013234                ftell@@GLIBC_2.4
                0x0000000000013240                std::locale::~locale()@@GLIBCXX_3.4
                0x000000000001324c                __aeabi_uidiv@@GCC_3.5
                0x0000000000013258                __fxstat@@GLIBC_2.4
                0x0000000000013264                sem_post@@GLIBC_2.4
                0x0000000000013270                isspace@@GLIBC_2.4
                0x000000000001327c                __cxa_rethrow@@CXXABI_1.3
                0x0000000000013288                fwrite@@GLIBC_2.4
                0x0000000000013294                std::basic_ofstream<char, std::char_traits<char> >::~basic_ofstream()@@GLIBCXX_3.4
                0x00000000000132a0                sincos@@GLIBC_2.4
                0x00000000000132ac                memcpy@@GLIBC_2.4
                0x00000000000132b8                tan@@GLIBC_2.4
                0x00000000000132c4                std::__throw_out_of_range_fmt(char const*, ...)@@GLIBCXX_3.4.20
                0x00000000000132d0                strlen@@GLIBC_2.4
                0x00000000000132dc                std::ios_base::Init::Init()@@GLIBCXX_3.4
                0x00000000000132e8                munmap@@GLIBC_2.4
                0x00000000000132f4                accept@@GLIBC_2.4
                0x0000000000013300                usleep@@GLIBC_2.4
                0x000000000001330c                std::basic_filebuf<char, std::char_traits<char> >::~basic_filebuf()@@GLIBCXX_3.4
                0x0000000000013318                fclose@@GLIBC_2.4
                0x0000000000013324                write@@GLIBC_2.4
                0x0000000000013330                sprintf@@GLIBC_2.4
                0x000000000001333c                __aeabi_ul2d@@GCC_3.5
                0x0000000000013348                __xstat@@GLIBC_2.4
                0x0000000000013354                __cxa_end_catch@@CXXABI_1.3
                0x0000000000013360                __gxx_personality_v0@@CXXABI_1.3
                0x000000000001336c                pthread_create@@GLIBC_2.4
                0x0000000000013378                __aeabi_l2d@@GCC_3.5
                0x0000000000013384                strcmp@@GLIBC_2.4
                0x0000000000013390                toupper@@GLIBC_2.4
                0x000000000001339c                std::basic_ios<char, std::char_traits<char> >::clear(std::_Ios_Iostate)@@GLIBCXX_3.4
                0x00000000000133a8                std::__cxx11::basic_string<char, std::char_traits<char>, std::allocator<char> >::find(char const*, unsigned int, unsigned int) const@@GLIBCXX_3.4.21
                0x00000000000133b4                time@@GLIBC_2.4
                0x00000000000133c0                std::__cxx11::basic_string<char, std::char_traits<char>, std::allocator<char> >::_M_create(unsigned int&, unsigned int)@@GLIBCXX_3.4.21
                0x00000000000133cc                __errno_location@@GLIBC_2.4
                0x00000000000133d8                send@@GLIBC_2.4
                0x00000000000133e4                sscanf@@GLIBC_2.4
                0x00000000000133f0                strncpy@@GLIBC_2.4
                0x00000000000133fc                towupper@@GLIBC_2.4
                0x0000000000013408                fflush@@GLIBC_2.4
                0x0000000000013414                pthread_attr_setschedparam@@GLIBC_2.4
                0x0000000000013420                memcmp@@GLIBC_2.4
                0x000000000001342c                sigemptyset@@GLIBC_2.4
                0x0000000000013438                strrchr@@GLIBC_2.4
                0x0000000000013444                std::basic_istream<char, std::char_traits<char> >& std::getline<char, std::char_traits<char>, std::allocator<char> >(std::basic_istream<char, std::char_traits<char> >&, std::__cxx11::basic_string<char, std::char_traits<char>, std::allocator<char> >&, char)@@GLIBCXX_3.4.21
                0x0000000000013450                pthread_attr_setinheritsched@@GLIBC_2.4
                0x000000000001345c                std::__basic_file<char>::~__basic_file()@@GLIBCXX_3.4
                0x0000000000013468                sin@@GLIBC_2.4
                0x0000000000013474                __libc_start_main@@GLIBC_2.4
                0x0000000000013480                islower@@GLIBC_2.4
                0x0000000000013498                rename@@GLIBC_2.4
                0x00000000000134a4                __cxa_pure_virtual@@CXXABI_1.3
                0x00000000000134b0                acos@@GLIBC_2.4
                0x00000000000134bc                sem_wait@@GLIBC_2.4
                0x00000000000134c8                strchr@@GLIBC_2.4
                0x00000000000134d4                pthread_mutex_unlock@@GLIBC_2.4
                0x00000000000134e0                vsnprintf@@GLIBC_2.4
                0x00000000000134ec                std::ios_base::Init::~Init()@@GLIBCXX_3.4
                0x00000000000134f8                floor@@GLIBC_2.4

.iplt           0x0000000000013504        0x0
 *(.iplt)
 .iplt          0x0000000000013504        0x0 c:/ide/xilinx/sdk/2019.1/gnu/aarch32/nt/gcc-arm-linux-gnueabi/bin/../arm-linux-gnueabihf/libc/usr/lib/crt1.o

.text           0x0000000000013508    0x95854
 *(.text.unlikely .text.*_unlikely .text.unlikely.*)
 *(.text.exit .text.exit.*)
 *(.text.startup .text.startup.*)
 .text.startup  0x0000000000013508       0x30 ./src/tool_compensate/tool_comp_data.o
 .text.startup  0x0000000000013538       0x30 ./src/tool_compensate/tool_compensate.o
 .text.startup  0x0000000000013568       0x30 ./src/tool_compensate/tool_math.o
 .text.startup  0x0000000000013598       0x30 ./src/tool_compensate/tools_comp.o
 .text.startup  0x00000000000135c8       0x30 ./src/pmc/pmc_axis_ctrl.o
 .text.startup  0x00000000000135f8       0x30 ./src/pmc/pmc_register.o
 .text.startup  0x0000000000013628       0x30 ./src/parameter/parm_manager.o
 .text.startup  0x0000000000013658       0x30 ./src/compiler/compile_message.o
 .text.startup  0x0000000000013688       0x30 ./src/compiler/compiler.o
 .text.startup  0x00000000000136b8       0x30 ./src/compiler/compiler_data.o
 .text.startup  0x00000000000136e8       0x30 ./src/compiler/lexer.o
 .text.startup  0x0000000000013718       0x30 ./src/compiler/parser.o
 .text.startup  0x0000000000013748       0x30 ./src/communication/ad_communication.o
 .text.startup  0x0000000000013778       0x30 ./src/communication/hmi_communication.o
 .text.startup  0x00000000000137a8       0x30 ./src/communication/mc_communication.o
 .text.startup  0x00000000000137d8       0x30 ./src/communication/mc_communication_arm.o
 .text.startup  0x0000000000013808       0x30 ./src/communication/mi_communication.o
 .text.startup  0x0000000000013838       0x30 ./src/channel/channel_control.o
 .text.startup  0x0000000000013868       0x30 ./src/channel/channel_engine.o
 .text.startup  0x0000000000013898       0x30 ./src/channel/channel_mode_group.o
 .text.startup  0x00000000000138c8       0x30 ./src/alarm_processor/alarm_processor.o
 .text.startup  0x00000000000138f8       0x30 ./src/Algorithm/coord_processor.o
 .text.startup  0x0000000000013928       0x30 ./src/geometry_data.o
 .text.startup  0x0000000000013958       0x30 ./src/global_structure.o
 .text.startup  0x0000000000013988       0x30 ./src/global_var_func.o
 .text.startup  0x00000000000139b8       0x30 ./src/inifile.o
 .text.startup  0x00000000000139e8      0x198 ./src/main.o
                0x00000000000139e8                main
 .text.startup  0x0000000000013b80       0x30 ./src/trace.o
 .text.startup  0x0000000000013bb0       0x30 ./src/variable.o
 .text.startup  0x0000000000013be0       0x3c D:\FPGA\SC_Module\lib\release\libLitronucLicense.a(license_interface.o)
 .text.startup  0x0000000000013c1c       0x30 D:\FPGA\SC_Module\lib\release\libLitronucLicense.a(litronuc_des.o)
 *(.text.hot .text.hot.*)
 *(.text .stub .text.* .gnu.linkonce.t.*)
 .text          0x0000000000013c4c       0x3c c:/ide/xilinx/sdk/2019.1/gnu/aarch32/nt/gcc-arm-linux-gnueabi/bin/../arm-linux-gnueabihf/libc/usr/lib/crt1.o
                0x0000000000013c4c                _start
 .text          0x0000000000013c88       0x24 c:/ide/xilinx/sdk/2019.1/gnu/aarch32/nt/gcc-arm-linux-gnueabi/bin/../arm-linux-gnueabihf/libc/usr/lib/crti.o
 .text          0x0000000000013cac       0x90 c:/ide/xilinx/sdk/2019.1/gnu/aarch32/nt/gcc-arm-linux-gnueabi/bin/../lib/gcc/arm-linux-gnueabihf/8.2.0/crtbegin.o
 *fill*         0x0000000000013d3c        0x4 
 .text          0x0000000000013d40      0x4d8 ./src/tool_compensate/tool_comp_data.o
                0x0000000000013d40                DataLine::GetLength()
                0x0000000000013d64                DataLine::offset(ToolOffset const&)
                0x0000000000013e18                PointRec::GetData()
                0x0000000000013e58                PointRec::SetData(DataPoint const&)
                0x0000000000013e6c                LineRec::GetData()
                0x0000000000013ed8                LineRec::SetData(DataLine const&)
                0x0000000000013f08                CircleRec::GetData()
                0x0000000000013f84                CircleRec::SetData(DataCircle const&)
                0x0000000000013fc4                ArcRec::GetData()
                0x0000000000014068                ArcRec::SetData(DataArc const&)
                0x00000000000140b8                GeometryRec::GeometryRec()
                0x00000000000140b8                GeometryRec::GeometryRec()
                0x0000000000014124                GeometryRec::GeometryRec(int)
                0x0000000000014124                GeometryRec::GeometryRec(int)
                0x000000000001418c                GeometryRec::getTool()
 .text          0x0000000000014218      0x508 ./src/tool_compensate/tool_compensate.o
                0x0000000000014284                ToolCompensate::~ToolCompensate()
                0x0000000000014284                ToolCompensate::~ToolCompensate()
                0x00000000000142d8                ToolCompensate::~ToolCompensate()
                0x00000000000143d8                ToolCompensate::ToolCompensate()
                0x00000000000143d8                ToolCompensate::ToolCompensate()
                0x00000000000144a8                ToolCompensate::ResetAllDatas()
                0x0000000000014500                ToolCompensate::SetChannelIndex(unsigned char)
                0x0000000000014524                ToolCompensate::StateMachine()
                0x0000000000014658                ToolCompensate::CompensateOut()
                0x00000000000146e4                ToolCompensate::ProcessData(ListNode<RecordMsg*>*)
 .text._ZN10ListBufferIP9RecordMsgED2Ev
                0x0000000000014720       0x44 ./src/tool_compensate/tool_compensate.o
                0x0000000000014720                ListBuffer<RecordMsg*>::~ListBuffer()
                0x0000000000014720                ListBuffer<RecordMsg*>::~ListBuffer()
 .text._ZN10ListBufferIP9RecordMsgED0Ev
                0x0000000000014764       0x20 ./src/tool_compensate/tool_compensate.o
                0x0000000000014764                ListBuffer<RecordMsg*>::~ListBuffer()
 *fill*         0x0000000000014784        0x4 
 .text          0x0000000000014788     0x1730 ./src/tool_compensate/tool_math.o
                0x0000000000014788                Sqrt(double)
                0x00000000000147d8                MyRoundPos(double, double)
                0x0000000000014818                NearestAng(double, double&)
                0x0000000000014898                AngChangeTo0_360(double)
                0x00000000000148f0                AngleJudgeBySoftLmt(double*, double&)
                0x0000000000014998                JudgeRotateAngBySoftlmtdistance(double*, double, double)
                0x0000000000014a00                JudgeRotateAngByMovedistance(double, double, double, double, double, double, double&, double&)
                0x0000000000014a68                MatrixMultiplication(double (*) [4], double (*) [4], double (*) [4])
                0x0000000000014ad0                MatrixMultiplication1(double*, double*, double*)
                0x0000000000014b88                getDirection(DPlane const&, DPlane const&, DPlane const&)
                0x0000000000014bf8                VaryPlane(DPointChn const&, int)
                0x0000000000014c40                arcmath(DPlane const&, DPlane const&)
                0x0000000000014d60                arcmath1(DPlane const&, DPlane const&)
                0x0000000000014e60                GetAngle(DPlane const&, DPlane const&, DPlane const&, int)
                0x0000000000014ed8                getQuadrant(DPlane const&, DPlane const&, int)
                0x0000000000014fb0                getArcField(DataArc const&, DPlane&, DPlane&)
                0x00000000000151f4                ArcAdjust(DataArc&, int)
                0x0000000000015358                ArcAdjust(DataArc&)
                0x0000000000015588                ArcAdjust(DataCircle&)
                0x0000000000015604                stdcircle(DPlane const&, double, double*)
                0x0000000000015650                stdline(DPlane const&, DPlane const&, double*)
                0x00000000000156c8                vertline(double const*, DPlane const&, double*)
                0x0000000000015780                linecrfline(double*, double*, DPlane&)
                0x0000000000015800                linecrfline(DataLine const&, DataLine const&, DPlane&)
                0x0000000000015860                linecrfcir(DataLine const&, double*, DPlane*)
                0x0000000000015a48                circrfcir(double*, double*, DPlane*)
                0x0000000000015cf8                veccrfvec(DataLine*, DataLine*)
 .text          0x0000000000015eb8     0x908c ./src/tool_compensate/tools_comp.o
                0x0000000000015eb8                CompensateTroop::empty()
                0x0000000000015f84                CompensateTroop::~CompensateTroop()
                0x0000000000015f84                CompensateTroop::~CompensateTroop()
                0x0000000000015fd4                CompensateTroop::~CompensateTroop()
                0x0000000000016058                DataLine::length_offset(ToolOffset&, int)
                0x0000000000016108                DataLine::InitData()
                0x0000000000016124                DataArc::getAngle()
                0x00000000000161a0                CompensateTroop::CompensateTroop()
                0x00000000000161a0                CompensateTroop::CompensateTroop()
                0x00000000000162b0                CompensateTroop::ResetAllDatas()
                0x00000000000162d4                CompensateTroop::GetLength2(double*, double*)
                0x00000000000162f8                CompensateTroop::pointtoline(DPointChn&, PointRec&)
                0x0000000000016360                CompensateTroop::lathe_tool_radius(ToolRec const&)
                0x00000000000163a0                CompensateTroop::lathe_tool_dir(ToolRec const&)
                0x00000000000163b0                CompensateTroop::tool_radius(ToolRec const&)
                0x0000000000016410                CompensateTroop::tool_offset(ToolRec&)
                0x0000000000016470                CompensateTroop::setStart(DPointChn const&)
                0x0000000000016498                CompensateTroop::setStartCompState()
                0x00000000000164ac                DoubleEqual(double, double)
                0x00000000000164c4                CompensateTroop::isCompensateEndData(int)
                0x00000000000164dc                CompensateTroop::isRunData(int)
                0x00000000000164ec                CompensateTroop::isPointLineData(int)
                0x0000000000016500                CompensateTroop::isNoCompensateData(int)
                0x0000000000016518                CompensateTroop::compensateRadiusValid(double)
                0x0000000000016540                CompensateTroop::getDataTarget(GeometryRec)
                0x00000000000165c8                CompensateTroop::GetAPlaneMoveData(int, int, GeometryRec&)
                0x00000000000165d0                CompensateTroop::getLatheOffset1(DataLine&, ToolRec&)
                0x0000000000016620                CompensateTroop::getLatheOffset2(DataLine&, ToolRec&)
                0x0000000000016670                GetLineVector(DataLine&)
                0x00000000000166a8                GetVectorDotProduct(DPlane, DPlane)
                0x00000000000166c4                GetVectorCrossProduct(DPlane, DPlane)
                0x00000000000166e0                CompensateTroop::modifyLineCross(LineRec&, LineRec&)
                0x0000000000016858                initCorner(ArcRec const&)
                0x0000000000016920                initCorner(LineRec const&)
                0x0000000000016980                initCorner(ToolRec const&, DPointChn const&, int)
                0x00000000000169e0                lineVector(DataLine const&, DPlane&)
                0x0000000000016a78                GetVecScalarProduct(DPlane&, DPlane&)
                0x0000000000016a94                arcc(DPlane&, DPlane&)
                0x0000000000016b78                ArcVector(DataArc const&, DPlane const&, DPlane&)
                0x0000000000016c10                ArcLine(DataArc const&, DPlane const&, double*)
                0x0000000000016cc8                Transition_Type(DPlane*, DPlane*, int)
                0x0000000000016da8                planeconv(LineRec&, DPointChn&)
                0x0000000000016e18                CompensateTroop::line_end(LineRec&)
                0x0000000000016ee4                CompensateTroop::point_end(PointRec&)
                0x0000000000016f70                CompensateTroop::GetADataAt(int)
                0x0000000000017158                CompensateTroop::getRunDataIndex(int)
                0x00000000000171b8                CompensateTroop::getCompensateEndDataIndex(int)
                0x0000000000017220                CompensateTroop::notCompensateDataCount(int)
                0x00000000000172b8                CompensateTroop::getCompensateDir(int)
                0x0000000000017358                CompensateTroop::getCompensateRadius(int)
                0x0000000000017388                CompensateTroop::hasCompensateRadius(int)
                0x00000000000173d8                CompensateTroop::getDataTarget(int)
                0x0000000000017454                CompensateTroop::GetAMoveData(int, int, GeometryRec&)
                0x00000000000177b0                CompensateTroop::getDataType(int)
                0x00000000000177f8                CompensateTroop::getLineRec(DPointChn&, int)
                0x0000000000017898                CompensateTroop::latheCompensateHandle(int, int)
                0x0000000000017b08                CompensateTroop::findNextMove(double, double)
                0x0000000000017d74                CompensateTroop::GetFeedLineBlockAt(unsigned int, double&, unsigned long long&, bool&)
                0x0000000000017e1c                CompensateTroop::RefreshDataAt(int, GeometryRec)
                0x0000000000017f30                CompensateTroop::InsertErrorData(int, int)
                0x0000000000018038                DataCircle::offset(ToolOffset const&, void*, bool*)
                0x0000000000018178                CompensateTroop::cir_end(CircleRec&)
                0x000000000001824c                DataArc::offset(ToolOffset const&, void*, bool*)
                0x0000000000018518                CompensateTroop::arc_end(ArcRec&)
                0x0000000000018600                CompensateTroop::latheCompensate()
                0x0000000000018964                CompensateTroop::cir_cir(CircleRec&, CircleRec&)
                0x0000000000018b18                CompensateTroop::arc_cir(CircleRec&, ArcRec&)
                0x0000000000018ea0                CompensateTroop::line_cir(CircleRec&, LineRec&)
                0x0000000000019218                CompensateTroop::point_circle(CircleRec&, PointRec&)
                0x0000000000019358                CompensateTroop::arc_cir(ArcRec&, CircleRec&)
                0x00000000000196e8                CompensateTroop::arc_arc(ArcRec&, ArcRec&)
                0x000000000001a1b0                CompensateTroop::line_arc(ArcRec&, LineRec&)
                0x000000000001b0a4                CompensateTroop::point_arc(ArcRec&, PointRec&)
                0x000000000001b1ec                CompensateTroop::line_cir(LineRec&, CircleRec&)
                0x000000000001b5f0                CompensateTroop::point_circle(PointRec&, CircleRec&)
                0x000000000001b738                CompensateTroop::line_arc(LineRec&, ArcRec&)
                0x000000000001c748                CompensateTroop::point_arc(PointRec&, ArcRec&)
                0x000000000001c89c                CompensateTroop::point_line(LineRec&, PointRec&)
                0x000000000001cb68                CompensateTroop::line_line(LineRec&, LineRec&)
                0x000000000001d708                CompensateTroop::point_line(PointRec&, LineRec&)
                0x000000000001d940                CompensateTroop::point_point(PointRec&, PointRec&)
                0x000000000001dbd8                CompensateTroop::Compensate()
 .text._ZN15CompensateTroop8freeItemEPv
                0x000000000001ef44        0xc ./src/tool_compensate/tools_comp.o
                0x000000000001ef44                CompensateTroop::freeItem(void*)
 .text._ZN6ArcRecC2Ev
                0x000000000001ef50       0x28 ./src/tool_compensate/tools_comp.o
                0x000000000001ef50                ArcRec::ArcRec()
                0x000000000001ef50                ArcRec::ArcRec()
 .text._ZN10ListBufferIP9RecordMsgE2atEj
                0x000000000001ef78       0x54 ./src/tool_compensate/tools_comp.o
                0x000000000001ef78                ListBuffer<RecordMsg*>::at(unsigned int)
 .text._ZN10ListBufferIP9RecordMsgE6DeleteEP8ListNodeIS1_Eb
                0x000000000001efcc      0x100 ./src/tool_compensate/tools_comp.o
                0x000000000001efcc                ListBuffer<RecordMsg*>::Delete(ListNode<RecordMsg*>*, bool)
 *fill*         0x000000000001f0cc        0x4 
 .text          0x000000000001f0d0     0x1058 ./src/pmc/pmc_axis_ctrl.o
                0x000000000001f0d0                PmcAxisCtrl::~PmcAxisCtrl()
                0x000000000001f0d0                PmcAxisCtrl::~PmcAxisCtrl()
                0x000000000001f0d4                PmcAxisCtrl::~PmcAxisCtrl()
                0x000000000001f600                PmcAxisCtrl::PmcAxisCtrl()
                0x000000000001f600                PmcAxisCtrl::PmcAxisCtrl()
                0x000000000001f63c                PmcAxisCtrl::SetGroupIndex(unsigned char)
                0x000000000001f704                PmcAxisCtrl::Active(bool)
                0x000000000001f7cc                PmcAxisCtrl::GetRecvBufIndex()
                0x000000000001f7fc                PmcAxisCtrl::SetBuffState(bool)
                0x000000000001f8c8                PmcAxisCtrl::SetStepStop(bool)
                0x000000000001f8f0                PmcAxisCtrl::Reset()
                0x000000000001fbe8                PmcAxisCtrl::Pause(bool)
                0x000000000001fc88                PmcAxisCtrl::WriteCmd(PmcAxisCtrlCmd&)
                0x000000000001fef0                PmcAxisCtrl::ExecCmdOver(bool)
                0x0000000000020118                PmcAxisCtrl::ExecuteCmd()
 .text          0x0000000000020128     0x1744 ./src/pmc/pmc_register.o
                0x0000000000020128                PmcRegister::~PmcRegister()
                0x0000000000020128                PmcRegister::~PmcRegister()
                0x0000000000020158                PmcRegister::~PmcRegister()
                0x0000000000020194                PmcRegister::InitRegFile()
                0x00000000000203a8                PmcRegister::Initialize()
                0x0000000000020a1c                PmcRegister::PmcRegister()
                0x0000000000020a1c                PmcRegister::PmcRegister()
                0x0000000000020a3c                PmcRegister::GetRegPtr8(PmcRegSection)
                0x0000000000020b24                PmcRegister::SetRegValue(PmcRegSection, unsigned short, unsigned char)
                0x0000000000020d2c                PmcRegister::SetRegValue(PmcRegSection, unsigned short, unsigned short)
                0x0000000000020e2c                PmcRegister::SetRegBitValue(PmcRegSection, unsigned short, unsigned char, unsigned char, unsigned int)
                0x0000000000020f44                PmcRegister::GetRegValue(PmcRegSection, unsigned short, unsigned char&)
                0x000000000002119c                PmcRegister::GetRegValue(PmcRegSection, unsigned short, unsigned short&)
                0x0000000000021268                PmcRegister::GetRegValue(PmcRegSection, unsigned short, int&)
                0x0000000000021294                PmcRegister::GetRegValueMulti(PmcRegSection, unsigned short, unsigned short, unsigned char*)
                0x0000000000021590                PmcRegister::GetRegValueMulti(PmcRegSection, unsigned short, unsigned short, unsigned short*)
                0x0000000000021670                PmcRegister::SaveRegData()
 *fill*         0x000000000002186c        0x4 
 .text          0x0000000000021870    0x25784 ./src/parameter/parm_manager.o
                0x0000000000021b9c                ParmManager::ParmManager()
                0x0000000000021b9c                ParmManager::ParmManager()
                0x0000000000021ed8                ParmManager::~ParmManager()
                0x0000000000021ed8                ParmManager::~ParmManager()
                0x0000000000022640                ParmManager::GetInstance()
                0x000000000002268c                ParmManager::ActiveFiveAxisParam(unsigned short, unsigned int, ParamValue&)
                0x0000000000022ab0                ParmManager::SaveParm(ParmType)
                0x0000000000022cc8                ParmManager::SaveAllParm()
                0x0000000000022d18                ParmManager::GetChannelConfig(int)
                0x0000000000022d44                ParmManager::GetChnProcessParam(int)
                0x0000000000022d70                ParmManager::ActiveCoordParam(unsigned char)
                0x0000000000022eac                ParmManager::ActiveToolOffsetParam(unsigned char)
                0x0000000000022fa4                ParmManager::ActiveChnProcParam(unsigned char, unsigned int, ParamValue&, unsigned char)
                0x0000000000023338                ParmManager::ActiveAxisProcParam(unsigned char, unsigned int, ParamValue&, unsigned char)
                0x0000000000023514                ParmManager::ActiveSystemParam(unsigned int, ParamValue&)
                0x0000000000023810                ParmManager::ActiveChnParam(unsigned char, unsigned int, ParamValue&, unsigned char)
                0x0000000000024644                ParmManager::ActiveAxisParam(unsigned char, unsigned int, ParamValue&, unsigned char)
                0x0000000000025df0                ParmManager::ActiveParam(ParamUpdate*)
                0x0000000000025ec4                ParmManager::ActiveProcParam(ProcParamUpdate*)
                0x0000000000025fdc                ParmManager::GetPmcAxisCount()
                0x000000000002603c                ParmManager::ActiveParam(ParamUpdate*, unsigned char)
                0x00000000000260cc                ParmManager::ActiveProcParam(ProcParamUpdate*, unsigned char)
                0x0000000000026128                ParmManager::ActiveResetParam()
                0x00000000000261c4                ParmManager::ActiveNewStartParam()
                0x000000000002628c                ParmManager::UpdateChnParam(unsigned char, unsigned int, ParamValue&)
                0x0000000000027c94                ParmManager::UpdateAxisParam(unsigned char, unsigned int, ParamValue&)
                0x000000000002bea8                ParmManager::UpdateExCoordConfig(unsigned short, unsigned char, HmiCoordConfig&, bool)
                0x000000000002c0a4                ParmManager::UpdateCoordConfig(unsigned short, unsigned char, HmiCoordConfig&, bool)
                0x000000000002c2b8                ParmManager::UpdatePcData(unsigned char, bool, unsigned short, unsigned short, double*)
                0x000000000002c508                ParmManager::GetCurTool(unsigned char)
                0x000000000002c620                ParmManager::GetCurProcParamIndex(unsigned char)
                0x000000000002c740                ParmManager::GetCurWorkPiece(unsigned char)
                0x000000000002c85c                ParmManager::SetCurTool(unsigned char, unsigned char)
                0x000000000002c974                ParmManager::SetCurWorkPiece(unsigned char, unsigned int)
                0x000000000002ca94                ParmManager::SetCurProcParamIndex(unsigned char, unsigned char)
                0x000000000002cbb4                ParmManager::UpdateToolMeasure(unsigned short, unsigned char, double const&)
                0x000000000002ccf4                ParmManager::UpdateToolRadiusWear(unsigned short, unsigned char, double const&)
                0x000000000002ce28                ParmManager::UpdateToolWear(unsigned short, unsigned char, double const&)
                0x000000000002cf5c                ParmManager::UpdateToolRadiusGeo(unsigned short, unsigned char, double const&)
                0x000000000002d090                ParmManager::UpdateAxisRef(unsigned char, long long)
                0x000000000002d1e8                ParmManager::GetCurNcFile(unsigned char, char*)
                0x000000000002d3a8                ParmManager::SetCurNcFile(unsigned char, char*)
                0x000000000002d510                ParmManager::UpdateToolPotConfig(unsigned short, bool)
                0x000000000002d920                ParmManager::UpdateToolPotConfig(unsigned short, SCToolPotConfig&)
                0x000000000002dd38                ParmManager::UpdateToolOffsetConfig(unsigned short, unsigned char, HmiToolOffsetConfig&, bool)
                0x000000000002e2cc                ParmManager::UpdateIoRemapInfo(IoRemapInfo&)
                0x000000000002ed1c                ParmManager::ReadAxisProcParam()
                0x000000000002fce4                ParmManager::ReadToolConfig()
                0x0000000000030dd0                ParmManager::UpdateAxisProcParam(unsigned char, unsigned char, unsigned int, ParamValue&)
                0x000000000003139c                ParmManager::ReadChnStateScene()
                0x000000000003183c                ParmManager::ReadChnProcParam()
                0x0000000000033764                ParmManager::ReadIoRemapConfig()
                0x0000000000033eac                ParmManager::ChangeChnProcParamIndex(unsigned char, unsigned char)
                0x0000000000035268                ParmManager::ReadSysConfig()
                0x0000000000036934                ParmManager::ReadPcData()
                0x0000000000037274                ParmManager::UpdateChnProcParam(unsigned char, unsigned char, unsigned int, ParamValue&)
                0x0000000000037da4                ParmManager::UpdateProcParam(ProcParamUpdate*, unsigned char)
                0x0000000000037e68                ParmManager::ReadExCoordConfig()
                0x0000000000038468                ParmManager::ReadFiveAxisConfig()
                0x000000000003a168                ParmManager::ReadCoordConfig()
                0x000000000003a690                ParmManager::ReadChnConfig()
                0x000000000003e314                ParmManager::UpdateFiveAxisParam(unsigned short, unsigned int, ParamValue&)
                0x000000000003f200                ParmManager::UpdateSystemParam(unsigned int, ParamValue&)
                0x000000000003ffd8                ParmManager::UpdateParameter(ParamUpdate*, unsigned char)
                0x000000000004013c                ParmManager::ReadAxisConfig()
                0x0000000000046da8                ParmManager::ReadParm(ParmType)
                0x0000000000046f90                ParmManager::InitParm()
 .text._ZN10ListBufferI11IoRemapInfoED2Ev
                0x0000000000046ff4       0x44 ./src/parameter/parm_manager.o
                0x0000000000046ff4                ListBuffer<IoRemapInfo>::~ListBuffer()
                0x0000000000046ff4                ListBuffer<IoRemapInfo>::~ListBuffer()
 .text._ZN10ListBufferI11IoRemapInfoED0Ev
                0x0000000000047038       0x20 ./src/parameter/parm_manager.o
                0x0000000000047038                ListBuffer<IoRemapInfo>::~ListBuffer()
 .text._ZN10ListBufferI15ProcParamUpdateED2Ev
                0x0000000000047058       0x44 ./src/parameter/parm_manager.o
                0x0000000000047058                ListBuffer<ProcParamUpdate>::~ListBuffer()
                0x0000000000047058                ListBuffer<ProcParamUpdate>::~ListBuffer()
 .text._ZN10ListBufferI15ProcParamUpdateED0Ev
                0x000000000004709c       0x20 ./src/parameter/parm_manager.o
                0x000000000004709c                ListBuffer<ProcParamUpdate>::~ListBuffer()
 .text._ZN10ListBufferI11CoordUpdateED2Ev
                0x00000000000470bc       0x88 ./src/parameter/parm_manager.o
                0x00000000000470bc                ListBuffer<CoordUpdate>::~ListBuffer()
                0x00000000000470bc                ListBuffer<CoordUpdate>::~ListBuffer()
 .text._ZN10ListBufferI11CoordUpdateED0Ev
                0x0000000000047144       0x20 ./src/parameter/parm_manager.o
                0x0000000000047144                ListBuffer<CoordUpdate>::~ListBuffer()
 .text._ZN10ListBufferI16ToolOffsetUpdateED2Ev
                0x0000000000047164       0x88 ./src/parameter/parm_manager.o
                0x0000000000047164                ListBuffer<ToolOffsetUpdate>::~ListBuffer()
                0x0000000000047164                ListBuffer<ToolOffsetUpdate>::~ListBuffer()
 .text._ZN10ListBufferI16ToolOffsetUpdateED0Ev
                0x00000000000471ec       0x20 ./src/parameter/parm_manager.o
                0x00000000000471ec                ListBuffer<ToolOffsetUpdate>::~ListBuffer()
 .text._ZN10ListBufferI11ParamUpdateED2Ev
                0x000000000004720c       0x88 ./src/parameter/parm_manager.o
                0x000000000004720c                ListBuffer<ParamUpdate>::~ListBuffer()
                0x000000000004720c                ListBuffer<ParamUpdate>::~ListBuffer()
 .text._ZN10ListBufferI11ParamUpdateED0Ev
                0x0000000000047294       0x20 ./src/parameter/parm_manager.o
                0x0000000000047294                ListBuffer<ParamUpdate>::~ListBuffer()
 .text._ZN10ListBufferI11IoRemapInfoE6AppendERKS0_
                0x00000000000472b4       0xe0 ./src/parameter/parm_manager.o
                0x00000000000472b4                ListBuffer<IoRemapInfo>::Append(IoRemapInfo const&)
 .text._ZN10ListBufferI11CoordUpdateE6AppendERKS0_
                0x0000000000047394       0xb4 ./src/parameter/parm_manager.o
                0x0000000000047394                ListBuffer<CoordUpdate>::Append(CoordUpdate const&)
 .text._ZN10ListBufferI11ParamUpdateE6AppendERKS0_
                0x0000000000047448       0xd0 ./src/parameter/parm_manager.o
                0x0000000000047448                ListBuffer<ParamUpdate>::Append(ParamUpdate const&)
 .text._ZN10ListBufferI15ProcParamUpdateE6AppendERKS0_
                0x0000000000047518       0xe0 ./src/parameter/parm_manager.o
                0x0000000000047518                ListBuffer<ProcParamUpdate>::Append(ProcParamUpdate const&)
 .text._ZN10ListBufferI11ParamUpdateE10RemoveNodeEP8ListNodeIS0_E
                0x00000000000475f8       0x94 ./src/parameter/parm_manager.o
                0x00000000000475f8                ListBuffer<ParamUpdate>::RemoveNode(ListNode<ParamUpdate>*)
 .text._ZN10ListBufferI15ProcParamUpdateE10RemoveNodeEP8ListNodeIS0_E
                0x000000000004768c       0x94 ./src/parameter/parm_manager.o
                0x000000000004768c                ListBuffer<ProcParamUpdate>::RemoveNode(ListNode<ProcParamUpdate>*)
 .text._ZNSt7__cxx1112basic_stringIcSt11char_traitsIcESaIcEE12_M_constructIPKcEEvT_S8_St20forward_iterator_tag
                0x0000000000047720       0xb0 ./src/parameter/parm_manager.o
                0x0000000000047720                void std::__cxx11::basic_string<char, std::char_traits<char>, std::allocator<char> >::_M_construct<char const*>(char const*, char const*, std::forward_iterator_tag)
 .text          0x00000000000477d0     0x5490 ./src/compiler/compile_message.o
                0x00000000000477d0                CompensateMsg::Execute()
                0x00000000000477d0                TimeWaitMsg::Execute()
                0x00000000000477d0                SpindleCheckMsg::Execute()
                0x00000000000477d0                PolarIntpMsg::Execute()
                0x00000000000477d0                AutoToolMeasureMsg::Execute()
                0x00000000000477d0                SubProgReturnMsg::Execute()
                0x00000000000477d0                LoopMsg::Execute()
                0x00000000000477d0                ClearCirclePosMsg::Execute()
                0x00000000000477d0                SpeedMsg::Execute()
                0x00000000000477d0                SpeedCtrlMsg::ChangeUint()
                0x00000000000477d0                AuxMsg::Execute()
                0x00000000000477d0                CoordMsg::Execute()
                0x00000000000477d0                ArcMsg::Execute()
                0x00000000000477d0                TorqueCtrlMsg::Execute()
                0x00000000000477d0                SkipMsg::Execute()
                0x00000000000477d0                FeedMsg::Execute()
                0x00000000000477d0                SpeedCtrlMsg::Execute()
                0x00000000000477d0                SubProgCallMsg::Execute()
                0x00000000000477d0                RestartOverMsg::Execute()
                0x00000000000477d0                ToolMsg::Execute()
                0x00000000000477d0                MacroProgCallMsg::Execute()
                0x00000000000477d0                ErrorMsg::Execute()
                0x00000000000477d0                MacroCmdMsg::Execute()
                0x00000000000477d0                RapidMsg::Execute()
                0x00000000000477d0                ModeMsg::Execute()
                0x00000000000477d0                LineMsg::Execute()
                0x00000000000477d0                RefReturnMsg::Execute()
                0x00000000000477d0                MoveMsg::Execute()
                0x00000000000477d4                CompensateMsg::SetData(void*)
                0x00000000000477d4                SkipMsg::GetData(void*)
                0x00000000000477d4                RestartOverMsg::GetData(void*)
                0x00000000000477d4                TorqueCtrlMsg::SetData(void*)
                0x00000000000477d4                SkipMsg::SetData(void*)
                0x00000000000477d4                SpeedMsg::GetData(void*)
                0x00000000000477d4                TorqueCtrlMsg::GetData(void*)
                0x00000000000477d4                RefReturnMsg::GetData(void*)
                0x00000000000477d4                AutoToolMeasureMsg::GetData(void*)
                0x00000000000477d4                RestartOverMsg::SetData(void*)
                0x00000000000477d4                PolarIntpMsg::SetData(void*)
                0x00000000000477d4                MacroCmdMsg::GetData(void*)
                0x00000000000477d4                MoveMsg::GetData(void*)
                0x00000000000477d4                PolarIntpMsg::GetData(void*)
                0x00000000000477d4                LoopMsg::GetData(void*)
                0x00000000000477d4                SpindleCheckMsg::GetData(void*)
                0x00000000000477d4                SpeedCtrlMsg::SetData(void*)
                0x00000000000477d4                MacroProgCallMsg::SetData(void*)
                0x00000000000477d4                SpindleCheckMsg::SetData(void*)
                0x00000000000477d4                SubProgCallMsg::GetData(void*)
                0x00000000000477d4                CoordMsg::SetData(void*)
                0x00000000000477d4                TimeWaitMsg::SetData(void*)
                0x00000000000477d4                SpeedCtrlMsg::GetData(void*)
                0x00000000000477d4                SubProgCallMsg::SetData(void*)
                0x00000000000477d4                AutoToolMeasureMsg::SetData(void*)
                0x00000000000477d4                ToolMsg::GetData(void*)
                0x00000000000477d4                FeedMsg::SetData(void*)
                0x00000000000477d4                CompensateMsg::GetData(void*)
                0x00000000000477d4                MacroCmdMsg::SetData(void*)
                0x00000000000477d4                TimeWaitMsg::GetData(void*)
                0x00000000000477d4                RapidMsg::SetData(void*)
                0x00000000000477d4                AuxMsg::GetData(void*)
                0x00000000000477d4                LoopMsg::SetData(void*)
                0x00000000000477d4                ErrorMsg::GetData(void*)
                0x00000000000477d4                ClearCirclePosMsg::SetData(void*)
                0x00000000000477d4                CoordMsg::GetData(void*)
                0x00000000000477d4                SubProgReturnMsg::SetData(void*)
                0x00000000000477d4                ToolMsg::SetData(void*)
                0x00000000000477d4                ArcMsg::GetData(void*)
                0x00000000000477d4                LineMsg::GetData(void*)
                0x00000000000477d4                FeedMsg::GetData(void*)
                0x00000000000477d4                ModeMsg::SetData(void*)
                0x00000000000477d4                SubProgReturnMsg::GetData(void*)
                0x00000000000477d4                LineMsg::SetData(void*)
                0x00000000000477d4                ModeMsg::GetData(void*)
                0x00000000000477d4                RapidMsg::GetData(void*)
                0x00000000000477d4                RefReturnMsg::SetData(void*)
                0x00000000000477d4                MoveMsg::SetData(void*)
                0x00000000000477d4                MacroProgCallMsg::GetData(void*)
                0x00000000000477d4                ArcMsg::SetData(void*)
                0x00000000000477d4                ClearCirclePosMsg::GetData(void*)
                0x00000000000477d4                ErrorMsg::SetData(void*)
                0x00000000000477d4                AuxMsg::SetData(void*)
                0x00000000000477d4                SpeedMsg::SetData(void*)
                0x00000000000477d8                ErrorMsg::GetOutputData(GCodeFrame*, unsigned int, bool)
                0x00000000000477d8                AuxMsg::GetOutputData(GCodeFrame*, unsigned int, bool)
                0x00000000000477d8                TorqueCtrlMsg::GetOutputData(GCodeFrame*, unsigned int, bool)
                0x00000000000477d8                ModeMsg::GetOutputData(GCodeFrame*, unsigned int, bool)
                0x00000000000477d8                SubProgReturnMsg::GetOutputData(GCodeFrame*, unsigned int, bool)
                0x00000000000477d8                MacroProgCallMsg::GetOutputData(GCodeFrame*, unsigned int, bool)
                0x00000000000477d8                MoveMsg::GetOutputData(GCodeFrame*, unsigned int, bool)
                0x00000000000477d8                RestartOverMsg::GetOutputData(GCodeFrame*, unsigned int, bool)
                0x00000000000477d8                SpeedMsg::GetOutputData(GCodeFrame*, unsigned int, bool)
                0x00000000000477d8                LoopMsg::GetOutputData(GCodeFrame*, unsigned int, bool)
                0x00000000000477d8                RefReturnMsg::GetOutputData(GCodeFrame*, unsigned int, bool)
                0x00000000000477d8                FeedMsg::GetOutputData(GCodeFrame*, unsigned int, bool)
                0x00000000000477d8                TimeWaitMsg::GetOutputData(GCodeFrame*, unsigned int, bool)
                0x00000000000477d8                SubProgCallMsg::GetOutputData(GCodeFrame*, unsigned int, bool)
                0x00000000000477d8                ClearCirclePosMsg::GetOutputData(GCodeFrame*, unsigned int, bool)
                0x00000000000477d8                ToolMsg::GetOutputData(GCodeFrame*, unsigned int, bool)
                0x00000000000477d8                SpeedCtrlMsg::GetOutputData(GCodeFrame*, unsigned int, bool)
                0x00000000000477e0                CoordMsg::GetSimulateData(CompilerSimData&)
                0x0000000000047810                RefReturnMsg::GetSimulateData(CompilerSimData&)
                0x0000000000047840                CompensateMsg::GetSimulateData(CompilerSimData&)
                0x0000000000047880                RapidMsg::~RapidMsg()
                0x0000000000047880                RapidMsg::~RapidMsg()
                0x0000000000047884                RapidMsg::GetSimulateData(CompilerSimData&)
                0x00000000000478b4                LineMsg::~LineMsg()
                0x00000000000478b4                LineMsg::~LineMsg()
                0x00000000000478b8                LineMsg::GetSimulateData(CompilerSimData&)
                0x00000000000478e8                MacroCmdMsg::GetOutputData(GCodeFrame*, unsigned int, bool)
                0x00000000000478e8                PolarIntpMsg::GetOutputData(GCodeFrame*, unsigned int, bool)
                0x00000000000478e8                SpindleCheckMsg::GetOutputData(GCodeFrame*, unsigned int, bool)
                0x00000000000478f0                RapidMsg::~RapidMsg()
                0x0000000000047908                LineMsg::~LineMsg()
                0x0000000000047920                ErrorMsg::PrintString()
                0x000000000004794c                RestartOverMsg::PrintString()
                0x000000000004795c                ModeMsg::PrintString()
                0x0000000000047988                MoveMsg::PrintString()
                0x00000000000479b8                CoordMsg::PrintString()
                0x00000000000479e4                LoopMsg::PrintString()
                0x0000000000047a10                FeedMsg::PrintString()
                0x0000000000047a44                SpeedMsg::PrintString()
                0x0000000000047a70                ToolMsg::PrintString()
                0x0000000000047a9c                TimeWaitMsg::PrintString()
                0x0000000000047ac8                RefReturnMsg::PrintString()
                0x0000000000047ad8                SkipMsg::PrintString()
                0x0000000000047ae8                AutoToolMeasureMsg::PrintString()
                0x0000000000047af8                AuxMsg::PrintString()
                0x0000000000047b24                SubProgCallMsg::PrintString()
                0x0000000000047b5c                MacroProgCallMsg::PrintString()
                0x0000000000047b8c                SubProgReturnMsg::PrintString()
                0x0000000000047b9c                CompensateMsg::PrintString()
                0x0000000000047be0                RapidMsg::PrintString()
                0x0000000000047c1c                LineMsg::PrintString()
                0x0000000000047c58                ArcMsg::PrintString()
                0x0000000000047ca0                SpindleCheckMsg::PrintString()
                0x0000000000047cb0                MacroCmdMsg::PrintString()
                0x0000000000047cc0                PolarIntpMsg::PrintString()
                0x0000000000047cd0                ClearCirclePosMsg::PrintString()
                0x0000000000047cfc                SpeedCtrlMsg::PrintString()
                0x0000000000047d58                TorqueCtrlMsg::PrintString()
                0x0000000000047db4                RapidMsg::GetOutputData(GCodeFrame*, unsigned int, bool)
                0x0000000000047f10                LineMsg::GetOutputData(GCodeFrame*, unsigned int, bool)
                0x0000000000048098                ArcMsg::GetOutputData(GCodeFrame*, unsigned int, bool)
                0x0000000000048318                ArcMsg::GetSimulateData(CompilerSimData&)
                0x00000000000483f4                MacroProgCallMsg::~MacroProgCallMsg()
                0x00000000000483f4                MacroProgCallMsg::~MacroProgCallMsg()
                0x0000000000048420                MacroProgCallMsg::~MacroProgCallMsg()
                0x0000000000048458                SpeedCtrlMsg::~SpeedCtrlMsg()
                0x0000000000048458                SpeedCtrlMsg::~SpeedCtrlMsg()
                0x0000000000048484                SpeedCtrlMsg::~SpeedCtrlMsg()
                0x00000000000484bc                TorqueCtrlMsg::~TorqueCtrlMsg()
                0x00000000000484bc                TorqueCtrlMsg::~TorqueCtrlMsg()
                0x00000000000484e8                TorqueCtrlMsg::~TorqueCtrlMsg()
                0x0000000000048520                CoordMsg::GetOutputData(GCodeFrame*, unsigned int, bool)
                0x0000000000048698                CompensateMsg::GetOutputData(GCodeFrame*, unsigned int, bool)
                0x0000000000048838                RecordMsg::RecordMsg()
                0x0000000000048838                RecordMsg::RecordMsg()
                0x0000000000048864                RecordMsg::~RecordMsg()
                0x0000000000048864                RecordMsg::~RecordMsg()
                0x0000000000048868                RecordMsg::~RecordMsg()
                0x0000000000048880                RecordMsg::SetFlag(RecordFlag, bool)
                0x00000000000488a0                RecordMsg::operator=(RecordMsg const&)
                0x00000000000488c4                operator==(RecordMsg const&, RecordMsg&)
                0x0000000000048914                ErrorMsg::ErrorMsg(int)
                0x0000000000048914                ErrorMsg::ErrorMsg(int)
                0x0000000000048950                ErrorMsg::ErrorMsg()
                0x0000000000048950                ErrorMsg::ErrorMsg()
                0x000000000004898c                ErrorMsg::operator=(ErrorMsg const&)
                0x00000000000489c4                operator==(ErrorMsg const&, ErrorMsg&)
                0x0000000000048a38                RestartOverMsg::RestartOverMsg()
                0x0000000000048a38                RestartOverMsg::RestartOverMsg()
                0x0000000000048a6c                RestartOverMsg::operator=(RestartOverMsg const&)
                0x0000000000048a90                operator==(RestartOverMsg const&, RestartOverMsg&)
                0x0000000000048ae0                ModeMsg::ModeMsg(int)
                0x0000000000048ae0                ModeMsg::ModeMsg(int)
                0x0000000000048b18                ModeMsg::operator=(ModeMsg const&)
                0x0000000000048b50                operator==(ModeMsg const&, ModeMsg&)
                0x0000000000048bc4                MoveMsg::MoveMsg(int)
                0x0000000000048bc4                MoveMsg::MoveMsg(int)
                0x0000000000048c00                MoveMsg::operator=(MoveMsg const&)
                0x0000000000048c40                operator==(MoveMsg const&, MoveMsg&)
                0x0000000000048cc4                CoordMsg::CoordMsg(DPointChn const&, DPointChn const&, int, unsigned int)
                0x0000000000048cc4                CoordMsg::CoordMsg(DPointChn const&, DPointChn const&, int, unsigned int)
                0x0000000000048d80                CoordMsg::operator=(CoordMsg const&)
                0x0000000000048dd0                operator==(CoordMsg const&, CoordMsg&)
                0x0000000000048e5c                LoopMsg::LoopMsg(int, double*, unsigned char, unsigned int)
                0x0000000000048e5c                LoopMsg::LoopMsg(int, double*, unsigned char, unsigned int)
                0x0000000000048ea4                LoopMsg::GetMacroProgIndex()
                0x0000000000048fa4                LoopMsg::GetMacroProgName(char*, bool)
                0x0000000000049464                LoopMsg::GetParameter(unsigned int&, unsigned char&)
                0x000000000004947c                LoopMsg::SetLastProgFile(char*)
                0x00000000000494a8                LoopMsg::GetLastProgFile(char*)
                0x00000000000494bc                LoopMsg::operator=(LoopMsg const&)
                0x0000000000049560                operator==(LoopMsg const&, LoopMsg&)
                0x000000000004964c                FeedMsg::FeedMsg(double, double)
                0x000000000004964c                FeedMsg::FeedMsg(double, double)
                0x0000000000049688                FeedMsg::operator=(FeedMsg const&)
                0x00000000000496c0                operator==(FeedMsg const&, FeedMsg&)
                0x000000000004973c                SpeedMsg::SpeedMsg(double)
                0x000000000004973c                SpeedMsg::SpeedMsg(double)
                0x0000000000049774                SpeedMsg::operator=(SpeedMsg const&)
                0x00000000000497a4                operator==(SpeedMsg const&, SpeedMsg&)
                0x000000000004980c                ToolMsg::ToolMsg(int*, unsigned char)
                0x000000000004980c                ToolMsg::ToolMsg(int*, unsigned char)
                0x0000000000049870                ToolMsg::IsFirstExec()
                0x00000000000498c0                ToolMsg::GetSubProgName(char*, bool)
                0x0000000000049cb0                ToolMsg::operator=(ToolMsg const&)
                0x0000000000049cec                operator==(ToolMsg const&, ToolMsg&)
                0x0000000000049d80                TimeWaitMsg::TimeWaitMsg(unsigned int)
                0x0000000000049d80                TimeWaitMsg::TimeWaitMsg(unsigned int)
                0x0000000000049dc4                TimeWaitMsg::operator=(TimeWaitMsg const&)
                0x0000000000049df4                operator==(TimeWaitMsg const&, TimeWaitMsg&)
                0x0000000000049e58                RefReturnMsg::RefReturnMsg(int, unsigned int, DPointChn&)
                0x0000000000049e58                RefReturnMsg::RefReturnMsg(int, unsigned int, DPointChn&)
                0x0000000000049ed4                RefReturnMsg::operator=(RefReturnMsg const&)
                0x0000000000049f1c                operator==(RefReturnMsg const&, RefReturnMsg&)
                0x0000000000049f88                SkipMsg::operator=(SkipMsg const&)
                0x0000000000049fec                operator==(SkipMsg const&, SkipMsg&)
                0x000000000004a0a0                AutoToolMeasureMsg::AutoToolMeasureMsg(DPointChn const&, unsigned int, int, int)
                0x000000000004a0a0                AutoToolMeasureMsg::AutoToolMeasureMsg(DPointChn const&, unsigned int, int, int)
                0x000000000004a134                AutoToolMeasureMsg::GetMacroProgName(char*, bool)
                0x000000000004a344                AutoToolMeasureMsg::operator=(AutoToolMeasureMsg const&)
                0x000000000004a394                operator==(AutoToolMeasureMsg const&, AutoToolMeasureMsg&)
                0x000000000004a430                AuxMsg::AuxMsg(int)
                0x000000000004a430                AuxMsg::AuxMsg(int)
                0x000000000004a498                AuxMsg::AuxMsg(int*, unsigned char)
                0x000000000004a498                AuxMsg::AuxMsg(int*, unsigned char)
                0x000000000004a53c                AuxMsg::IsFirstExec()
                0x000000000004a58c                AuxMsg::operator=(AuxMsg const&)
                0x000000000004a5f0                operator==(AuxMsg const&, AuxMsg&)
                0x000000000004a69c                SubProgCallMsg::SubProgCallMsg(int, int)
                0x000000000004a69c                SubProgCallMsg::SubProgCallMsg(int, int)
                0x000000000004a6f4                SubProgCallMsg::SetLastProgFile(char*)
                0x000000000004a720                SubProgCallMsg::GetLastProgFile(char*)
                0x000000000004a734                SubProgCallMsg::GetSubProgName(char*, bool)
                0x000000000004ab24                SubProgCallMsg::operator=(SubProgCallMsg const&)
                0x000000000004ab8c                operator==(SubProgCallMsg const&, SubProgCallMsg&)
                0x000000000004ac20                MacroProgCallMsg::MacroProgCallMsg(int, int, double*, unsigned char, unsigned int)
                0x000000000004ac20                MacroProgCallMsg::MacroProgCallMsg(int, int, double*, unsigned char, unsigned int)
                0x000000000004ac78                MacroProgCallMsg::GetParameter(unsigned int&, unsigned char&)
                0x000000000004ac90                MacroProgCallMsg::SetLastProgFile(char*)
                0x000000000004acbc                MacroProgCallMsg::GetLastProgFile(char*)
                0x000000000004acd0                MacroProgCallMsg::GetMacroProgName(char*, bool)
                0x000000000004b0c0                MacroProgCallMsg::operator=(MacroProgCallMsg const&)
                0x000000000004b174                operator==(MacroProgCallMsg const&, MacroProgCallMsg&)
                0x000000000004b280                SubProgReturnMsg::SubProgReturnMsg(char*, bool)
                0x000000000004b280                SubProgReturnMsg::SubProgReturnMsg(char*, bool)
                0x000000000004b2d0                SubProgReturnMsg::operator=(SubProgReturnMsg const&)
                0x000000000004b320                operator==(SubProgReturnMsg const&, SubProgReturnMsg&)
                0x000000000004b390                CompensateMsg::operator=(CompensateMsg const&)
                0x000000000004b3f4                operator==(CompensateMsg const&, CompensateMsg&)
                0x000000000004b494                RapidMsg::RapidMsg(DPointChn const&, DPointChn const&, unsigned int)
                0x000000000004b494                RapidMsg::RapidMsg(DPointChn const&, DPointChn const&, unsigned int)
                0x000000000004b550                RapidMsg::SetPmcAxisData(unsigned char)
                0x000000000004b568                RapidMsg::RefreshTargetPos(DPointChn&)
                0x000000000004b5c0                RapidMsg::operator=(RapidMsg const&)
                0x000000000004b624                operator==(RapidMsg const&, RapidMsg&)
                0x000000000004b6b4                LineMsg::LineMsg(DPointChn const&, DPointChn const&, double, unsigned int)
                0x000000000004b6b4                LineMsg::LineMsg(DPointChn const&, DPointChn const&, double, unsigned int)
                0x000000000004b784                SkipMsg::SkipMsg(DPointChn const&, DPointChn const&, double, unsigned int)
                0x000000000004b784                SkipMsg::SkipMsg(DPointChn const&, DPointChn const&, double, unsigned int)
                0x000000000004b7c0                CompensateMsg::CompensateMsg(int, unsigned short, DPointChn const&, DPointChn const&, unsigned int, double, unsigned char)
                0x000000000004b7c0                CompensateMsg::CompensateMsg(int, unsigned short, DPointChn const&, DPointChn const&, unsigned int, double, unsigned char)
                0x000000000004b828                LineMsg::SetPmcAxisData(unsigned char)
                0x000000000004b858                LineMsg::RefreshTargetPos(DPointChn&)
                0x000000000004b8fc                LineMsg::operator=(LineMsg const&)
                0x000000000004b960                operator==(LineMsg const&, LineMsg&)
                0x000000000004b9f0                ArcMsg::ArcMsg(int, DPointChn const&, DPointChn const&, DPointChn const&, double const&, double, unsigned int, signed char, signed char, signed char)
                0x000000000004b9f0                ArcMsg::ArcMsg(int, DPointChn const&, DPointChn const&, DPointChn const&, double const&, double, unsigned int, signed char, signed char, signed char)
                0x000000000004bafc                ArcMsg::CalArcCenter(DPointChn const&, DPointChn const&, double const&, signed char, unsigned short, DPointChn&)
                0x000000000004bcd8                ArcMsg::RefreshTargetPos(DPointChn&)
                0x000000000004bdc8                ArcMsg::operator=(ArcMsg const&)
                0x000000000004be50                operator==(ArcMsg const&, ArcMsg&)
                0x000000000004bf34                SpindleCheckMsg::SpindleCheckMsg(int, int, int, int, int)
                0x000000000004bf34                SpindleCheckMsg::SpindleCheckMsg(int, int, int, int, int)
                0x000000000004bf84                SpindleCheckMsg::operator=(SpindleCheckMsg const&)
                0x000000000004bfcc                operator==(SpindleCheckMsg const&, SpindleCheckMsg&)
                0x000000000004c070                MacroCmdMsg::operator=(MacroCmdMsg&)
                0x000000000004c0dc                operator==(MacroCmdMsg&, MacroCmdMsg&)
                0x000000000004c160                PolarIntpMsg::PolarIntpMsg(int, int, int, int, int, int, int, int, int)
                0x000000000004c160                PolarIntpMsg::PolarIntpMsg(int, int, int, int, int, int, int, int, int)
                0x000000000004c1d8                PolarIntpMsg::operator=(PolarIntpMsg const&)
                0x000000000004c240                operator==(PolarIntpMsg const&, PolarIntpMsg&)
                0x000000000004c324                ClearCirclePosMsg::ClearCirclePosMsg(int, unsigned int, int)
                0x000000000004c324                ClearCirclePosMsg::ClearCirclePosMsg(int, unsigned int, int)
                0x000000000004c370                ClearCirclePosMsg::operator=(ClearCirclePosMsg const&)
                0x000000000004c3b0                operator==(ClearCirclePosMsg const&, ClearCirclePosMsg&)
                0x000000000004c434                SpeedCtrlMsg::SpeedCtrlMsg(int, double*, unsigned char, unsigned int)
                0x000000000004c434                SpeedCtrlMsg::SpeedCtrlMsg(int, double*, unsigned char, unsigned int)
                0x000000000004c50c                SpeedCtrlMsg::GetTargetValue(unsigned char&, unsigned int&)
                0x000000000004c524                SpeedCtrlMsg::operator=(SpeedCtrlMsg const&)
                0x000000000004c5b4                operator==(SpeedCtrlMsg const&, SpeedCtrlMsg&)
                0x000000000004c67c                TorqueCtrlMsg::TorqueCtrlMsg(int, double*, unsigned char, unsigned int, unsigned int)
                0x000000000004c67c                TorqueCtrlMsg::TorqueCtrlMsg(int, double*, unsigned char, unsigned int, unsigned int)
                0x000000000004c764                TorqueCtrlMsg::GetTargetValue(unsigned char&, unsigned int&)
                0x000000000004c77c                TorqueCtrlMsg::operator=(TorqueCtrlMsg const&)
                0x000000000004c810                operator==(TorqueCtrlMsg const&, TorqueCtrlMsg&)
                0x000000000004c8ec                MacroCmdMsg::MacroCmdMsg(LexerMacroCmd*)
                0x000000000004c8ec                MacroCmdMsg::MacroCmdMsg(LexerMacroCmd*)
 .text._ZN9RecordMsg15GetSimulateDataER15CompilerSimData
                0x000000000004cc60        0x8 ./src/compiler/compile_message.o
                0x000000000004cc60                RecordMsg::GetSimulateData(CompilerSimData&)
 .text._ZN7SkipMsgD2Ev
                0x000000000004cc68        0x4 ./src/compiler/compile_message.o
                0x000000000004cc68                SkipMsg::~SkipMsg()
                0x000000000004cc68                SkipMsg::~SkipMsg()
 .text._ZN7ModeMsgD2Ev
                0x000000000004cc6c        0x4 ./src/compiler/compile_message.o
                0x000000000004cc6c                ModeMsg::~ModeMsg()
                0x000000000004cc6c                ModeMsg::~ModeMsg()
 .text._ZN18AutoToolMeasureMsgD2Ev
                0x000000000004cc70        0x4 ./src/compiler/compile_message.o
                0x000000000004cc70                AutoToolMeasureMsg::~AutoToolMeasureMsg()
                0x000000000004cc70                AutoToolMeasureMsg::~AutoToolMeasureMsg()
 .text._ZN6AuxMsgD2Ev
                0x000000000004cc74        0x4 ./src/compiler/compile_message.o
                0x000000000004cc74                AuxMsg::~AuxMsg()
                0x000000000004cc74                AuxMsg::~AuxMsg()
 .text._ZN7MoveMsgD2Ev
                0x000000000004cc78        0x4 ./src/compiler/compile_message.o
                0x000000000004cc78                MoveMsg::~MoveMsg()
                0x000000000004cc78                MoveMsg::~MoveMsg()
 .text._ZN17ClearCirclePosMsgD2Ev
                0x000000000004cc7c        0x4 ./src/compiler/compile_message.o
                0x000000000004cc7c                ClearCirclePosMsg::~ClearCirclePosMsg()
                0x000000000004cc7c                ClearCirclePosMsg::~ClearCirclePosMsg()
 .text._ZN12PolarIntpMsgD2Ev
                0x000000000004cc80        0x4 ./src/compiler/compile_message.o
                0x000000000004cc80                PolarIntpMsg::~PolarIntpMsg()
                0x000000000004cc80                PolarIntpMsg::~PolarIntpMsg()
 .text._ZN15SpindleCheckMsgD2Ev
                0x000000000004cc84        0x4 ./src/compiler/compile_message.o
                0x000000000004cc84                SpindleCheckMsg::~SpindleCheckMsg()
                0x000000000004cc84                SpindleCheckMsg::~SpindleCheckMsg()
 .text._ZN6ArcMsgD2Ev
                0x000000000004cc88        0x4 ./src/compiler/compile_message.o
                0x000000000004cc88                ArcMsg::~ArcMsg()
                0x000000000004cc88                ArcMsg::~ArcMsg()
 .text._ZN13CompensateMsgD2Ev
                0x000000000004cc8c        0x4 ./src/compiler/compile_message.o
                0x000000000004cc8c                CompensateMsg::~CompensateMsg()
                0x000000000004cc8c                CompensateMsg::~CompensateMsg()
 .text._ZN7LoopMsgD2Ev
                0x000000000004cc90        0x4 ./src/compiler/compile_message.o
                0x000000000004cc90                LoopMsg::~LoopMsg()
                0x000000000004cc90                LoopMsg::~LoopMsg()
 .text._ZN16SubProgReturnMsgD2Ev
                0x000000000004cc94        0x4 ./src/compiler/compile_message.o
                0x000000000004cc94                SubProgReturnMsg::~SubProgReturnMsg()
                0x000000000004cc94                SubProgReturnMsg::~SubProgReturnMsg()
 .text._ZN14SubProgCallMsgD2Ev
                0x000000000004cc98        0x4 ./src/compiler/compile_message.o
                0x000000000004cc98                SubProgCallMsg::~SubProgCallMsg()
                0x000000000004cc98                SubProgCallMsg::~SubProgCallMsg()
 .text._ZN12RefReturnMsgD2Ev
                0x000000000004cc9c        0x4 ./src/compiler/compile_message.o
                0x000000000004cc9c                RefReturnMsg::~RefReturnMsg()
                0x000000000004cc9c                RefReturnMsg::~RefReturnMsg()
 .text._ZN11TimeWaitMsgD2Ev
                0x000000000004cca0        0x4 ./src/compiler/compile_message.o
                0x000000000004cca0                TimeWaitMsg::~TimeWaitMsg()
                0x000000000004cca0                TimeWaitMsg::~TimeWaitMsg()
 .text._ZN7ToolMsgD2Ev
                0x000000000004cca4        0x4 ./src/compiler/compile_message.o
                0x000000000004cca4                ToolMsg::~ToolMsg()
                0x000000000004cca4                ToolMsg::~ToolMsg()
 .text._ZN8SpeedMsgD2Ev
                0x000000000004cca8        0x4 ./src/compiler/compile_message.o
                0x000000000004cca8                SpeedMsg::~SpeedMsg()
                0x000000000004cca8                SpeedMsg::~SpeedMsg()
 .text._ZN7FeedMsgD2Ev
                0x000000000004ccac        0x4 ./src/compiler/compile_message.o
                0x000000000004ccac                FeedMsg::~FeedMsg()
                0x000000000004ccac                FeedMsg::~FeedMsg()
 .text._ZN8CoordMsgD2Ev
                0x000000000004ccb0        0x4 ./src/compiler/compile_message.o
                0x000000000004ccb0                CoordMsg::~CoordMsg()
                0x000000000004ccb0                CoordMsg::~CoordMsg()
 .text._ZN14RestartOverMsgD2Ev
                0x000000000004ccb4        0x4 ./src/compiler/compile_message.o
                0x000000000004ccb4                RestartOverMsg::~RestartOverMsg()
                0x000000000004ccb4                RestartOverMsg::~RestartOverMsg()
 .text._ZN8ErrorMsgD2Ev
                0x000000000004ccb8        0x4 ./src/compiler/compile_message.o
                0x000000000004ccb8                ErrorMsg::~ErrorMsg()
                0x000000000004ccb8                ErrorMsg::~ErrorMsg()
 .text._ZN7ModeMsgD0Ev
                0x000000000004ccbc       0x18 ./src/compiler/compile_message.o
                0x000000000004ccbc                ModeMsg::~ModeMsg()
 .text._ZN7MoveMsgD0Ev
                0x000000000004ccd4       0x18 ./src/compiler/compile_message.o
                0x000000000004ccd4                MoveMsg::~MoveMsg()
 .text._ZN13CompensateMsgD0Ev
                0x000000000004ccec       0x18 ./src/compiler/compile_message.o
                0x000000000004ccec                CompensateMsg::~CompensateMsg()
 .text._ZN7SkipMsgD0Ev
                0x000000000004cd04       0x18 ./src/compiler/compile_message.o
                0x000000000004cd04                SkipMsg::~SkipMsg()
 .text._ZN6ArcMsgD0Ev
                0x000000000004cd1c       0x18 ./src/compiler/compile_message.o
                0x000000000004cd1c                ArcMsg::~ArcMsg()
 .text._ZN17ClearCirclePosMsgD0Ev
                0x000000000004cd34       0x18 ./src/compiler/compile_message.o
                0x000000000004cd34                ClearCirclePosMsg::~ClearCirclePosMsg()
 .text._ZN12PolarIntpMsgD0Ev
                0x000000000004cd4c       0x18 ./src/compiler/compile_message.o
                0x000000000004cd4c                PolarIntpMsg::~PolarIntpMsg()
 .text._ZN15SpindleCheckMsgD0Ev
                0x000000000004cd64       0x18 ./src/compiler/compile_message.o
                0x000000000004cd64                SpindleCheckMsg::~SpindleCheckMsg()
 .text._ZN18AutoToolMeasureMsgD0Ev
                0x000000000004cd7c       0x18 ./src/compiler/compile_message.o
                0x000000000004cd7c                AutoToolMeasureMsg::~AutoToolMeasureMsg()
 .text._ZN7LoopMsgD0Ev
                0x000000000004cd94       0x18 ./src/compiler/compile_message.o
                0x000000000004cd94                LoopMsg::~LoopMsg()
 .text._ZN12RefReturnMsgD0Ev
                0x000000000004cdac       0x18 ./src/compiler/compile_message.o
                0x000000000004cdac                RefReturnMsg::~RefReturnMsg()
 .text._ZN11TimeWaitMsgD0Ev
                0x000000000004cdc4       0x18 ./src/compiler/compile_message.o
                0x000000000004cdc4                TimeWaitMsg::~TimeWaitMsg()
 .text._ZN8CoordMsgD0Ev
                0x000000000004cddc       0x18 ./src/compiler/compile_message.o
                0x000000000004cddc                CoordMsg::~CoordMsg()
 .text._ZN6AuxMsgD0Ev
                0x000000000004cdf4       0x18 ./src/compiler/compile_message.o
                0x000000000004cdf4                AuxMsg::~AuxMsg()
 .text._ZN16SubProgReturnMsgD0Ev
                0x000000000004ce0c       0x18 ./src/compiler/compile_message.o
                0x000000000004ce0c                SubProgReturnMsg::~SubProgReturnMsg()
 .text._ZN14SubProgCallMsgD0Ev
                0x000000000004ce24       0x18 ./src/compiler/compile_message.o
                0x000000000004ce24                SubProgCallMsg::~SubProgCallMsg()
 .text._ZN7ToolMsgD0Ev
                0x000000000004ce3c       0x18 ./src/compiler/compile_message.o
                0x000000000004ce3c                ToolMsg::~ToolMsg()
 .text._ZN8SpeedMsgD0Ev
                0x000000000004ce54       0x18 ./src/compiler/compile_message.o
                0x000000000004ce54                SpeedMsg::~SpeedMsg()
 .text._ZN7FeedMsgD0Ev
                0x000000000004ce6c       0x18 ./src/compiler/compile_message.o
                0x000000000004ce6c                FeedMsg::~FeedMsg()
 .text._ZN14RestartOverMsgD0Ev
                0x000000000004ce84       0x18 ./src/compiler/compile_message.o
                0x000000000004ce84                RestartOverMsg::~RestartOverMsg()
 .text._ZN8ErrorMsgD0Ev
                0x000000000004ce9c       0x18 ./src/compiler/compile_message.o
                0x000000000004ce9c                ErrorMsg::~ErrorMsg()
 .text._ZNSt11_Deque_baseI8MacroRecSaIS0_EED2Ev
                0x000000000004ceb4       0x48 ./src/compiler/compile_message.o
                0x000000000004ceb4                std::_Deque_base<MacroRec, std::allocator<MacroRec> >::~_Deque_base()
                0x000000000004ceb4                std::_Deque_base<MacroRec, std::allocator<MacroRec> >::~_Deque_base()
 .text._ZN11MacroCmdMsgD2Ev
                0x000000000004cefc       0x28 ./src/compiler/compile_message.o
                0x000000000004cefc                MacroCmdMsg::~MacroCmdMsg()
                0x000000000004cefc                MacroCmdMsg::~MacroCmdMsg()
 .text._ZN11MacroCmdMsgD0Ev
                0x000000000004cf24       0x34 ./src/compiler/compile_message.o
                0x000000000004cf24                MacroCmdMsg::~MacroCmdMsg()
 .text          0x000000000004cf58     0x9354 ./src/compiler/compiler.o
                0x000000000004e4e0                Compiler::SetCurPos(DPoint const&)
                0x000000000004e568                Compiler::SetCurPos(DPointChn const&)
                0x000000000004e580                Compiler::SetCurGMode()
                0x000000000004e5cc                Compiler::GetPreScanLine(char*, unsigned long long&, AsFileMapInfo&)
                0x000000000004e8ec                Compiler::PreScanLine2(char*, unsigned long long, unsigned long long, bool&, CompilerScene*)
                0x000000000004eb28                Compiler::OpenFile(char const*, bool)
                0x000000000004ef88                Compiler::CompileOver()
                0x000000000004f148                Compiler::RecycleCompile()
                0x000000000004f1cc                Compiler::ResetState()
                0x000000000004f250                Compiler::DoIdle()
                0x000000000004f254                Compiler::IsNewLineChar(char*)
                0x000000000004f270                Compiler::GetCurNcFile(char*)
                0x000000000004f288                Compiler::GetLineData()
                0x000000000004f2ac                Compiler::RunModeMsg(RecordMsg*)
                0x000000000004f390                Compiler::RunFeedMsg(RecordMsg*)
                0x000000000004f3a8                Compiler::RunSpeedMsg(RecordMsg*)
                0x000000000004f3c0                Compiler::RunPolarIntpMsg(RecordMsg*)
                0x000000000004f404                Compiler::RunTimeWaitMsg(RecordMsg*)
                0x000000000004f41c                Compiler::RunRefReturnMsg(RecordMsg*)
                0x000000000004f4b8                Compiler::RunSkipMsg(RecordMsg*)